Component: ARM Compiler 5.06 update 4 (build 422) Tool: armlink [4d35d2]

==============================================================================

Section Cross References

    startup_stm32f405xx.o(RESET) refers to startup_stm32f405xx.o(STACK) for __initial_sp
    startup_stm32f405xx.o(RESET) refers to startup_stm32f405xx.o(.text) for Reset_Handler
    startup_stm32f405xx.o(RESET) refers to stm32f4xx_it.o(i.NMI_Handler) for NMI_Handler
    startup_stm32f405xx.o(RESET) refers to stm32f4xx_it.o(i.HardFault_Handler) for HardFault_Handler
    startup_stm32f405xx.o(RESET) refers to stm32f4xx_it.o(i.MemManage_Handler) for MemManage_Handler
    startup_stm32f405xx.o(RESET) refers to stm32f4xx_it.o(i.BusFault_Handler) for BusFault_Handler
    startup_stm32f405xx.o(RESET) refers to stm32f4xx_it.o(i.UsageFault_Handler) for UsageFault_Handler
    startup_stm32f405xx.o(RESET) refers to stm32f4xx_it.o(i.SVC_Handler) for SVC_Handler
    startup_stm32f405xx.o(RESET) refers to stm32f4xx_it.o(i.DebugMon_Handler) for DebugMon_Handler
    startup_stm32f405xx.o(RESET) refers to stm32f4xx_it.o(i.PendSV_Handler) for PendSV_Handler
    startup_stm32f405xx.o(RESET) refers to stm32f4xx_it.o(i.SysTick_Handler) for SysTick_Handler
    startup_stm32f405xx.o(RESET) refers to stm32f4xx_it.o(i.EXTI0_IRQHandler) for EXTI0_IRQHandler
    startup_stm32f405xx.o(RESET) refers to stm32f4xx_it.o(i.CAN1_TX_IRQHandler) for CAN1_TX_IRQHandler
    startup_stm32f405xx.o(RESET) refers to stm32f4xx_it.o(i.CAN1_RX0_IRQHandler) for CAN1_RX0_IRQHandler
    startup_stm32f405xx.o(RESET) refers to stm32f4xx_it.o(i.TIM2_IRQHandler) for TIM2_IRQHandler
    startup_stm32f405xx.o(RESET) refers to stm32f4xx_it.o(i.TIM4_IRQHandler) for TIM4_IRQHandler
    startup_stm32f405xx.o(RESET) refers to stm32f4xx_it.o(i.USART2_IRQHandler) for USART2_IRQHandler
    startup_stm32f405xx.o(RESET) refers to stm32f4xx_it.o(i.USART3_IRQHandler) for USART3_IRQHandler
    startup_stm32f405xx.o(RESET) refers to stm32f4xx_it.o(i.CAN2_TX_IRQHandler) for CAN2_TX_IRQHandler
    startup_stm32f405xx.o(.text) refers to system_stm32f4xx.o(i.SystemInit) for SystemInit
    startup_stm32f405xx.o(.text) refers to entry.o(.ARM.Collect$$$$00000000) for __main
    system_stm32f4xx.o(i.SystemCoreClockUpdate) refers to system_stm32f4xx.o(.data) for .data
    system_stm32f4xx.o(i.SystemCoreClockUpdate) refers to system_stm32f4xx.o(.constdata) for .constdata
    stm32f4xx_hal.o(i.HAL_DeInit) refers to stm32f4xx_hal.o(i.HAL_MspDeInit) for HAL_MspDeInit
    stm32f4xx_hal.o(i.HAL_Delay) refers to stm32f4xx_hal.o(i.HAL_GetTick) for HAL_GetTick
    stm32f4xx_hal.o(i.HAL_Delay) refers to stm32f4xx_hal.o(.data) for .data
    stm32f4xx_hal.o(i.HAL_GetTick) refers to stm32f4xx_hal.o(.data) for .data
    stm32f4xx_hal.o(i.HAL_GetTickFreq) refers to stm32f4xx_hal.o(.data) for .data
    stm32f4xx_hal.o(i.HAL_GetTickPrio) refers to stm32f4xx_hal.o(.data) for .data
    stm32f4xx_hal.o(i.HAL_IncTick) refers to stm32f4xx_hal.o(.data) for .data
    stm32f4xx_hal.o(i.HAL_Init) refers to stm32f4xx_hal_cortex.o(i.HAL_NVIC_SetPriorityGrouping) for HAL_NVIC_SetPriorityGrouping
    stm32f4xx_hal.o(i.HAL_Init) refers to stm32f4xx_hal.o(i.HAL_InitTick) for HAL_InitTick
    stm32f4xx_hal.o(i.HAL_Init) refers to stm32f4xx_hal.o(i.HAL_MspInit) for HAL_MspInit
    stm32f4xx_hal.o(i.HAL_InitTick) refers to stm32f4xx_hal_cortex.o(i.HAL_SYSTICK_Config) for HAL_SYSTICK_Config
    stm32f4xx_hal.o(i.HAL_InitTick) refers to stm32f4xx_hal_cortex.o(i.HAL_NVIC_SetPriority) for HAL_NVIC_SetPriority
    stm32f4xx_hal.o(i.HAL_InitTick) refers to stm32f4xx_hal.o(.data) for .data
    stm32f4xx_hal.o(i.HAL_InitTick) refers to system_stm32f4xx.o(.data) for SystemCoreClock
    stm32f4xx_hal.o(i.HAL_SetTickFreq) refers to stm32f4xx_hal.o(i.HAL_InitTick) for HAL_InitTick
    stm32f4xx_hal.o(i.HAL_SetTickFreq) refers to stm32f4xx_hal.o(.data) for .data
    stm32f4xx_hal_adc.o(i.ADC_DMAConvCplt) refers to stm32f4xx_hal_adc.o(i.HAL_ADC_ErrorCallback) for HAL_ADC_ErrorCallback
    stm32f4xx_hal_adc.o(i.ADC_DMAConvCplt) refers to stm32f4xx_hal_adc.o(i.HAL_ADC_ConvCpltCallback) for HAL_ADC_ConvCpltCallback
    stm32f4xx_hal_adc.o(i.ADC_DMAError) refers to stm32f4xx_hal_adc.o(i.HAL_ADC_ErrorCallback) for HAL_ADC_ErrorCallback
    stm32f4xx_hal_adc.o(i.ADC_DMAHalfConvCplt) refers to stm32f4xx_hal_adc.o(i.HAL_ADC_ConvHalfCpltCallback) for HAL_ADC_ConvHalfCpltCallback
    stm32f4xx_hal_adc.o(i.HAL_ADC_ConfigChannel) refers to system_stm32f4xx.o(.data) for SystemCoreClock
    stm32f4xx_hal_adc.o(i.HAL_ADC_DeInit) refers to stm32f4xx_hal_adc.o(i.HAL_ADC_MspDeInit) for HAL_ADC_MspDeInit
    stm32f4xx_hal_adc.o(i.HAL_ADC_IRQHandler) refers to stm32f4xx_hal_adc.o(i.HAL_ADC_ConvCpltCallback) for HAL_ADC_ConvCpltCallback
    stm32f4xx_hal_adc.o(i.HAL_ADC_IRQHandler) refers to stm32f4xx_hal_adc_ex.o(i.HAL_ADCEx_InjectedConvCpltCallback) for HAL_ADCEx_InjectedConvCpltCallback
[...]

    BuildAttributes$$THM_ISAv4$E$P$D$K$B$S$7EM$VFPi3$EXTD16$VFPS$VFMA$PE$A:L22UL41UL21$X:L11$S22US41US21$IEEE1$IW$USESV6$~STKCKD$USESV7$~SHL$OTIME$ROPI$EBA8$MICROLIB$REQ8$PRES8$EABIv2 0x00000000   Number         0  anon$$obj.o ABSOLUTE
    __ARM_use_no_argv                        0x00000000   Number         0  main.o ABSOLUTE
    _printf_a                                0x00000000   Number         0  stubs.o ABSOLUTE
    _printf_c                                0x00000000   Number         0  stubs.o ABSOLUTE
    _printf_charcount                        0x00000000   Number         0  stubs.o ABSOLUTE
    _printf_d                                0x00000000   Number         0  stubs.o ABSOLUTE
    _printf_e                                0x00000000   Number         0  stubs.o ABSOLUTE
    _printf_f                                0x00000000   Number         0  stubs.o ABSOLUTE
    _printf_flags                            0x00000000   Number         0  stubs.o ABSOLUTE
    _printf_fp_dec                           0x00000000   Number         0  stubs.o ABSOLUTE
    _printf_fp_hex                           0x00000000   Number         0  stubs.o ABSOLUTE
    _printf_g                                0x00000000   Number         0  stubs.o ABSOLUTE
    _printf_i                                0x00000000   Number         0  stubs.o ABSOLUTE
    _printf_int_dec                          0x00000000   Number         0  stubs.o ABSOLUTE
    _printf_l                                0x00000000   Number         0  stubs.o ABSOLUTE
    _printf_lc                               0x00000000   Number         0  stubs.o ABSOLUTE
    _printf_ll                               0x00000000   Number         0  stubs.o ABSOLUTE
    _printf_lld                              0x00000000   Number         0  stubs.o ABSOLUTE
    _printf_lli                              0x00000000   Number         0  stubs.o ABSOLUTE
    _printf_llo                              0x00000000   Number         0  stubs.o ABSOLUTE
    _printf_llu                              0x00000000   Number         0  stubs.o ABSOLUTE
    _printf_llx                              0x00000000   Number         0  stubs.o ABSOLUTE
    _printf_longlong_dec                     0x00000000   Number         0  stubs.o ABSOLUTE
    _printf_longlong_hex                     0x00000000   Number         0  stubs.o ABSOLUTE
    _printf_longlong_oct                     0x00000000   Number         0  stubs.o ABSOLUTE
    _printf_ls                               0x00000000   Number         0  stubs.o ABSOLUTE
    _printf_mbtowc                           0x00000000   Number         0  stubs.o ABSOLUTE
    _printf_n                                0x00000000   Number         0  stubs.o ABSOLUTE
    _printf_o                                0x00000000   Number         0  stubs.o ABSOLUTE
    _printf_p                                0x00000000   Number         0  stubs.o ABSOLUTE
    _printf_percent                          0x00000000   Number         0  stubs.o ABSOLUTE
    _printf_pre_padding                      0x00000000   Number         0  stubs.o ABSOLUTE
    _printf_return_value                     0x00000000   Number         0  stubs.o ABSOLUTE
    _printf_s                                0x00000000   Number         0  stubs.o ABSOLUTE
    _printf_sizespec                         0x00000000   Number         0  stubs.o ABSOLUTE
    _printf_str                              0x00000000   Number         0  stubs.o ABSOLUTE
    _printf_truncate_signed                  0x00000000   Number         0  stubs.o ABSOLUTE
    _printf_truncate_unsigned                0x00000000   Number         0  stubs.o ABSOLUTE
    _printf_u                                0x00000000   Number         0  stubs.o ABSOLUTE
    _printf_wc                               0x00000000   Number         0  stubs.o ABSOLUTE
    _printf_wctomb                           0x00000000   Number         0  stubs.o ABSOLUTE
    _printf_widthprec                        0x00000000   Number         0  stubs.o ABSOLUTE
    _printf_x                                0x00000000   Number         0  stubs.o ABSOLUTE
    __cpp_initialize__aeabi_                  - Undefined Weak Reference
    __cxa_finalize                            - Undefined Weak Reference
    _clock_init                               - Undefined Weak Reference
    _microlib_exit                            - Undefined Weak Reference
    _scanf_longlong                           - Undefined Weak Reference
    _scanf_real                               - Undefined Weak Reference
    _scanf_string                             - Undefined Weak Reference
    __Vectors_Size                           0x00000188   Number         0  startup_stm32f405xx.o ABSOLUTE
    __Vectors                                0x08000000   Data           4  startup_stm32f405xx.o(RESET)
    __Vectors_End                            0x08000188   Data           0  startup_stm32f405xx.o(RESET)
    __main                                   0x08000189   Thumb Code     0  entry.o(.ARM.Collect$$$$00000000)
    _main_stk                                0x08000189   Thumb Code     0  entry2.o(.ARM.Collect$$$$00000001)
    _main_scatterload                        0x0800018d   Thumb Code     0  entry5.o(.ARM.Collect$$$$00000004)
    __main_after_scatterload                 0x08000191   Thumb Code     0  entry5.o(.ARM.Collect$$$$00000004)
    _main_clock                              0x08000191   Thumb Code     0  entry7b.o(.ARM.Collect$$$$00000008)
    _main_cpp_init                           0x08000191   Thumb Code     0  entry8b.o(.ARM.Collect$$$$0000000A)
    _main_init                               0x08000191   Thumb Code     0  entry9a.o(.ARM.Collect$$$$0000000B)
    __rt_final_cpp                           0x08000199   Thumb Code     0  entry10a.o(.ARM.Collect$$$$0000000D)
    __rt_final_exit                          0x08000199   Thumb Code     0  entry11a.o(.ARM.Collect$$$$0000000F)
    Reset_Handler                            0x0800019d   Thumb Code     8  startup_stm32f405xx.o(.text)
    ADC_IRQHandler                           0x080001b7   Thumb Code     0  startup_stm32f405xx.o(.text)
    CAN1_RX1_IRQHandler                      0x080001b7   Thumb Code     0  startup_stm32f405xx.o(.text)
    CAN1_SCE_IRQHandler                      0x080001b7   Thumb Code     0  startup_stm32f405xx.o(.text)
    CAN2_RX0_IRQHandler                      0x080001b7   Thumb Code     0  startup_stm32f405xx.o(.text)
    CAN2_RX1_IRQHandler                      0x080001b7   Thumb Code     0  startup_stm32f405xx.o(.text)
    CAN2_SCE_IRQHandler                      0x080001b7   Thumb Code     0  startup_stm32f405xx.o(.text)
    DMA1_Stream0_IRQHandler                  0x080001b7   Thumb Code     0  startup_stm32f405xx.o(.text)
    DMA1_Stream1_IRQHandler                  0x080001b7   Thumb Code     0  startup_stm32f405xx.o(.text)
    DMA1_Stream2_IRQHandler                  0x080001b7   Thumb Code     0  startup_stm32f405xx.o(.text)
    DMA1_Stream3_IRQHandler                  0x080001b7   Thumb Code     0  startup_stm32f405xx.o(.text)
    DMA1_Stream4_IRQHandler                  0x080001b7   Thumb Code     0  startup_stm32f405xx.o(.text)
    DMA1_Stream5_IRQHandler                  0x080001b7   Thumb Code     0  startup_stm32f405xx.o(.text)
    DMA1_Stream6_IRQHandler                  0x080001b7   Thumb Code     0  startup_stm32f405xx.o(.text)
    DMA1_Stream7_IRQHandler                  0x080001b7   Thumb Code     0  startup_stm32f405xx.o(.text)
    DMA2_Stream0_IRQHandler                  0x080001b7   Thumb Code     0  startup_stm32f405xx.o(.text)
    DMA2_Stream1_IRQHandler                  0x080001b7   Thumb Code     0  startup_stm32f405xx.o(.text)
    DMA2_Stream2_IRQHandler                  0x080001b7   Thumb Code     0  startup_stm32f405xx.o(.text)
    DMA2_Stream3_IRQHandler                  0x080001b7   Thumb Code     0  startup_stm32f405xx.o(.text)
    DMA2_Stream4_IRQHandler                  0x080001b7   Thumb Code     0  startup_stm32f405xx.o(.text)
    DMA2_Stream5_IRQHandler                  0x080001b7   Thumb Code     0  startup_stm32f405xx.o(.text)
    DMA2_Stream6_IRQHandler                  0x080001b7   Thumb Code     0  startup_stm32f405xx.o(.text)
    DMA2_Stream7_IRQHandler                  0x080001b7   Thumb Code     0  startup_stm32f405xx.o(.text)
    EXTI15_10_IRQHandler                     0x080001b7   Thumb Code     0  startup_stm32f405xx.o(.text)
    EXTI1_IRQHandler                         0x080001b7   Thumb Code     0  startup_stm32f405xx.o(.text)
    EXTI2_IRQHandler                         0x080001b7   Thumb Code     0  startup_stm32f405xx.o(.text)
    EXTI3_IRQHandler                         0x080001b7   Thumb Code     0  startup_stm32f405xx.o(.text)
    EXTI4_IRQHandler                         0x080001b7   Thumb Code     0  startup_stm32f405xx.o(.text)
    EXTI9_5_IRQHandler                       0x080001b7   Thumb Code     0  startup_stm32f405xx.o(.text)
    FLASH_IRQHandler                         0x080001b7   Thumb Code     0  startup_stm32f405xx.o(.text)
    FMC_IRQHandler                           0x080001b7   Thumb Code     0  startup_stm32f405xx.o(.text)
    FPU_IRQHandler                           0x080001b7   Thumb Code     0  startup_stm32f405xx.o(.text)
    HASH_RNG_IRQHandler                      0x080001b7   Thumb Code     0  startup_stm32f405xx.o(.text)
    I2C1_ER_IRQHandler                       0x080001b7   Thumb Code     0  startup_stm32f405xx.o(.text)
    I2C1_EV_IRQHandler                       0x080001b7   Thumb Code     0  startup_stm32f405xx.o(.text)
    I2C2_ER_IRQHandler                       0x080001b7   Thumb Code     0  startup_stm32f405xx.o(.text)
    I2C2_EV_IRQHandler                       0x080001b7   Thumb Code     0  startup_stm32f405xx.o(.text)
    I2C3_ER_IRQHandler                       0x080001b7   Thumb Code     0  startup_stm32f405xx.o(.text)
    I2C3_EV_IRQHandler                       0x080001b7   Thumb Code     0  startup_stm32f405xx.o(.text)
    OTG_FS_IRQHandler                        0x080001b7   Thumb Code     0  startup_stm32f405xx.o(.text)
    OTG_FS_WKUP_IRQHandler                   0x080001b7   Thumb Code     0  startup_stm32f405xx.o(.text)
    OTG_HS_EP1_IN_IRQHandler                 0x080001b7   Thumb Code     0  startup_stm32f405xx.o(.text)
    OTG_HS_EP1_OUT_IRQHandler                0x080001b7   Thumb Code     0  startup_stm32f405xx.o(.text)
    OTG_HS_IRQHandler                        0x080001b7   Thumb Code     0  startup_stm32f405xx.o(.text)
    OTG_HS_WKUP_IRQHandler                   0x080001b7   Thumb Code     0  startup_stm32f405xx.o(.text)
    PVD_IRQHandler                           0x080001b7   Thumb Code     0  startup_stm32f405xx.o(.text)
    RCC_IRQHandler                           0x080001b7   Thumb Code     0  startup_stm32f405xx.o(.text)
    RTC_Alarm_IRQHandler                     0x080001b7   Thumb Code     0  startup_stm32f405xx.o(.text)
    RTC_WKUP_IRQHandler                      0x080001b7   Thumb Code     0  startup_stm32f405xx.o(.text)
    SDIO_IRQHandler                          0x080001b7   Thumb Code     0  startup_stm32f405xx.o(.text)
    SPI1_IRQHandler                          0x080001b7   Thumb Code     0  startup_stm32f405xx.o(.text)
    SPI2_IRQHandler                          0x080001b7   Thumb Code     0  startup_stm32f405xx.o(.text)
    SPI3_IRQHandler                          0x080001b7   Thumb Code     0  startup_stm32f405xx.o(.text)
    TAMP_STAMP_IRQHandler                    0x080001b7   Thumb Code     0  startup_stm32f405xx.o(.text)
    TIM1_BRK_TIM9_IRQHandler                 0x080001b7   Thumb Code     0  startup_stm32f405xx.o(.text)
    TIM1_CC_IRQHandler                       0x080001b7   Thumb Code     0  startup_stm32f405xx.o(.text)
    TIM1_TRG_COM_TIM11_IRQHandler            0x080001b7   Thumb Code     0  startup_stm32f405xx.o(.text)
    TIM1_UP_TIM10_IRQHandler                 0x080001b7   Thumb Code     0  startup_stm32f405xx.o(.text)
    TIM3_IRQHandler                          0x080001b7   Thumb Code     0  startup_stm32f405xx.o(.text)
    TIM5_IRQHandler                          0x080001b7   Thumb Code     0  startup_stm32f405xx.o(.text)
    TIM6_DAC_IRQHandler                      0x080001b7   Thumb Code     0  startup_stm32f405xx.o(.text)
    TIM7_IRQHandler                          0x080001b7   Thumb Code     0  startup_stm32f405xx.o(.text)
    TIM8_BRK_TIM12_IRQHandler                0x080001b7   Thumb Code     0  startup_stm32f405xx.o(.text)
    TIM8_CC_IRQHandler                       0x080001b7   Thumb Code     0  startup_stm32f405xx.o(.text)
    TIM8_TRG_COM_TIM14_IRQHandler            0x080001b7   Thumb Code     0  startup_stm32f405xx.o(.text)
    TIM8_UP_TIM13_IRQHandler                 0x080001b7   Thumb Code     0  startup_stm32f405xx.o(.text)
    UART4_IRQHandler                         0x080001b7   Thumb Code     0  startup_stm32f405xx.o(.text)
    UART5_IRQHandler                         0x080001b7   Thumb Code     0  startup_stm32f405xx.o(.text)
    USART1_IRQHandler                        0x080001b7   Thumb Code     0  startup_stm32f405xx.o(.text)
    USART6_IRQHandler                        0x080001b7   Thumb Code     0  startup_stm32f405xx.o(.text)
    WWDG_IRQHandler                          0x080001b7   Thumb Code     0  startup_stm32f405xx.o(.text)
    __aeabi_uldivmod                         0x080001c1   Thumb Code    98  uldiv.o(.text)
    __aeabi_memcpy                           0x08000223   Thumb Code    36  memcpya.o(.text)
    __aeabi_memcpy4                          0x08000223   Thumb Code     0  memcpya.o(.text)
    __aeabi_memcpy8                          0x08000223   Thumb Code     0  memcpya.o(.text)
    __aeabi_memset                           0x08000247   Thumb Code    14  memseta.o(.text)
    __aeabi_memset4                          0x08000247   Thumb Code     0  memseta.o(.text)
    __aeabi_memset8                          0x08000247   Thumb Code     0  memseta.o(.text)
    __aeabi_memclr                           0x08000255   Thumb Code     4  memseta.o(.text)
    __aeabi_memclr4                          0x08000255   Thumb Code     0  memseta.o(.text)
    __aeabi_memclr8                          0x08000255   Thumb Code     0  memseta.o(.text)
    _memset$wrapper                          0x08000259   Thumb Code    18  memseta.o(.text)
    strstr                                   0x0800026b   Thumb Code    36  strstr.o(.text)
    strncpy                                  0x0800028f   Thumb Code    24  strncpy.o(.text)
    strchr                                   0x080002a7   Thumb Code    20  strchr.o(.text)
    memcmp                                   0x080002bb   Thumb Code    26  memcmp.o(.text)
    __0sscanf                                0x080002d5   Thumb Code    48  __0sscanf.o(.text)
    _scanf_int                               0x0800030d   Thumb Code   332  _scanf_int.o(.text)
    __aeabi_ul2f                             0x08000459   Thumb Code    28  ffltul.o(.text)
    __aeabi_llsl                             0x08000475   Thumb Code    30  llshl.o(.text)
    _ll_shift_l                              0x08000475   Thumb Code     0  llshl.o(.text)
    __aeabi_llsr                             0x08000493   Thumb Code    32  llushr.o(.text)
    _ll_ushift_r                             0x08000493   Thumb Code     0  llushr.o(.text)
    _chval                                   0x080004b3   Thumb Code    28  _chval.o(.text)
    __vfscanf_char                           0x080004dd   Thumb Code    20  scanf_char.o(.text)
    _sgetc                                   0x080004f9   Thumb Code    30  _sgetc.o(.text)
    _sbackspace                              0x08000517   Thumb Code    34  _sgetc.o(.text)
    __I$use$fp                               0x08000539   Thumb Code     0  iusefp.o(.text)
    _float_round                             0x08000539   Thumb Code    18  fepilogue.o(.text)
    _float_epilogue                          0x0800054b   Thumb Code    92  fepilogue.o(.text)
    __scatterload                            0x080005a9   Thumb Code    28  init.o(.text)
    __scatterload_rt2                        0x080005a9   Thumb Code     0  init.o(.text)
    isspace                                  0x080005cd   Thumb Code    10  isspace_c.o(.text)
    __vfscanf                                0x080005d9   Thumb Code   808  _scanf.o(.text)
    __ctype_lookup                           0x08000905   Thumb Code    34  ctype_c.o(.text)
    __decompress                             0x0800092d   Thumb Code     0  __dczerorl2.o(.text)
    __decompress1                            0x0800092d   Thumb Code    86  __dczerorl2.o(.text)
    BusFault_Handler                         0x08000983   Thumb Code     2  stm32f4xx_it.o(i.BusFault_Handler)
    CAN1_RX0_IRQHandler                      0x08000985   Thumb Code     6  stm32f4xx_it.o(i.CAN1_RX0_IRQHandler)
    CAN1_TX_IRQHandler                       0x08000991   Thumb Code     6  stm32f4xx_it.o(i.CAN1_TX_IRQHandler)
    CAN2_TX_IRQHandler                       0x0800099d   Thumb Code     6  stm32f4xx_it.o(i.CAN2_TX_IRQHandler)
    CAN_User_Init                            0x080009a9   Thumb Code   116  bsp_can.o(i.CAN_User_Init)
    CANx_SendNormalData                      0x08000a5d   Thumb Code   130  bsp_can.o(i.CANx_SendNormalData)
    Can_Config                               0x08000ae5   Thumb Code    16  bsp_can.o(i.Can_Config)
    Can_Send                                 0x08000af9   Thumb Code    14  bsp_can.o(i.Can_Send)
    Can_data_Process                         0x08000b0d   Thumb Code    44  can_queue.o(i.Can_data_Process)
    ClearCanQueue                            0x08000b3d   Thumb Code    14  can_queue.o(i.ClearCanQueue)
    ClearCanRxQueue                          0x08000b4d   Thumb Code    40  can_queue.o(i.ClearCanRxQueue)
    ClearCanTxQueue                          0x08000b79   Thumb Code    40  can_queue.o(i.ClearCanTxQueue)
    Data_Recover                             0x08000ba5   Thumb Code    22  recover.o(i.Data_Recover)
    DebugMon_Handler                         0x08000bc5   Thumb Code     2  stm32f4xx_it.o(i.DebugMon_Handler)
    DoubleValve_lvdtFormOutputStr            0x08000bc9   Thumb Code   200  canmessage_dispatch.o(i.DoubleValve_lvdtFormOutputStr)
    EXTI0_IRQHandler                         0x08000cd9   Thumb Code     2  stm32f4xx_it.o(i.EXTI0_IRQHandler)
    FLASH_Erase_Sector                       0x08000cdd   Thumb Code    74  stm32f4xx_hal_flash_ex.o(i.FLASH_Erase_Sector)
    FLASH_FlushCaches                        0x08000d2d   Thumb Code    80  stm32f4xx_hal_flash_ex.o(i.FLASH_FlushCaches)
    FLASH_If_Erase                           0x08000d81   Thumb Code    52  internalflash.o(i.FLASH_If_Erase)
    FLASH_If_Init                            0x08000dc1   Thumb Code    14  internalflash.o(i.FLASH_If_Init)
    FLASH_If_Write                           0x08000dd5   Thumb Code   102  internalflash.o(i.FLASH_If_Write)
    FLASH_Program_Byte                       0x08000e75   Thumb Code    26  stm32f4xx_hal_flash.o(i.FLASH_Program_Byte)
    FLASH_WaitForLastOperation               0x08000efd   Thumb Code    72  stm32f4xx_hal_flash.o(i.FLASH_WaitForLastOperation)
    GetCanQueueRx                            0x08000f4d   Thumb Code    38  can_queue.o(i.GetCanQueueRx)
    GetUpperComputerInfoAndWait3S            0x08000ff5   Thumb Code   132  common.o(i.GetUpperComputerInfoAndWait3S)
    HAL_CAN_ActivateNotification             0x08001095   Thumb Code    36  stm32f4xx_hal_can.o(i.HAL_CAN_ActivateNotification)
    HAL_CAN_AddTxMessage                     0x080010b9   Thumb Code   200  stm32f4xx_hal_can.o(i.HAL_CAN_AddTxMessage)
    HAL_CAN_ConfigFilter                     0x08001181   Thumb Code   262  stm32f4xx_hal_can.o(i.HAL_CAN_ConfigFilter)
    HAL_CAN_ErrorCallback                    0x0800128d   Thumb Code     2  bsp_can.o(i.HAL_CAN_ErrorCallback)
    HAL_CAN_GetRxMessage                     0x0800128f   Thumb Code   232  stm32f4xx_hal_can.o(i.HAL_CAN_GetRxMessage)
    HAL_CAN_GetTxMailboxesFreeLevel          0x08001377   Thumb Code    44  stm32f4xx_hal_can.o(i.HAL_CAN_GetTxMailboxesFreeLevel)
    HAL_CAN_IRQHandler                       0x080013a3   Thumb Code   508  stm32f4xx_hal_can.o(i.HAL_CAN_IRQHandler)
    HAL_CAN_Init                             0x0800159f   Thumb Code   282  stm32f4xx_hal_can.o(i.HAL_CAN_Init)
    HAL_CAN_MspDeInit                        0x080016b9   Thumb Code    48  bsp_can.o(i.HAL_CAN_MspDeInit)
    HAL_CAN_MspInit                          0x080016f5   Thumb Code   126  bsp_can.o(i.HAL_CAN_MspInit)
    HAL_CAN_RxFifo0FullCallback              0x08001781   Thumb Code     2  stm32f4xx_hal_can.o(i.HAL_CAN_RxFifo0FullCallback)
    HAL_CAN_RxFifo0MsgPendingCallback        0x08001783   Thumb Code     6  bsp_can.o(i.HAL_CAN_RxFifo0MsgPendingCallback)
    HAL_CAN_RxFifo1FullCallback              0x08001789   Thumb Code     2  stm32f4xx_hal_can.o(i.HAL_CAN_RxFifo1FullCallback)
    HAL_CAN_RxFifo1MsgPendingCallback        0x0800178b   Thumb Code     6  bsp_can.o(i.HAL_CAN_RxFifo1MsgPendingCallback)
    HAL_CAN_SleepCallback                    0x08001791   Thumb Code     2  stm32f4xx_hal_can.o(i.HAL_CAN_SleepCallback)
    HAL_CAN_Start                            0x08001795   Thumb Code    88  stm32f4xx_hal_can.o(i.HAL_CAN_Start)
    HAL_CAN_TxMailbox0AbortCallback          0x080017ed   Thumb Code     2  stm32f4xx_hal_can.o(i.HAL_CAN_TxMailbox0AbortCallback)
    HAL_CAN_TxMailbox0CompleteCallback       0x080017f1   Thumb Code    10  bsp_can.o(i.HAL_CAN_TxMailbox0CompleteCallback)
    HAL_CAN_TxMailbox1AbortCallback          0x08001801   Thumb Code     2  stm32f4xx_hal_can.o(i.HAL_CAN_TxMailbox1AbortCallback)
    HAL_CAN_TxMailbox1CompleteCallback       0x08001805   Thumb Code    10  bsp_can.o(i.HAL_CAN_TxMailbox1CompleteCallback)
    HAL_CAN_TxMailbox2AbortCallback          0x08001815   Thumb Code     2  stm32f4xx_hal_can.o(i.HAL_CAN_TxMailbox2AbortCallback)
    HAL_CAN_TxMailbox2CompleteCallback       0x08001819   Thumb Code    10  bsp_can.o(i.HAL_CAN_TxMailbox2CompleteCallback)
    HAL_CAN_WakeUpFromRxMsgCallback          0x08001829   Thumb Code     2  stm32f4xx_hal_can.o(i.HAL_CAN_WakeUpFromRxMsgCallback)
    HAL_DMA_Abort_IT                         0x0800182b   Thumb Code    36  stm32f4xx_hal_dma.o(i.HAL_DMA_Abort_IT)
    HAL_FLASHEx_Erase                        0x08001851   Thumb Code   144  stm32f4xx_hal_flash_ex.o(i.HAL_FLASHEx_Erase)
    HAL_FLASH_Unlock                         0x080018e9   Thumb Code    32  stm32f4xx_hal_flash.o(i.HAL_FLASH_Unlock)
    HAL_GPIO_DeInit                          0x08001915   Thumb Code   320  stm32f4xx_hal_gpio.o(i.HAL_GPIO_DeInit)
    HAL_GPIO_Init                            0x08001a7d   Thumb Code   394  stm32f4xx_hal_gpio.o(i.HAL_GPIO_Init)
    HAL_GPIO_WritePin                        0x08001c35   Thumb Code    10  stm32f4xx_hal_gpio.o(i.HAL_GPIO_WritePin)
    HAL_GetREVID                             0x08001c41   Thumb Code     8  stm32f4xx_hal.o(i.HAL_GetREVID)
    HAL_GetTick                              0x08001c4d   Thumb Code     6  stm32f4xx_hal.o(i.HAL_GetTick)
    HAL_IncTick                              0x08001c59   Thumb Code    12  stm32f4xx_hal.o(i.HAL_IncTick)
    HAL_InitTick                             0x08001c69   Thumb Code    54  stm32f4xx_hal.o(i.HAL_InitTick)
    HAL_MultiProcessor_Init                  0x08001ca9   Thumb Code   142  stm32f4xx_hal_uart.o(i.HAL_MultiProcessor_Init)
    HAL_NVIC_DisableIRQ                      0x08001d37   Thumb Code    22  stm32f4xx_hal_cortex.o(i.HAL_NVIC_DisableIRQ)
    HAL_NVIC_EnableIRQ                       0x08001d4d   Thumb Code    22  stm32f4xx_hal_cortex.o(i.HAL_NVIC_EnableIRQ)
    HAL_NVIC_SetPriority                     0x08001d65   Thumb Code    60  stm32f4xx_hal_cortex.o(i.HAL_NVIC_SetPriority)
    HAL_RCC_ClockConfig                      0x08001da5   Thumb Code   288  stm32f4xx_hal_rcc.o(i.HAL_RCC_ClockConfig)
    HAL_RCC_DeInit                           0x08001ed9   Thumb Code   284  stm32f4xx_hal_rcc_ex.o(i.HAL_RCC_DeInit)
    HAL_RCC_GetPCLK1Freq                     0x0800200d   Thumb Code    20  stm32f4xx_hal_rcc.o(i.HAL_RCC_GetPCLK1Freq)
    HAL_RCC_GetPCLK2Freq                     0x0800202d   Thumb Code    20  stm32f4xx_hal_rcc.o(i.HAL_RCC_GetPCLK2Freq)
    HAL_RCC_GetSysClockFreq                  0x0800204d   Thumb Code    88  stm32f4xx_hal_rcc.o(i.HAL_RCC_GetSysClockFreq)
    HAL_RCC_OscConfig                        0x080020b1   Thumb Code   840  stm32f4xx_hal_rcc.o(i.HAL_RCC_OscConfig)
    HAL_SPI_DeInit                           0x0800240d   Thumb Code    46  stm32f4xx_hal_spi.o(i.HAL_SPI_DeInit)
    HAL_SPI_Init                             0x0800243b   Thumb Code   140  stm32f4xx_hal_spi.o(i.HAL_SPI_Init)
    HAL_SPI_MspDeInit                        0x080024c7   Thumb Code     2  stm32f4xx_hal_spi.o(i.HAL_SPI_MspDeInit)
    HAL_SPI_MspInit                          0x080024c9   Thumb Code   174  spi_flash.o(i.HAL_SPI_MspInit)
    HAL_SPI_Receive                          0x08002581   Thumb Code   484  stm32f4xx_hal_spi.o(i.HAL_SPI_Receive)
    HAL_SPI_Transmit                         0x08002765   Thumb Code   392  stm32f4xx_hal_spi.o(i.HAL_SPI_Transmit)
    HAL_SPI_TransmitReceive                  0x080028ed   Thumb Code   614  stm32f4xx_hal_spi.o(i.HAL_SPI_TransmitReceive)
    HAL_SYSTICK_Config                       0x08002b53   Thumb Code    40  stm32f4xx_hal_cortex.o(i.HAL_SYSTICK_Config)
    HAL_TIMEx_BreakCallback                  0x08002b7b   Thumb Code     2  stm32f4xx_hal_tim_ex.o(i.HAL_TIMEx_BreakCallback)
    HAL_TIMEx_CommutCallback                 0x08002b7d   Thumb Code     2  stm32f4xx_hal_tim_ex.o(i.HAL_TIMEx_CommutCallback)
    HAL_TIMEx_MasterConfigSynchronization    0x08002b81   Thumb Code   116  stm32f4xx_hal_tim_ex.o(i.HAL_TIMEx_MasterConfigSynchronization)
    HAL_TIM_Base_DeInit                      0x08002c11   Thumb Code    56  stm32f4xx_hal_tim.o(i.HAL_TIM_Base_DeInit)
    HAL_TIM_Base_Init                        0x08002c49   Thumb Code    54  stm32f4xx_hal_tim.o(i.HAL_TIM_Base_Init)
    HAL_TIM_Base_MspDeInit                   0x08002c81   Thumb Code    64  tim.o(i.HAL_TIM_Base_MspDeInit)
    HAL_TIM_Base_MspInit                     0x08002ccd   Thumb Code   178  tim.o(i.HAL_TIM_Base_MspInit)
    HAL_TIM_ConfigClockSource                0x08002d8d   Thumb Code   214  stm32f4xx_hal_tim.o(i.HAL_TIM_ConfigClockSource)
    HAL_TIM_IC_CaptureCallback               0x08002e65   Thumb Code   388  tim.o(i.HAL_TIM_IC_CaptureCallback)
    HAL_TIM_IC_ConfigChannel                 0x08003015   Thumb Code   286  stm32f4xx_hal_tim.o(i.HAL_TIM_IC_ConfigChannel)
    HAL_TIM_IC_Init                          0x08003133   Thumb Code    54  stm32f4xx_hal_tim.o(i.HAL_TIM_IC_Init)
    HAL_TIM_IC_MspInit                       0x08003169   Thumb Code     2  stm32f4xx_hal_tim.o(i.HAL_TIM_IC_MspInit)
    HAL_TIM_IC_Start_IT                      0x0800316b   Thumb Code    86  stm32f4xx_hal_tim.o(i.HAL_TIM_IC_Start_IT)
    HAL_TIM_IRQHandler                       0x080031c1   Thumb Code   358  stm32f4xx_hal_tim.o(i.HAL_TIM_IRQHandler)
    HAL_TIM_OC_DelayElapsedCallback          0x08003327   Thumb Code     2  stm32f4xx_hal_tim.o(i.HAL_TIM_OC_DelayElapsedCallback)
    HAL_TIM_PWM_PulseFinishedCallback        0x08003329   Thumb Code     2  stm32f4xx_hal_tim.o(i.HAL_TIM_PWM_PulseFinishedCallback)
    HAL_TIM_PeriodElapsedCallback            0x0800332b   Thumb Code     2  stm32f4xx_hal_tim.o(i.HAL_TIM_PeriodElapsedCallback)
    HAL_TIM_ReadCapturedValue                0x0800332d   Thumb Code    42  stm32f4xx_hal_tim.o(i.HAL_TIM_ReadCapturedValue)
    HAL_TIM_SlaveConfigSynchro               0x08003357   Thumb Code    86  stm32f4xx_hal_tim.o(i.HAL_TIM_SlaveConfigSynchro)
    HAL_TIM_TriggerCallback                  0x080033ad   Thumb Code     2  stm32f4xx_hal_tim.o(i.HAL_TIM_TriggerCallback)
    HAL_UART_ErrorCallback                   0x080033af   Thumb Code     2  stm32f4xx_hal_uart.o(i.HAL_UART_ErrorCallback)
    HAL_UART_IRQHandler                      0x080033b1   Thumb Code   270  stm32f4xx_hal_uart.o(i.HAL_UART_IRQHandler)
    HAL_UART_Init                            0x080034c5   Thumb Code    98  stm32f4xx_hal_uart.o(i.HAL_UART_Init)
    HAL_UART_MspDeInit                       0x08003529   Thumb Code    74  bsp_debug_usart.o(i.HAL_UART_MspDeInit)
    HAL_UART_MspInit                         0x08003589   Thumb Code   166  bsp_debug_usart.o(i.HAL_UART_MspInit)
    HAL_UART_Receive_IT                      0x08003641   Thumb Code    82  stm32f4xx_hal_uart.o(i.HAL_UART_Receive_IT)
    HAL_UART_RxCpltCallback                  0x08003695   Thumb Code   358  bsp_debug_usart.o(i.HAL_UART_RxCpltCallback)
    HAL_UART_Transmit                        0x08003895   Thumb Code   186  stm32f4xx_hal_uart.o(i.HAL_UART_Transmit)
    HAL_UART_TxCpltCallback                  0x0800394f   Thumb Code     2  stm32f4xx_hal_uart.o(i.HAL_UART_TxCpltCallback)
    HardFault_Handler                        0x08003951   Thumb Code     2  stm32f4xx_it.o(i.HardFault_Handler)
    InitCANdevice                            0x08003955   Thumb Code     8  my_canopen_adapter.o(i.InitCANdevice)
    InitNode                                 0x08003961   Thumb Code    10  my_canopen_adapter.o(i.InitNode)
    InsertCanQueueRx                         0x08003975   Thumb Code    60  can_queue.o(i.InsertCanQueueRx)
    IsFullCanQueueRx                         0x080039b5   Thumb Code    34  can_queue.o(i.IsFullCanQueueRx)
    LED_GPIO_Config                          0x080039dd   Thumb Code   150  led.o(i.LED_GPIO_Config)
    LED_GPIO_DeConfig                        0x08003a7d   Thumb Code    36  led.o(i.LED_GPIO_DeConfig)
    MX_CAN1_Init                             0x08003aa5   Thumb Code    62  bsp_can.o(i.MX_CAN1_Init)
    MX_GPIO_Init                             0x08003b01   Thumb Code   116  gpio.o(i.MX_GPIO_Init)
    MX_TIM2_Init                             0x08003b81   Thumb Code   200  tim.o(i.MX_TIM2_Init)
    MX_TIM4_Init                             0x08003c5d   Thumb Code   200  tim.o(i.MX_TIM4_Init)
    MX_USART2_UART_Init                      0x08003d3d   Thumb Code    60  bsp_debug_usart.o(i.MX_USART2_UART_Init)
    MX_USART3_UART_Init                      0x08003da5   Thumb Code    58  bsp_debug_usart.o(i.MX_USART3_UART_Init)
    Main_Menu                                0x08003e0d   Thumb Code   114  menu.o(i.Main_Menu)
    MemManage_Handler                        0x08003ec5   Thumb Code     2  stm32f4xx_it.o(i.MemManage_Handler)
    NEW_Can_Message_Dispatch                 0x08003ec9   Thumb Code    52  canmessage_dispatch.o(i.NEW_Can_Message_Dispatch)
    NMI_Handler                              0x08003f25   Thumb Code     2  stm32f4xx_it.o(i.NMI_Handler)
    ObjDict_Index1201_Conv_Value             0x08003f49   Thumb Code    78  value_conversion.o(i.ObjDict_Index1201_Conv_Value)
    ObjDict_Index1202_Conv_Value             0x08003fb1   Thumb Code    78  value_conversion.o(i.ObjDict_Index1202_Conv_Value)
    ObjDict_Index1203_Conv_Value             0x08004019   Thumb Code    78  value_conversion.o(i.ObjDict_Index1203_Conv_Value)
    ObjDict_Index1204_Conv_Value             0x08004081   Thumb Code    78  value_conversion.o(i.ObjDict_Index1204_Conv_Value)
    ObjDict_Index1207_Conv_Value             0x080040e9   Thumb Code    46  value_conversion.o(i.ObjDict_Index1207_Conv_Value)
    ObjDict_Index1208_Conv_Value             0x0800411d   Thumb Code    46  value_conversion.o(i.ObjDict_Index1208_Conv_Value)
    ObjDict_Index1209_Conv_Value             0x08004151   Thumb Code    12  value_conversion.o(i.ObjDict_Index1209_Conv_Value)
    ObjDict_Index120A_Conv_Value             0x08004165   Thumb Code    28  value_conversion.o(i.ObjDict_Index120A_Conv_Value)
    ObjDict_Index120B_Conv_Value             0x08004185   Thumb Code   100  value_conversion.o(i.ObjDict_Index120B_Conv_Value)
    ObjDict_Index120C_Conv_Value             0x0800421d   Thumb Code   166  value_conversion.o(i.ObjDict_Index120C_Conv_Value)
    ObjDict_Index1210_Conv_Value             0x08004325   Thumb Code    12  value_conversion.o(i.ObjDict_Index1210_Conv_Value)
    ObjDict_scanIndexOD                      0x08004339   Thumb Code   206  objdict.o(i.ObjDict_scanIndexOD)
    ObjDict_valueRangeTest                   0x08004415   Thumb Code     4  objdict.o(i.ObjDict_valueRangeTest)
    PendSV_Handler                           0x08004419   Thumb Code     2  stm32f4xx_it.o(i.PendSV_Handler)
    SDOlineToObjdict                         0x0800441b   Thumb Code    52  sdo.o(i.SDOlineToObjdict)
    SDOtoLine                                0x0800444f   Thumb Code    48  sdo.o(i.SDOtoLine)
    SPI_FLASH_Init                           0x08004535   Thumb Code    78  spi_flash.o(i.SPI_FLASH_Init)
    SVC_Handler                              0x0800463d   Thumb Code     2  stm32f4xx_it.o(i.SVC_Handler)
    SetHeadCanQueueRx                        0x08004641   Thumb Code    20  can_queue.o(i.SetHeadCanQueueRx)
    Set_Objdict_Callback_Func                0x08004659   Thumb Code   180  value_conversion.o(i.Set_Objdict_Callback_Func)
    SysTick_Handler                          0x08004765   Thumb Code    14  stm32f4xx_it.o(i.SysTick_Handler)
    SysTick_Init                             0x08004775   Thumb Code    24  bsp_systick.o(i.SysTick_Init)
    SystemClock_Config                       0x08004795   Thumb Code   144  main.o(i.SystemClock_Config)
    SystemCoreClockUpdate                    0x08004831   Thumb Code   104  system_stm32f4xx.o(i.SystemCoreClockUpdate)
    SystemInit                               0x080048ad   Thumb Code    66  system_stm32f4xx.o(i.SystemInit)
    TIM2_IRQHandler                          0x08004901   Thumb Code     6  stm32f4xx_it.o(i.TIM2_IRQHandler)
    TIM4_IRQHandler                          0x0800490d   Thumb Code     6  stm32f4xx_it.o(i.TIM4_IRQHandler)
    TIM_Base_SetConfig                       0x08004919   Thumb Code   156  stm32f4xx_hal_tim.o(i.TIM_Base_SetConfig)
    TIM_CCxChannelCmd                        0x080049e1   Thumb Code    26  stm32f4xx_hal_tim.o(i.TIM_CCxChannelCmd)
    TIM_ETR_SetConfig                        0x080049fb   Thumb Code    20  stm32f4xx_hal_tim.o(i.TIM_ETR_SetConfig)
    TIM_TI1_SetConfig                        0x08004ac9   Thumb Code   100  stm32f4xx_hal_tim.o(i.TIM_TI1_SetConfig)
    TimingDelay_Increment                    0x08004ba5   Thumb Code    34  bsp_systick.o(i.TimingDelay_Increment)
    USART2_IRQHandler                        0x08004e81   Thumb Code     6  stm32f4xx_it.o(i.USART2_IRQHandler)
    USART3_IRQHandler                        0x08004e8d   Thumb Code     6  stm32f4xx_it.o(i.USART3_IRQHandler)
    UsageFault_Handler                       0x08004e99   Thumb Code     2  stm32f4xx_it.o(i.UsageFault_Handler)
    __0printf$4                              0x08004f15   Thumb Code    22  printf4.o(i.__0printf$4)
    __1printf$4                              0x08004f15   Thumb Code     0  printf4.o(i.__0printf$4)
    __2printf                                0x08004f15   Thumb Code     0  printf4.o(i.__0printf$4)
    __scatterload_copy                       0x08004f35   Thumb Code    14  handlers.o(i.__scatterload_copy)
    __scatterload_null                       0x08004f43   Thumb Code     2  handlers.o(i.__scatterload_null)
    __scatterload_zeroinit                   0x08004f45   Thumb Code    14  handlers.o(i.__scatterload_zeroinit)
    _getODentry                              0x08004f55   Thumb Code   130  objacces.o(i._getODentry)
    _setODentry                              0x0800520d   Thumb Code   188  objacces.o(i._setODentry)
    _storeODSubIndex                         0x080052d1   Thumb Code     2  my_canopen_adapter.o(i._storeODSubIndex)
    accessDictionaryError                    0x080052d5   Thumb Code   126  objacces.o(i.accessDictionaryError)
    calc_crc32                               0x080054b9   Thumb Code    44  crc.o(i.calc_crc32)
    failedSDO                                0x080054e9   Thumb Code   106  sdo.o(i.failedSDO)
    fatal                                    0x08005591   Thumb Code     8  spi_flash.o(i.fatal)
    form_ack_message                         0x080055a1   Thumb Code    42  block_download.o(i.form_ack_message)
    fputc                                    0x080055d1   Thumb Code    20  bsp_debug_usart.o(i.fputc)
    getSDOfreeLine                           0x080055e9   Thumb Code    58  sdo.o(i.getSDOfreeLine)
    getSDOlineOnUse                          0x08005649   Thumb Code    56  sdo.o(i.getSDOlineOnUse)
    getSDOlineRestBytes                      0x08005681   Thumb Code    26  sdo.o(i.getSDOlineRestBytes)
    initSDOline                              0x0800569b   Thumb Code    46  sdo.o(i.initSDOline)
    lineToSDO                                0x080056c9   Thumb Code    60  sdo.o(i.lineToSDO)
    main                                     0x08005705   Thumb Code   374  main.o(i.main)
    new_receive_block_packet                 0x080058f5   Thumb Code   564  block_download.o(i.new_receive_block_packet)
    new_received_last_section                0x08005b65   Thumb Code   690  block_download.o(i.new_received_last_section)
    objdictToSDOline                         0x08005e51   Thumb Code    64  sdo.o(i.objdictToSDOline)
    pack_dispatch                            0x08005e91   Thumb Code    96  block_download.o(i.pack_dispatch)
    packet_index_preservation                0x08005ef9   Thumb Code    88  block_download.o(i.packet_index_preservation)
    packet_index_preservation_last           0x08005f5d   Thumb Code   138  block_download.o(i.packet_index_preservation_last)
    packet_value_reset_flow                  0x08005ff5   Thumb Code    52  block_download.o(i.packet_value_reset_flow)
    proceedSDO                               0x08006035   Thumb Code   602  sdo.o(i.proceedSDO)
    report_device_id                         0x08006321   Thumb Code   114  canmessage_dispatch.o(i.report_device_id)
    report_lvdt_loaction                     0x080063c1   Thumb Code   212  canmessage_dispatch.o(i.report_lvdt_loaction)
    report_node_info                         0x080064cd   Thumb Code    32  canmessage_dispatch.o(i.report_node_info)
    resetSDOline                             0x080064f5   Thumb Code    52  sdo.o(i.resetSDOline)
    sendSDO                                  0x08006529   Thumb Code   110  sdo.o(i.sendSDO)
    sendSDOabort                             0x08006597   Thumb Code    56  sdo.o(i.sendSDOabort)
    setNodeId                                0x080065d1   Thumb Code    96  my_canopen_adapter.o(i.setNodeId)
    spi_flash_config                         0x08006645   Thumb Code    14  spi_flash.o(i.spi_flash_config)
    spi_flash_erase_page                     0x08006655   Thumb Code   110  spi_flash.o(i.spi_flash_erase_page)
    spi_flash_init                           0x080066c9   Thumb Code    54  spi_flash.o(i.spi_flash_init)
    spi_flash_rdid                           0x08006719   Thumb Code    82  spi_flash.o(i.spi_flash_rdid)
    spi_flash_rdsr                           0x08006771   Thumb Code    56  spi_flash.o(i.spi_flash_rdsr)
    spi_flash_read                           0x080067ad   Thumb Code    72  spi_flash.o(i.spi_flash_read)
    spi_flash_ready                          0x080067f9   Thumb Code    18  spi_flash.o(i.spi_flash_ready)
    spi_flash_wait                           0x0800680d   Thumb Code    64  spi_flash.o(i.spi_flash_wait)
    spi_flash_wrdi                           0x08006851   Thumb Code    42  spi_flash.o(i.spi_flash_wrdi)
    spi_flash_wren                           0x08006881   Thumb Code   120  spi_flash.o(i.spi_flash_wren)
    spi_flash_write                          0x080068fd   Thumb Code   210  spi_flash.o(i.spi_flash_write)
    spi_trx                                  0x080069d5   Thumb Code    60  spi_flash.o(i.spi_trx)
    stm32can_rxinterrupt                     0x08006a15   Thumb Code   160  bsp_can.o(i.stm32can_rxinterrupt)
    AHBPrescTable                            0x08006ad0   Data          16  system_stm32f4xx.o(.constdata)
    APBPrescTable                            0x08006ae0   Data           8  system_stm32f4xx.o(.constdata)
    ObjDict_iam_a_slave                      0x08006f32   Data           1  objdict.o(.constdata)
    ObjDict_objdict                          0x08006f34   Data         120  objdict.o(.constdata)
    __ctype_categories                       0x08006fac   Data          64  ctype_c.o(.constdata)
    Region$$Table$$Base                      0x08007038   Number         0  anon$$obj.o(Region$$Table)
    Region$$Table$$Limit                     0x08007058   Number         0  anon$$obj.o(Region$$Table)
    SystemCoreClock                          0x20000000   Data           4  system_stm32f4xx.o(.data)
    uwTickFreq                               0x20000004   Data           1  stm32f4xx_hal.o(.data)
    uwTickPrio                               0x20000008   Data           4  stm32f4xx_hal.o(.data)
    uwTick                                   0x2000000c   Data           4  stm32f4xx_hal.o(.data)
    dest_address                             0x20000010   Data           4  main.o(.data)
    sp                                       0x20000014   Data           4  main.o(.data)
    lvdt_report_button                       0x20000018   Data           4  main.o(.data)
    deviceid_report_button                   0x2000001c   Data           4  main.o(.data)
    a1RxBuffer                               0x20000020   Data           1  bsp_debug_usart.o(.data)
    a2RxBuffer                               0x20000021   Data           1  bsp_debug_usart.o(.data)
    Uart3_Rx_Cnt                             0x20000022   Data           2  bsp_debug_usart.o(.data)
    Uart2_Rx_Cnt                             0x20000024   Data           2  bsp_debug_usart.o(.data)
    TimingDelay3                             0x20000028   Data           4  bsp_systick.o(.data)
    TimingDelay                              0x2000002c   Data           4  bsp_systick.o(.data)
    TimingDelay1                             0x20000030   Data           4  bsp_systick.o(.data)
    TimingDelay2                             0x20000034   Data           4  bsp_systick.o(.data)
    TimingDelay4                             0x20000038   Data           4  bsp_systick.o(.data)
    id1                                      0x2000003c   Data           4  bsp_can.o(.data)
    hal_can_tx_counter1                      0x20000040   Data           4  bsp_can.o(.data)
    received_packet_num                      0x20000044   Data           4  bsp_can.o(.data)
    bin_receved_succeed                      0x20000048   Data           4  menu.o(.data)
    Jump_To_Application                      0x2000004c   Data           4  menu.o(.data)
    JumpAddress                              0x20000050   Data           4  menu.o(.data)
    capture_data1                            0x20000054   Data           8  tim.o(.data)
    capture_data2                            0x2000005c   Data           8  tim.o(.data)
    freq_capture                             0x20000064   Data           8  tim.o(.data)
    location                                 0x2000006c   Data           8  tim.o(.data)
    current_index                            0x20000078   Data           1  block_download.o(.data)
    block_cur_percent_inc                    0x20000079   Data           1  block_download.o(.data)
    file_length                              0x2000007c   Data           4  block_download.o(.data)
    bin_point                                0x20000080   Data           4  block_download.o(.data)
    bin_point_last                           0x20000084   Data           4  block_download.o(.data)
    total_section_num                        0x20000088   Data           4  block_download.o(.data)
    left_packet_num                          0x2000008c   Data           4  block_download.o(.data)
    left_byte_num                            0x20000090   Data           4  block_download.o(.data)
    received_section_num                     0x20000094   Data           4  block_download.o(.data)
    last_packet_arrived_tick                 0x20000098   Data           4  block_download.o(.data)
    my_received_crc                          0x2000009c   Data           4  block_download.o(.data)
    first_procedure                          0x200000a0   Data           4  block_download.o(.data)
    second_procedure                         0x200000a4   Data           4  block_download.o(.data)
    block_total_received_byte                0x200000a8   Data           8  block_download.o(.data)
    canmessage_head                          0x200000b0   Data           8  block_download.o(.data)
    first_packet_received                    0x200000b8   Data           4  block_download.o(.data)
    total_packet_num                         0x200000bc   Data           4  block_download.o(.data)
    mm32_ack_flag                            0x200000c0   Data           4  canmessage_dispatch.o(.data)
    enter_bootloader_flag                    0x200000c4   Data           4  canmessage_dispatch.o(.data)
    bin_file_length                          0x200000c8   Data           8  canmessage_dispatch.o(.data)
    master_nodeid                            0x200000d0   Data           4  canmessage_dispatch.o(.data)
    slave_nodeid                             0x200000d4   Data           4  canmessage_dispatch.o(.data)
    block_received_packet_num                0x200000d8   Data           4  canmessage_dispatch.o(.data)
    cnt                                      0x200000dc   Data           4  canmessage_dispatch.o(.data)
    Double_Lvdt_Average_ConvertedValue       0x200000e0   Data           8  canmessage_dispatch.o(.data)
    Double_Lvdt_Transfer_Complete_Count      0x200000e8   Data           8  canmessage_dispatch.o(.data)
    Double_Lvdt_AVG                          0x200000f0   Data           8  canmessage_dispatch.o(.data)
    slaveNode                                0x200000f8   Data           1  my_canopen_adapter.o(.data)
    ObjDict_bDeviceNodeId                    0x200000f9   Data           1  objdict.o(.data)
    ObjDict_obj1000                          0x200000fc   Data           4  objdict.o(.data)
    ObjDict_Index1000                        0x20000100   Data          12  objdict.o(.data)
    ObjDict_highestSubIndex_obj1200          0x2000010c   Data           1  objdict.o(.data)
    ObjDict_obj1200_COB_ID_Client_to_Server_Receive_SDO 0x20000110   Data           4  objdict.o(.data)
    ObjDict_obj1200_COB_ID_Server_to_Client_Transmit_SDO 0x20000114   Data           4  objdict.o(.data)
    ObjDict_Index1200                        0x20000118   Data          48  objdict.o(.data)
    ObjDict_highestSubIndex_obj1201          0x20000148   Data           1  objdict.o(.data)
    ObjDict_obj1201_COB_ID_Client_to_Server_Receive_SDO 0x2000014c   Data           4  objdict.o(.data)
    min1_location_calibration                0x20000150   Data           4  objdict.o(.data)
    ObjDict_Index1201                        0x20000154   Data          48  objdict.o(.data)
    ObjDict_highestSubIndex_obj1202          0x20000184   Data           1  objdict.o(.data)
    ObjDict_obj1202_COB_ID_Client_to_Server_Receive_SDO 0x20000188   Data           4  objdict.o(.data)
    ObjDict_obj1202_COB_ID_Server_to_Client_Transmit_SDO 0x2000018c   Data           4  objdict.o(.data)
    min2_location_calibration                0x20000190   Data           4  objdict.o(.data)
    ObjDict_Index1202                        0x20000194   Data          48  objdict.o(.data)
    ObjDict_highestSubIndex_obj1203          0x200001c4   Data           1  objdict.o(.data)
    ObjDict_obj1203_COB_ID_Client_to_Server_Receive_SDO 0x200001c8   Data           4  objdict.o(.data)
    ObjDict_obj1203_COB_ID_Server_to_Client_Transmit_SDO 0x200001cc   Data           4  objdict.o(.data)
    max1_location_calibration                0x200001d0   Data           4  objdict.o(.data)
    ObjDict_Index1203                        0x200001d4   Data          48  objdict.o(.data)
    ObjDict_highestSubIndex_obj1204          0x20000204   Data           1  objdict.o(.data)
    ObjDict_obj1204_COB_ID_Client_to_Server_Receive_SDO 0x20000208   Data           4  objdict.o(.data)
    ObjDict_obj1204_COB_ID_Server_to_Client_Transmit_SDO 0x2000020c   Data           4  objdict.o(.data)
    max2_location_calibration                0x20000210   Data           4  objdict.o(.data)
    ObjDict_Index1204                        0x20000214   Data          48  objdict.o(.data)
    ObjDict_obj1205_COB_ID_Client_to_Server_Recievd_SDO 0x20000244   Data           4  objdict.o(.data)
    ObjDict_obj1205_COB_ID_Server_to_Client_Transmit_SDO 0x20000248   Data           4  objdict.o(.data)
    lvdt1_current_location                   0x2000024c   Data           4  objdict.o(.data)
    ObjDict_Index1205                        0x20000250   Data          48  objdict.o(.data)
    ObjDict_highestSubIndex_obj1206          0x20000280   Data           1  objdict.o(.data)
    ObjDict_obj1206_COB_ID_Client_to_Server_Recievd_SDO 0x20000284   Data           4  objdict.o(.data)
    ObjDict_obj1206_COB_ID_Server_to_Client_Transmit_SDO 0x20000288   Data           4  objdict.o(.data)
    lvdt2_current_location                   0x2000028c   Data           4  objdict.o(.data)
    ObjDict_Index1206                        0x20000290   Data          48  objdict.o(.data)
    ObjDict_highestSubIndex_obj1207          0x200002c0   Data           1  objdict.o(.data)
    ObjDict_obj1207_COB_ID_Client_to_Server_Received_SDO 0x200002c4   Data           4  objdict.o(.data)
    ObjDict_obj1207_COB_ID_Server_to_Client_Transmit_SDO 0x200002c8   Data           4  objdict.o(.data)
    unused_lvdt1_zero_location               0x200002cc   Data           4  objdict.o(.data)
    ObjDict_Index1207                        0x200002d0   Data          48  objdict.o(.data)
    ObjDict_highestSubIndex_obj1208          0x20000300   Data           1  objdict.o(.data)
    ObjDict_obj1208_COB_ID_Client_to_Server_Received_SDO 0x20000304   Data           4  objdict.o(.data)
    ObjDict_obj1208_COB_ID_Server_to_Client_Transmit_SDO 0x20000308   Data           4  objdict.o(.data)
    unused_lvdt2_zero_location               0x2000030c   Data           4  objdict.o(.data)
    ObjDict_Index1208                        0x20000310   Data          48  objdict.o(.data)
    ObjDict_highestSubIndex_obj1209          0x20000340   Data           1  objdict.o(.data)
    ObjDict_obj1209_COB_ID_Client_to_Server_Received_SDO 0x20000344   Data           4  objdict.o(.data)
    ObjDict_obj1209_COB_ID_Server_to_Client_Transmit_SDO 0x20000348   Data           4  objdict.o(.data)
    device_id                                0x2000034c   Data           4  objdict.o(.data)
    ObjDict_Index1209                        0x20000350   Data          48  objdict.o(.data)
    ObjDict_highestSubIndex_obj120A          0x20000380   Data           1  objdict.o(.data)
    ObjDict_obj120A_COB_ID_Client_to_Server_Recievd_SDO 0x20000384   Data           4  objdict.o(.data)
    ObjDict_obj120A_COB_ID_Server_to_Client_Transmit_SDO 0x20000388   Data           4  objdict.o(.data)
    unusedvalue0                             0x2000038c   Data           4  objdict.o(.data)
    ObjDict_Index120A                        0x20000390   Data          48  objdict.o(.data)
    ObjDict_highestSubIndex_obj120B          0x200003c0   Data           1  objdict.o(.data)
    ObjDict_obj120B_COB_ID_Client_to_Server_Received_SDO 0x200003c4   Data           4  objdict.o(.data)
    ObjDict_obj120B_COB_ID_Server_to_Client_Transmit_SDO 0x200003c8   Data           4  objdict.o(.data)
    bin1_file_length                         0x200003cc   Data           4  objdict.o(.data)
    ObjDict_Index120B                        0x200003d0   Data          48  objdict.o(.data)
    ObjDict_highestSubIndex_obj120C          0x20000400   Data           1  objdict.o(.data)
    ObjDict_obj120C_COB_ID_Client_to_Server_Received_SDO 0x20000404   Data           4  objdict.o(.data)
    ObjDict_obj120C_COB_ID_Server_to_Client_Transmit_SDO 0x20000408   Data           4  objdict.o(.data)
    bin2_file_length                         0x2000040c   Data           4  objdict.o(.data)
    ObjDict_Index120C                        0x20000410   Data          48  objdict.o(.data)
    ObjDict_highestSubIndex_obj1210          0x20000440   Data           1  objdict.o(.data)
    ObjDict_obj1210_COB_ID_Client_to_Server_Received_SDO 0x20000444   Data           4  objdict.o(.data)
    ObjDict_obj1210_COB_ID_Server_to_Client_Transmit_SDO 0x20000448   Data           4  objdict.o(.data)
    unusedvalue1                             0x2000044c   Data           4  objdict.o(.data)
    ObjDict_Index1210                        0x20000450   Data          48  objdict.o(.data)
    ObjDict_firstIndex                       0x20000480   Data           4  objdict.o(.data)
    ObjDict_lastIndex                        0x20000484   Data           4  objdict.o(.data)
    ObjDict_ObjdictSize                      0x20000488   Data           2  objdict.o(.data)
    ObjDict_Data                             0x2000048c   Data        3084  objdict.o(.data)
    __stdout                                 0x20001098   Data           4  stdout.o(.data)
    pFlash                                   0x2000109c   Data          32  stm32f4xx_hal_flash.o(.bss)
    RxBuffer1                                0x200010bc   Data         128  bsp_debug_usart.o(.bss)
    RxBuffer2                                0x2000113c   Data         128  bsp_debug_usart.o(.bss)
    huart3                                   0x200011bc   Data          64  bsp_debug_usart.o(.bss)
    huart2                                   0x200011fc   Data          64  bsp_debug_usart.o(.bss)
    TxMeg                                    0x20001264   Data          24  bsp_can.o(.bss)
    RxMeg                                    0x2000127c   Data          28  bsp_can.o(.bss)
    hcan1                                    0x20001298   Data          40  bsp_can.o(.bss)
    htim2                                    0x200012c0   Data          64  tim.o(.bss)
    htim4                                    0x20001300   Data          64  tim.o(.bss)
    buffer_out                               0x20001340   Data          50  spi_flash.o(.bss)
    SpiHandle                                0x20001374   Data          88  spi_flash.o(.bss)
    array                                    0x200013cc   Data          24  recover.o(.bss)
    CANQueueRx                               0x200013e4   Data         704  can_queue.o(.bss)
    CANQueueTx                               0x200016a4   Data         704  can_queue.o(.bss)
    bin_received_file                        0x20001964   Data         217  block_download.o(.bss)
    bin_received_file_last                   0x20001a3d   Data         210  block_download.o(.bss)
    packet_index_array                       0x20001b0f   Data          31  block_download.o(.bss)
    current_packet                           0x20001b2e   Data         434  block_download.o(.bss)
    output_array                             0x20001ce0   Data          30  canmessage_dispatch.o(.bss)
    deviceid_array                           0x20001cfe   Data          40  canmessage_dispatch.o(.bss)
    mym                                      0x20001d26   Data          14  canmessage_dispatch.o(.bss)
    ObjDict_Index1201_callbacks              0x20001d34   Data          16  objdict.o(.bss)
    ObjDict_Index1202_callbacks              0x20001d44   Data          16  objdict.o(.bss)
    ObjDict_Index1203_callbacks              0x20001d54   Data          16  objdict.o(.bss)
    ObjDict_Index1204_callbacks              0x20001d64   Data          16  objdict.o(.bss)
    ObjDict_Index1207_callbacks              0x20001d74   Data          16  objdict.o(.bss)
    ObjDict_Index1208_callbacks              0x20001d84   Data          16  objdict.o(.bss)
    ObjDict_Index1209_callbacks              0x20001d94   Data          16  objdict.o(.bss)
    ObjDict_Index120A_callbacks              0x20001da4   Data          16  objdict.o(.bss)
    ObjDict_Index120B_callbacks              0x20001db4   Data          16  objdict.o(.bss)
    ObjDict_Index120C_callbacks              0x20001dc4   Data          16  objdict.o(.bss)
    ObjDict_Index1210_callbacks              0x20001dd4   Data          16  objdict.o(.bss)
    __initial_sp                             0x200023e8   Data           0  startup_stm32f405xx.o(STACK)



==============================================================================

Memory Map of the image

  Image Entry point : 0x08000189

  Load Region LR_IROM1 (Base: 0x08000000, Size: 0x000080f4, Max: 0x00008000, ABSOLUTE, COMPRESSED[0x00007194])

    Execution Region ER_IROM1 (Base: 0x08000000, Size: 0x00007058, Max: 0x00008000, ABSOLUTE)

    Base Addr    Size         Type   Attr      Idx    E Section Name        Object

    0x08000000   0x00000188   Data   RO            3    RESET               startup_stm32f405xx.o
    0x08000188   0x00000000   Code   RO         9731  * .ARM.Collect$$$$00000000  mc_w.l(entry.o)
    0x08000188   0x00000004   Code   RO        10017    .ARM.Collect$$$$00000001  mc_w.l(entry2.o)
    0x0800018c   0x00000004   Code   RO        10020    .ARM.Collect$$$$00000004  mc_w.l(entry5.o)
    0x08000190   0x00000000   Code   RO        10022    .ARM.Collect$$$$00000008  mc_w.l(entry7b.o)
    0x08000190   0x00000000   Code   RO        10024    .ARM.Collect$$$$0000000A  mc_w.l(entry8b.o)
    0x08000190   0x00000008   Code   RO        10025    .ARM.Collect$$$$0000000B  mc_w.l(entry9a.o)
    0x08000198   0x00000000   Code   RO        10027    .ARM.Collect$$$$0000000D  mc_w.l(entry10a.o)
    0x08000198   0x00000000   Code   RO        10029    .ARM.Collect$$$$0000000F  mc_w.l(entry11a.o)
    0x08000198   0x00000004   Code   RO        10018    .ARM.Collect$$$$00002712  mc_w.l(entry2.o)
    0x0800019c   0x00000024   Code   RO            4    .text               startup_stm32f405xx.o
    0x080001c0   0x00000062   Code   RO         9734    .text               mc_w.l(uldiv.o)
    0x08000222   0x00000024   Code   RO         9736    .text               mc_w.l(memcpya.o)
    0x08000246   0x00000024   Code   RO         9738    .text               mc_w.l(memseta.o)
    0x0800026a   0x00000024   Code   RO         9740    .text               mc_w.l(strstr.o)
    0x0800028e   0x00000018   Code   RO         9742    .text               mc_w.l(strncpy.o)
    0x080002a6   0x00000014   Code   RO         9744    .text               mc_w.l(strchr.o)
    0x080002ba   0x0000001a   Code   RO         9746    .text               mc_w.l(memcmp.o)
    0x080002d4   0x00000038   Code   RO        10011    .text               mc_w.l(__0sscanf.o)
    0x0800030c   0x0000014c   Code   RO        10013    .text               mc_w.l(_scanf_int.o)
    0x08000458   0x0000001c   Code   RO        10015    .text               mf_w.l(ffltul.o)
    0x08000474   0x0000001e   Code   RO        10034    .text               mc_w.l(llshl.o)
    0x08000492   0x00000020   Code   RO        10036    .text               mc_w.l(llushr.o)
    0x080004b2   0x0000001c   Code   RO        10038    .text               mc_w.l(_chval.o)
    0x080004ce   0x00000002   PAD
    0x080004d0   0x00000028   Code   RO        10040    .text               mc_w.l(scanf_char.o)
    0x080004f8   0x00000040   Code   RO        10042    .text               mc_w.l(_sgetc.o)
    0x08000538   0x00000000   Code   RO        10044    .text               mc_w.l(iusefp.o)
    0x08000538   0x0000006e   Code   RO        10045    .text               mf_w.l(fepilogue.o)
    0x080005a6   0x00000002   PAD
    0x080005a8   0x00000024   Code   RO        10057    .text               mc_w.l(init.o)
    0x080005cc   0x0000000a   Code   RO        10061    .text               mc_w.l(isspace_c.o)
    0x080005d6   0x00000002   PAD
    0x080005d8   0x0000032c   Code   RO        10063    .text               mc_w.l(_scanf.o)
    0x08000904   0x00000028   Code   RO        10067    .text               mc_w.l(ctype_c.o)
    0x0800092c   0x00000056   Code   RO        10078    .text               mc_w.l(__dczerorl2.o)
    0x08000982   0x00000002   Code   RO         8113    i.BusFault_Handler  stm32f4xx_it.o
    0x08000984   0x0000000c   Code   RO         8114    i.CAN1_RX0_IRQHandler  stm32f4xx_it.o
    0x08000990   0x0000000c   Code   RO         8115    i.CAN1_TX_IRQHandler  stm32f4xx_it.o
    0x0800099c   0x0000000c   Code   RO         8116    i.CAN2_TX_IRQHandler  stm32f4xx_it.o
    0x080009a8   0x000000b4   Code   RO         8457    i.CAN_User_Init     bsp_can.o
    0x08000a5c   0x00000088   Code   RO         8458    i.CANx_SendNormalData  bsp_can.o
    0x08000ae4   0x00000014   Code   RO         8459    i.Can_Config        bsp_can.o
    0x08000af8   0x00000014   Code   RO         8460    i.Can_Send          bsp_can.o
    0x08000b0c   0x00000030   Code   RO         8905    i.Can_data_Process  can_queue.o
    0x08000b3c   0x0000000e   Code   RO         8906    i.ClearCanQueue     can_queue.o
    0x08000b4a   0x00000002   PAD
    0x08000b4c   0x0000002c   Code   RO         8907    i.ClearCanRxQueue   can_queue.o
    0x08000b78   0x0000002c   Code   RO         8908    i.ClearCanTxQueue   can_queue.o
    0x08000ba4   0x00000020   Code   RO         8867    i.Data_Recover      recover.o
    0x08000bc4   0x00000002   Code   RO         8117    i.DebugMon_Handler  stm32f4xx_it.o
    0x08000bc6   0x00000002   PAD
    0x08000bc8   0x00000110   Code   RO         9200    i.DoubleValve_lvdtFormOutputStr  canmessage_dispatch.o
    0x08000cd8   0x00000002   Code   RO         8118    i.EXTI0_IRQHandler  stm32f4xx_it.o
    0x08000cda   0x00000002   PAD
    0x08000cdc   0x00000050   Code   RO         1796    i.FLASH_Erase_Sector  stm32f4xx_hal_flash_ex.o
    0x08000d2c   0x00000054   Code   RO         1797    i.FLASH_FlushCaches  stm32f4xx_hal_flash_ex.o
    0x08000d80   0x00000040   Code   RO         8361    i.FLASH_If_Erase    internalflash.o
    0x08000dc0   0x00000014   Code   RO         8363    i.FLASH_If_Init     internalflash.o
    0x08000dd4   0x00000078   Code   RO         8365    i.FLASH_If_Write    internalflash.o
    0x08000e4c   0x00000028   Code   RO         1798    i.FLASH_MassErase   stm32f4xx_hal_flash_ex.o
    0x08000e74   0x00000020   Code   RO         1677    i.FLASH_Program_Byte  stm32f4xx_hal_flash.o
    0x08000e94   0x00000068   Code   RO         1681    i.FLASH_SetErrorCode  stm32f4xx_hal_flash.o
    0x08000efc   0x00000050   Code   RO         1682    i.FLASH_WaitForLastOperation  stm32f4xx_hal_flash.o
    0x08000f4c   0x0000002c   Code   RO         8909    i.GetCanQueueRx     can_queue.o
    0x08000f78   0x0000007c   Code   RO         8366    i.GetSector         internalflash.o
    0x08000ff4   0x000000a0   Code   RO         8310    i.GetUpperComputerInfoAndWait3S  common.o
    0x08001094   0x00000024   Code   RO          715    i.HAL_CAN_ActivateNotification  stm32f4xx_hal_can.o
    0x080010b8   0x000000c8   Code   RO          716    i.HAL_CAN_AddTxMessage  stm32f4xx_hal_can.o
    0x08001180   0x0000010c   Code   RO          717    i.HAL_CAN_ConfigFilter  stm32f4xx_hal_can.o
    0x0800128c   0x00000002   Code   RO         8461    i.HAL_CAN_ErrorCallback  bsp_can.o
    0x0800128e   0x000000e8   Code   RO          723    i.HAL_CAN_GetRxMessage  stm32f4xx_hal_can.o
    0x08001376   0x0000002c   Code   RO          725    i.HAL_CAN_GetTxMailboxesFreeLevel  stm32f4xx_hal_can.o
    0x080013a2   0x000001fc   Code   RO          727    i.HAL_CAN_IRQHandler  stm32f4xx_hal_can.o
    0x0800159e   0x0000011a   Code   RO          728    i.HAL_CAN_Init      stm32f4xx_hal_can.o
    0x080016b8   0x0000003c   Code   RO         8462    i.HAL_CAN_MspDeInit  bsp_can.o
    0x080016f4   0x0000008c   Code   RO         8463    i.HAL_CAN_MspInit   bsp_can.o
    0x08001780   0x00000002   Code   RO          735    i.HAL_CAN_RxFifo0FullCallback  stm32f4xx_hal_can.o
    0x08001782   0x00000006   Code   RO         8464    i.HAL_CAN_RxFifo0MsgPendingCallback  bsp_can.o
    0x08001788   0x00000002   Code   RO          737    i.HAL_CAN_RxFifo1FullCallback  stm32f4xx_hal_can.o
    0x0800178a   0x00000006   Code   RO         8465    i.HAL_CAN_RxFifo1MsgPendingCallback  bsp_can.o
    0x08001790   0x00000002   Code   RO          739    i.HAL_CAN_SleepCallback  stm32f4xx_hal_can.o
    0x08001792   0x00000002   PAD
    0x08001794   0x00000058   Code   RO          740    i.HAL_CAN_Start     stm32f4xx_hal_can.o
    0x080017ec   0x00000002   Code   RO          742    i.HAL_CAN_TxMailbox0AbortCallback  stm32f4xx_hal_can.o
    0x080017ee   0x00000002   PAD
    0x080017f0   0x00000010   Code   RO         8466    i.HAL_CAN_TxMailbox0CompleteCallback  bsp_can.o
    0x08001800   0x00000002   Code   RO          744    i.HAL_CAN_TxMailbox1AbortCallback  stm32f4xx_hal_can.o
    0x08001802   0x00000002   PAD
    0x08001804   0x00000010   Code   RO         8467    i.HAL_CAN_TxMailbox1CompleteCallback  bsp_can.o
    0x08001814   0x00000002   Code   RO          746    i.HAL_CAN_TxMailbox2AbortCallback  stm32f4xx_hal_can.o
    0x08001816   0x00000002   PAD
    0x08001818   0x00000010   Code   RO         8468    i.HAL_CAN_TxMailbox2CompleteCallback  bsp_can.o
    0x08001828   0x00000002   Code   RO          749    i.HAL_CAN_WakeUpFromRxMsgCallback  stm32f4xx_hal_can.o
    0x0800182a   0x00000024   Code   RO         1480    i.HAL_DMA_Abort_IT  stm32f4xx_hal_dma.o
    0x0800184e   0x00000002   PAD
    0x08001850   0x00000098   Code   RO         1800    i.HAL_FLASHEx_Erase  stm32f4xx_hal_flash_ex.o
    0x080018e8   0x0000002c   Code   RO         1693    i.HAL_FLASH_Unlock  stm32f4xx_hal_flash.o
    0x08001914   0x00000168   Code   RO         1915    i.HAL_GPIO_DeInit   stm32f4xx_hal_gpio.o
    0x08001a7c   0x000001b8   Code   RO         1918    i.HAL_GPIO_Init     stm32f4xx_hal_gpio.o
    0x08001c34   0x0000000a   Code   RO         1922    i.HAL_GPIO_WritePin  stm32f4xx_hal_gpio.o
    0x08001c3e   0x00000002   PAD
    0x08001c40   0x0000000c   Code   RO          261    i.HAL_GetREVID      stm32f4xx_hal.o
    0x08001c4c   0x0000000c   Code   RO          262    i.HAL_GetTick       stm32f4xx_hal.o
    0x08001c58   0x00000010   Code   RO          268    i.HAL_IncTick       stm32f4xx_hal.o
    0x08001c68   0x00000040   Code   RO          270    i.HAL_InitTick      stm32f4xx_hal.o
    0x08001ca8   0x0000008e   Code   RO         6672    i.HAL_MultiProcessor_Init  stm32f4xx_hal_uart.o
    0x08001d36   0x00000016   Code   RO          970    i.HAL_NVIC_DisableIRQ  stm32f4xx_hal_cortex.o
    0x08001d4c   0x00000016   Code   RO          971    i.HAL_NVIC_EnableIRQ  stm32f4xx_hal_cortex.o
    0x08001d62   0x00000002   PAD
    0x08001d64   0x00000040   Code   RO          977    i.HAL_NVIC_SetPriority  stm32f4xx_hal_cortex.o
    0x08001da4   0x00000134   Code   RO         4128    i.HAL_RCC_ClockConfig  stm32f4xx_hal_rcc.o
    0x08001ed8   0x00000134   Code   RO         4234    i.HAL_RCC_DeInit    stm32f4xx_hal_rcc_ex.o
    0x0800200c   0x00000020   Code   RO         4135    i.HAL_RCC_GetPCLK1Freq  stm32f4xx_hal_rcc.o
    0x0800202c   0x00000020   Code   RO         4136    i.HAL_RCC_GetPCLK2Freq  stm32f4xx_hal_rcc.o
    0x0800204c   0x00000064   Code   RO         4137    i.HAL_RCC_GetSysClockFreq  stm32f4xx_hal_rcc.o
    0x080020b0   0x0000035c   Code   RO         4140    i.HAL_RCC_OscConfig  stm32f4xx_hal_rcc.o
    0x0800240c   0x0000002e   Code   RO         5281    i.HAL_SPI_DeInit    stm32f4xx_hal_spi.o
    0x0800243a   0x0000008c   Code   RO         5286    i.HAL_SPI_Init      stm32f4xx_hal_spi.o
    0x080024c6   0x00000002   Code   RO         5287    i.HAL_SPI_MspDeInit  stm32f4xx_hal_spi.o
    0x080024c8   0x000000b8   Code   RO         8721    i.HAL_SPI_MspInit   spi_flash.o
    0x08002580   0x000001e4   Code   RO         5289    i.HAL_SPI_Receive   stm32f4xx_hal_spi.o
    0x08002764   0x00000188   Code   RO         5294    i.HAL_SPI_Transmit  stm32f4xx_hal_spi.o
    0x080028ec   0x00000266   Code   RO         5295    i.HAL_SPI_TransmitReceive  stm32f4xx_hal_spi.o
    0x08002b52   0x00000028   Code   RO          982    i.HAL_SYSTICK_Config  stm32f4xx_hal_cortex.o
    0x08002b7a   0x00000002   Code   RO         6414    i.HAL_TIMEx_BreakCallback  stm32f4xx_hal_tim_ex.o
    0x08002b7c   0x00000002   Code   RO         6415    i.HAL_TIMEx_CommutCallback  stm32f4xx_hal_tim_ex.o
    0x08002b7e   0x00000002   PAD
    0x08002b80   0x00000090   Code   RO         6432    i.HAL_TIMEx_MasterConfigSynchronization  stm32f4xx_hal_tim_ex.o
    0x08002c10   0x00000038   Code   RO         5737    i.HAL_TIM_Base_DeInit  stm32f4xx_hal_tim.o
    0x08002c48   0x00000036   Code   RO         5739    i.HAL_TIM_Base_Init  stm32f4xx_hal_tim.o
    0x08002c7e   0x00000002   PAD
    0x08002c80   0x0000004c   Code   RO         8636    i.HAL_TIM_Base_MspDeInit  tim.o
    0x08002ccc   0x000000c0   Code   RO         8637    i.HAL_TIM_Base_MspInit  tim.o
    0x08002d8c   0x000000d6   Code   RO         5748    i.HAL_TIM_ConfigClockSource  stm32f4xx_hal_tim.o
    0x08002e62   0x00000002   PAD
    0x08002e64   0x000001b0   Code   RO         8638    i.HAL_TIM_IC_CaptureCallback  tim.o
    0x08003014   0x0000011e   Code   RO         5770    i.HAL_TIM_IC_ConfigChannel  stm32f4xx_hal_tim.o
    0x08003132   0x00000036   Code   RO         5773    i.HAL_TIM_IC_Init   stm32f4xx_hal_tim.o
    0x08003168   0x00000002   Code   RO         5775    i.HAL_TIM_IC_MspInit  stm32f4xx_hal_tim.o
    0x0800316a   0x00000056   Code   RO         5778    i.HAL_TIM_IC_Start_IT  stm32f4xx_hal_tim.o
    0x080031c0   0x00000166   Code   RO         5782    i.HAL_TIM_IRQHandler  stm32f4xx_hal_tim.o
    0x08003326   0x00000002   Code   RO         5785    i.HAL_TIM_OC_DelayElapsedCallback  stm32f4xx_hal_tim.o
    0x08003328   0x00000002   Code   RO         5812    i.HAL_TIM_PWM_PulseFinishedCallback  stm32f4xx_hal_tim.o
    0x0800332a   0x00000002   Code   RO         5820    i.HAL_TIM_PeriodElapsedCallback  stm32f4xx_hal_tim.o
    0x0800332c   0x0000002a   Code   RO         5822    i.HAL_TIM_ReadCapturedValue  stm32f4xx_hal_tim.o
    0x08003356   0x00000056   Code   RO         5823    i.HAL_TIM_SlaveConfigSynchro  stm32f4xx_hal_tim.o
    0x080033ac   0x00000002   Code   RO         5825    i.HAL_TIM_TriggerCallback  stm32f4xx_hal_tim.o
    0x080033ae   0x00000002   Code   RO         6686    i.HAL_UART_ErrorCallback  stm32f4xx_hal_uart.o
    0x080033b0   0x00000114   Code   RO         6689    i.HAL_UART_IRQHandler  stm32f4xx_hal_uart.o
    0x080034c4   0x00000062   Code   RO         6690    i.HAL_UART_Init     stm32f4xx_hal_uart.o
    0x08003526   0x00000002   PAD
    0x08003528   0x00000060   Code   RO         8246    i.HAL_UART_MspDeInit  bsp_debug_usart.o
    0x08003588   0x000000b8   Code   RO         8247    i.HAL_UART_MspInit  bsp_debug_usart.o
    0x08003640   0x00000052   Code   RO         6695    i.HAL_UART_Receive_IT  stm32f4xx_hal_uart.o
    0x08003692   0x00000002   PAD
    0x08003694   0x00000200   Code   RO         8248    i.HAL_UART_RxCpltCallback  bsp_debug_usart.o
    0x08003894   0x000000ba   Code   RO         6698    i.HAL_UART_Transmit  stm32f4xx_hal_uart.o
    0x0800394e   0x00000002   Code   RO         6701    i.HAL_UART_TxCpltCallback  stm32f4xx_hal_uart.o
    0x08003950   0x00000002   Code   RO         8119    i.HardFault_Handler  stm32f4xx_it.o
    0x08003952   0x00000002   PAD
    0x08003954   0x0000000c   Code   RO         9313    i.InitCANdevice     my_canopen_adapter.o
    0x08003960   0x00000014   Code   RO         9314    i.InitNode          my_canopen_adapter.o
    0x08003974   0x00000040   Code   RO         8911    i.InsertCanQueueRx  can_queue.o
    0x080039b4   0x00000028   Code   RO         8915    i.IsFullCanQueueRx  can_queue.o
    0x080039dc   0x000000a0   Code   RO         9122    i.LED_GPIO_Config   led.o
    0x08003a7c   0x00000028   Code   RO         9123    i.LED_GPIO_DeConfig  led.o
    0x08003aa4   0x0000005c   Code   RO         8469    i.MX_CAN1_Init      bsp_can.o
    0x08003b00   0x00000080   Code   RO         8697    i.MX_GPIO_Init      gpio.o
    0x08003b80   0x000000dc   Code   RO         8639    i.MX_TIM2_Init      tim.o
    0x08003c5c   0x000000e0   Code   RO         8640    i.MX_TIM4_Init      tim.o
    0x08003d3c   0x00000068   Code   RO         8249    i.MX_USART2_UART_Init  bsp_debug_usart.o
    0x08003da4   0x00000068   Code   RO         8250    i.MX_USART3_UART_Init  bsp_debug_usart.o
    0x08003e0c   0x000000b8   Code   RO         8585    i.Main_Menu         menu.o
    0x08003ec4   0x00000002   Code   RO         8120    i.MemManage_Handler  stm32f4xx_it.o
    0x08003ec6   0x00000002   PAD
    0x08003ec8   0x0000005c   Code   RO         9201    i.NEW_Can_Message_Dispatch  canmessage_dispatch.o
    0x08003f24   0x00000002   Code   RO         8121    i.NMI_Handler       stm32f4xx_it.o
    0x08003f26   0x00000020   Code   RO          984    i.NVIC_SetPriority  stm32f4xx_hal_cortex.o
    0x08003f46   0x00000002   PAD
    0x08003f48   0x00000068   Code   RO         9635    i.ObjDict_Index1201_Conv_Value  value_conversion.o
    0x08003fb0   0x00000068   Code   RO         9636    i.ObjDict_Index1202_Conv_Value  value_conversion.o
    0x08004018   0x00000068   Code   RO         9637    i.ObjDict_Index1203_Conv_Value  value_conversion.o
    0x08004080   0x00000068   Code   RO         9638    i.ObjDict_Index1204_Conv_Value  value_conversion.o
    0x080040e8   0x00000034   Code   RO         9639    i.ObjDict_Index1207_Conv_Value  value_conversion.o
    0x0800411c   0x00000034   Code   RO         9640    i.ObjDict_Index1208_Conv_Value  value_conversion.o
    0x08004150   0x00000014   Code   RO         9641    i.ObjDict_Index1209_Conv_Value  value_conversion.o
    0x08004164   0x00000020   Code   RO         9642    i.ObjDict_Index120A_Conv_Value  value_conversion.o
    0x08004184   0x00000098   Code   RO         9643    i.ObjDict_Index120B_Conv_Value  value_conversion.o
    0x0800421c   0x00000108   Code   RO         9644    i.ObjDict_Index120C_Conv_Value  value_conversion.o
    0x08004324   0x00000014   Code   RO         9645    i.ObjDict_Index1210_Conv_Value  value_conversion.o
    0x08004338   0x000000dc   Code   RO         9374    i.ObjDict_scanIndexOD  objdict.o
    0x08004414   0x00000004   Code   RO         9375    i.ObjDict_valueRangeTest  objdict.o
    0x08004418   0x00000002   Code   RO         8122    i.PendSV_Handler    stm32f4xx_it.o
    0x0800441a   0x00000034   Code   RO         9486    i.SDOlineToObjdict  sdo.o
    0x0800444e   0x00000030   Code   RO         9487    i.SDOtoLine         sdo.o
    0x0800447e   0x0000005c   Code   RO         5325    i.SPI_EndRxTransaction  stm32f4xx_hal_spi.o
    0x080044da   0x00000002   PAD
    0x080044dc   0x00000058   Code   RO         5326    i.SPI_EndRxTxTransaction  stm32f4xx_hal_spi.o
    0x08004534   0x00000074   Code   RO         8722    i.SPI_FLASH_Init    spi_flash.o
    0x080045a8   0x00000094   Code   RO         5333    i.SPI_WaitFlagStateUntilTimeout  stm32f4xx_hal_spi.o
    0x0800463c   0x00000002   Code   RO         8123    i.SVC_Handler       stm32f4xx_it.o
    0x0800463e   0x00000002   PAD
    0x08004640   0x00000018   Code   RO         8917    i.SetHeadCanQueueRx  can_queue.o
    0x08004658   0x0000010c   Code   RO         9646    i.Set_Objdict_Callback_Func  value_conversion.o
    0x08004764   0x0000000e   Code   RO         8124    i.SysTick_Handler   stm32f4xx_it.o
    0x08004772   0x00000002   PAD
    0x08004774   0x00000020   Code   RO         8421    i.SysTick_Init      bsp_systick.o
    0x08004794   0x0000009c   Code   RO         7990    i.SystemClock_Config  main.o
    0x08004830   0x0000007c   Code   RO           13    i.SystemCoreClockUpdate  system_stm32f4xx.o
    0x080048ac   0x00000054   Code   RO           14    i.SystemInit        system_stm32f4xx.o
    0x08004900   0x0000000c   Code   RO         8125    i.TIM2_IRQHandler   stm32f4xx_it.o
    0x0800490c   0x0000000c   Code   RO         8126    i.TIM4_IRQHandler   stm32f4xx_it.o
    0x08004918   0x000000c8   Code   RO         5827    i.TIM_Base_SetConfig  stm32f4xx_hal_tim.o
    0x080049e0   0x0000001a   Code   RO         5828    i.TIM_CCxChannelCmd  stm32f4xx_hal_tim.o
    0x080049fa   0x00000014   Code   RO         5838    i.TIM_ETR_SetConfig  stm32f4xx_hal_tim.o
    0x08004a0e   0x00000010   Code   RO         5839    i.TIM_ITRx_SetConfig  stm32f4xx_hal_tim.o
    0x08004a1e   0x00000086   Code   RO         5844    i.TIM_SlaveTimer_SetConfig  stm32f4xx_hal_tim.o
    0x08004aa4   0x00000022   Code   RO         5845    i.TIM_TI1_ConfigInputStage  stm32f4xx_hal_tim.o
    0x08004ac6   0x00000002   PAD
    0x08004ac8   0x00000080   Code   RO         5846    i.TIM_TI1_SetConfig  stm32f4xx_hal_tim.o
    0x08004b48   0x00000024   Code   RO         5847    i.TIM_TI2_ConfigInputStage  stm32f4xx_hal_tim.o
    0x08004b6c   0x00000036   Code   RO         5848    i.TIM_TI2_SetConfig  stm32f4xx_hal_tim.o
    0x08004ba2   0x00000002   PAD
    0x08004ba4   0x00000028   Code   RO         8422    i.TimingDelay_Increment  bsp_systick.o
    0x08004bcc   0x00000010   Code   RO         6703    i.UART_DMAAbortOnError  stm32f4xx_hal_uart.o
    0x08004bdc   0x0000001c   Code   RO         6713    i.UART_EndRxTransfer  stm32f4xx_hal_uart.o
    0x08004bf8   0x00000096   Code   RO         6715    i.UART_Receive_IT   stm32f4xx_hal_uart.o
    0x08004c8e   0x00000002   PAD
    0x08004c90   0x00000128   Code   RO         6716    i.UART_SetConfig    stm32f4xx_hal_uart.o
    0x08004db8   0x00000062   Code   RO         6717    i.UART_Transmit_IT  stm32f4xx_hal_uart.o
    0x08004e1a   0x00000064   Code   RO         6718    i.UART_WaitOnFlagUntilTimeout  stm32f4xx_hal_uart.o
    0x08004e7e   0x00000002   PAD
    0x08004e80   0x0000000c   Code   RO         8127    i.USART2_IRQHandler  stm32f4xx_it.o
    0x08004e8c   0x0000000c   Code   RO         8128    i.USART3_IRQHandler  stm32f4xx_it.o
    0x08004e98   0x00000002   Code   RO         8129    i.UsageFault_Handler  stm32f4xx_it.o
    0x08004e9a   0x00000002   PAD
    0x08004e9c   0x00000014   Code   RO         8251    i._Error_Handler    bsp_debug_usart.o
    0x08004eb0   0x00000014   Code   RO         8471    i._Error_Handler    bsp_can.o
    0x08004ec4   0x00000014   Code   RO         8641    i._Error_Handler    tim.o
    0x08004ed8   0x00000014   Code   RO         9028    i._Error_Handler    block_download.o
    0x08004eec   0x00000014   Code   RO         9203    i._Error_Handler    canmessage_dispatch.o
    0x08004f00   0x00000014   Code   RO         9647    i._Error_Handler    value_conversion.o
    0x08004f14   0x00000020   Code   RO         9861    i.__0printf$4       mc_w.l(printf4.o)
    0x08004f34   0x0000000e   Code   RO        10072    i.__scatterload_copy  mc_w.l(handlers.o)
    0x08004f42   0x00000002   Code   RO        10073    i.__scatterload_null  mc_w.l(handlers.o)
    0x08004f44   0x0000000e   Code   RO        10074    i.__scatterload_zeroinit  mc_w.l(handlers.o)
    0x08004f52   0x00000002   PAD
    0x08004f54   0x0000008c   Code   RO         9585    i._getODentry       objacces.o
    0x08004fe0   0x0000022c   Code   RO         9868    i._printf_core      mc_w.l(printf4.o)
    0x0800520c   0x000000c4   Code   RO         9586    i._setODentry       objacces.o
    0x080052d0   0x00000002   Code   RO         9315    i._storeODSubIndex  my_canopen_adapter.o
    0x080052d2   0x00000002   PAD
    0x080052d4   0x000001e4   Code   RO         9587    i.accessDictionaryError  objacces.o
    0x080054b8   0x00000030   Code   RO         9004    i.calc_crc32        crc.o
    0x080054e8   0x000000a8   Code   RO         9488    i.failedSDO         sdo.o
    0x08005590   0x00000010   Code   RO         8723    i.fatal             spi_flash.o
    0x080055a0   0x00000030   Code   RO         9029    i.form_ack_message  block_download.o
    0x080055d0   0x00000018   Code   RO         8252    i.fputc             bsp_debug_usart.o
    0x080055e8   0x00000060   Code   RO         9489    i.getSDOfreeLine    sdo.o
    0x08005648   0x00000038   Code   RO         9490    i.getSDOlineOnUse   sdo.o
    0x08005680   0x0000001a   Code   RO         9491    i.getSDOlineRestBytes  sdo.o
    0x0800569a   0x0000002e   Code   RO         9492    i.initSDOline       sdo.o
    0x080056c8   0x0000003c   Code   RO         9493    i.lineToSDO         sdo.o
    0x08005704   0x000001f0   Code   RO         7991    i.main              main.o
    0x080058f4   0x00000270   Code   RO         9032    i.new_receive_block_packet  block_download.o
    0x08005b64   0x000002ec   Code   RO         9033    i.new_received_last_section  block_download.o
    0x08005e50   0x00000040   Code   RO         9494    i.objdictToSDOline  sdo.o
    0x08005e90   0x00000068   Code   RO         9034    i.pack_dispatch     block_download.o
    0x08005ef8   0x00000064   Code   RO         9035    i.packet_index_preservation  block_download.o
    0x08005f5c   0x00000098   Code   RO         9036    i.packet_index_preservation_last  block_download.o
    0x08005ff4   0x00000040   Code   RO         9037    i.packet_value_reset_flow  block_download.o
    0x08006034   0x000002ec   Code   RO         9495    i.proceedSDO        sdo.o
    0x08006320   0x000000a0   Code   RO         9205    i.report_device_id  canmessage_dispatch.o
    0x080063c0   0x0000010c   Code   RO         9206    i.report_lvdt_loaction  canmessage_dispatch.o
    0x080064cc   0x00000028   Code   RO         9207    i.report_node_info  canmessage_dispatch.o
    0x080064f4   0x00000034   Code   RO         9496    i.resetSDOline      sdo.o
    0x08006528   0x0000006e   Code   RO         9497    i.sendSDO           sdo.o
    0x08006596   0x00000038   Code   RO         9498    i.sendSDOabort      sdo.o
    0x080065ce   0x00000002   PAD
    0x080065d0   0x00000074   Code   RO         9316    i.setNodeId         my_canopen_adapter.o
    0x08006644   0x0000000e   Code   RO         8726    i.spi_flash_config  spi_flash.o
    0x08006652   0x00000002   PAD
    0x08006654   0x00000074   Code   RO         8728    i.spi_flash_erase_page  spi_flash.o
    0x080066c8   0x00000050   Code   RO         8729    i.spi_flash_init    spi_flash.o
    0x08006718   0x00000058   Code   RO         8730    i.spi_flash_rdid    spi_flash.o
    0x08006770   0x0000003c   Code   RO         8731    i.spi_flash_rdsr    spi_flash.o
    0x080067ac   0x0000004c   Code   RO         8732    i.spi_flash_read    spi_flash.o
    0x080067f8   0x00000012   Code   RO         8733    i.spi_flash_ready   spi_flash.o
    0x0800680a   0x00000002   PAD
    0x0800680c   0x00000044   Code   RO         8734    i.spi_flash_wait    spi_flash.o
    0x08006850   0x00000030   Code   RO         8735    i.spi_flash_wrdi    spi_flash.o
    0x08006880   0x0000007c   Code   RO         8736    i.spi_flash_wren    spi_flash.o
    0x080068fc   0x000000d8   Code   RO         8737    i.spi_flash_write   spi_flash.o
    0x080069d4   0x00000040   Code   RO         8738    i.spi_trx           spi_flash.o
    0x08006a14   0x000000bc   Code   RO         8472    i.stm32can_rxinterrupt  bsp_can.o
    0x08006ad0   0x00000010   Data   RO           15    .constdata          system_stm32f4xx.o
    0x08006ae0   0x00000008   Data   RO           16    .constdata          system_stm32f4xx.o
    0x08006ae8   0x00000400   Data   RO         9005    .constdata          crc.o
    0x08006ee8   0x0000004a   Data   RO         9039    .constdata          block_download.o
    0x08006f32   0x00000001   Data   RO         9377    .constdata          objdict.o
    0x08006f33   0x00000001   PAD
    0x08006f34   0x00000078   Data   RO         9378    .constdata          objdict.o
    0x08006fac   0x00000040   Data   RO        10068    .constdata          mc_w.l(ctype_c.o)
    0x08006fec   0x0000004b   Data   RO         9499    .conststring        sdo.o
    0x08007037   0x00000001   PAD
    0x08007038   0x00000020   Data   RO        10070    Region$$Table       anon$$obj.o


    Execution Region RW_IRAM1 (Base: 0x20000000, Size: 0x000023e8, Max: 0x00020000, ABSOLUTE, COMPRESSED[0x0000013c])

    Base Addr    Size         Type   Attr      Idx    E Section Name        Object

    0x20000000   0x00000004   Data   RW           17    .data               system_stm32f4xx.o
    0x20000004   0x0000000c   Data   RW          276    .data               stm32f4xx_hal.o
    0x20000010   0x00000008   Data   RW         7992    .data               main.o
    0x20000018   0x00000004   Data   RW         7993    .data               main.o
    0x2000001c   0x00000004   Data   RW         7994    .data               main.o
    0x20000020   0x00000006   Data   RW         8254    .data               bsp_debug_usart.o
    0x20000026   0x00000002   PAD
    0x20000028   0x00000014   Data   RW         8423    .data               bsp_systick.o
    0x2000003c   0x0000000c   Data   RW         8475    .data               bsp_can.o
    0x20000048   0x0000000c   Data   RW         8588    .data               menu.o
    0x20000054   0x00000020   Data   RW         8643    .data               tim.o
    0x20000074   0x00000004   PAD
    0x20000078   0x00000040   Data   RW         9040    .data               block_download.o
    0x200000b8   0x00000004   Data   RW         9042    .data               block_download.o
    0x200000bc   0x00000004   Data   RW         9043    .data               block_download.o
    0x200000c0   0x00000004   Data   RW         9210    .data               canmessage_dispatch.o
    0x200000c4   0x00000004   Data   RW         9211    .data               canmessage_dispatch.o
    0x200000c8   0x00000008   Data   RW         9214    .data               canmessage_dispatch.o
    0x200000d0   0x0000000c   Data   RW         9222    .data               canmessage_dispatch.o
    0x200000dc   0x00000004   Data   RW         9225    .data               canmessage_dispatch.o
    0x200000e0   0x00000008   Data   RW         9226    .data               canmessage_dispatch.o
    0x200000e8   0x00000008   Data   RW         9227    .data               canmessage_dispatch.o
    0x200000f0   0x00000008   Data   RW         9228    .data               canmessage_dispatch.o
    0x200000f8   0x00000001   Data   RW         9317    .data               my_canopen_adapter.o
    0x200000f9   0x00000001   Data   RW         9379    .data               objdict.o
    0x200000fa   0x00000002   PAD
    0x200000fc   0x00000004   Data   RW         9380    .data               objdict.o
    0x20000100   0x0000000c   Data   RW         9381    .data               objdict.o
    0x2000010c   0x00000001   Data   RW         9382    .data               objdict.o
    0x2000010d   0x00000003   PAD
    0x20000110   0x00000004   Data   RW         9383    .data               objdict.o
    0x20000114   0x00000004   Data   RW         9384    .data               objdict.o
    0x20000118   0x00000030   Data   RW         9385    .data               objdict.o
    0x20000148   0x00000001   Data   RW         9386    .data               objdict.o
    0x20000149   0x00000003   PAD
    0x2000014c   0x00000004   Data   RW         9387    .data               objdict.o
    0x20000150   0x00000004   Data   RW         9389    .data               objdict.o
    0x20000154   0x00000030   Data   RW         9390    .data               objdict.o
    0x20000184   0x00000001   Data   RW         9391    .data               objdict.o
    0x20000185   0x00000003   PAD
    0x20000188   0x00000004   Data   RW         9392    .data               objdict.o
    0x2000018c   0x00000004   Data   RW         9393    .data               objdict.o
    0x20000190   0x00000004   Data   RW         9394    .data               objdict.o
    0x20000194   0x00000030   Data   RW         9395    .data               objdict.o
    0x200001c4   0x00000001   Data   RW         9396    .data               objdict.o
    0x200001c5   0x00000003   PAD
    0x200001c8   0x00000004   Data   RW         9397    .data               objdict.o
    0x200001cc   0x00000004   Data   RW         9398    .data               objdict.o
    0x200001d0   0x00000004   Data   RW         9399    .data               objdict.o
    0x200001d4   0x00000030   Data   RW         9400    .data               objdict.o
    0x20000204   0x00000001   Data   RW         9401    .data               objdict.o
    0x20000205   0x00000003   PAD
    0x20000208   0x00000004   Data   RW         9402    .data               objdict.o
    0x2000020c   0x00000004   Data   RW         9403    .data               objdict.o
    0x20000210   0x00000004   Data   RW         9404    .data               objdict.o
    0x20000214   0x00000030   Data   RW         9405    .data               objdict.o
    0x20000244   0x00000004   Data   RW         9407    .data               objdict.o
    0x20000248   0x00000004   Data   RW         9408    .data               objdict.o
    0x2000024c   0x00000004   Data   RW         9409    .data               objdict.o
    0x20000250   0x00000030   Data   RW         9410    .data               objdict.o
    0x20000280   0x00000001   Data   RW         9411    .data               objdict.o
    0x20000281   0x00000003   PAD
    0x20000284   0x00000004   Data   RW         9412    .data               objdict.o
    0x20000288   0x00000004   Data   RW         9413    .data               objdict.o
    0x2000028c   0x00000004   Data   RW         9414    .data               objdict.o
    0x20000290   0x00000030   Data   RW         9415    .data               objdict.o
    0x200002c0   0x00000001   Data   RW         9416    .data               objdict.o
    0x200002c1   0x00000003   PAD
    0x200002c4   0x00000004   Data   RW         9417    .data               objdict.o
    0x200002c8   0x00000004   Data   RW         9418    .data               objdict.o
    0x200002cc   0x00000004   Data   RW         9419    .data               objdict.o
    0x200002d0   0x00000030   Data   RW         9420    .data               objdict.o
    0x20000300   0x00000001   Data   RW         9421    .data               objdict.o
    0x20000301   0x00000003   PAD
    0x20000304   0x00000004   Data   RW         9422    .data               objdict.o
    0x20000308   0x00000004   Data   RW         9423    .data               objdict.o
    0x2000030c   0x00000004   Data   RW         9424    .data               objdict.o
    0x20000310   0x00000030   Data   RW         9425    .data               objdict.o
    0x20000340   0x00000001   Data   RW         9426    .data               objdict.o
    0x20000341   0x00000003   PAD
    0x20000344   0x00000004   Data   RW         9427    .data               objdict.o
    0x20000348   0x00000004   Data   RW         9428    .data               objdict.o
    0x2000034c   0x00000004   Data   RW         9429    .data               objdict.o
    0x20000350   0x00000030   Data   RW         9430    .data               objdict.o
    0x20000380   0x00000001   Data   RW         9431    .data               objdict.o
    0x20000381   0x00000003   PAD
    0x20000384   0x00000004   Data   RW         9432    .data               objdict.o
    0x20000388   0x00000004   Data   RW         9433    .data               objdict.o
    0x2000038c   0x00000004   Data   RW         9434    .data               objdict.o
    0x20000390   0x00000030   Data   RW         9435    .data               objdict.o
    0x200003c0   0x00000001   Data   RW         9436    .data               objdict.o
    0x200003c1   0x00000003   PAD
    0x200003c4   0x00000004   Data   RW         9437    .data               objdict.o
    0x200003c8   0x00000004   Data   RW         9438    .data               objdict.o
    0x200003cc   0x00000004   Data   RW         9439    .data               objdict.o
    0x200003d0   0x00000030   Data   RW         9440    .data               objdict.o
    0x20000400   0x00000001   Data   RW         9441    .data               objdict.o
    0x20000401   0x00000003   PAD
    0x20000404   0x00000004   Data   RW         9442    .data               objdict.o
    0x20000408   0x00000004   Data   RW         9443    .data               objdict.o
    0x2000040c   0x00000004   Data   RW         9444    .data               objdict.o
    0x20000410   0x00000030   Data   RW         9445    .data               objdict.o
    0x20000440   0x00000001   Data   RW         9446    .data               objdict.o
    0x20000441   0x00000003   PAD
    0x20000444   0x00000004   Data   RW         9447    .data               objdict.o
    0x20000448   0x00000004   Data   RW         9448    .data               objdict.o
    0x2000044c   0x00000004   Data   RW         9449    .data               objdict.o
    0x20000450   0x00000030   Data   RW         9450    .data               objdict.o
    0x20000480   0x00000004   Data   RW         9451    .data               objdict.o
    0x20000484   0x00000004   Data   RW         9452    .data               objdict.o
    0x20000488   0x00000002   Data   RW         9453    .data               objdict.o
    0x2000048a   0x00000002   PAD
    0x2000048c   0x00000c0c   Data   RW         9454    .data               objdict.o
    0x20001098   0x00000004   Data   RW        10031    .data               mc_w.l(stdout.o)
    0x2000109c   0x00000020   Zero   RW         1694    .bss                stm32f4xx_hal_flash.o
    0x200010bc   0x00000180   Zero   RW         8253    .bss                bsp_debug_usart.o
    0x2000123c   0x00000028   Zero   RW         8368    .bss                internalflash.o
    0x20001264   0x0000005c   Zero   RW         8473    .bss                bsp_can.o
    0x200012c0   0x00000080   Zero   RW         8642    .bss                tim.o
    0x20001340   0x0000008c   Zero   RW         8739    .bss                spi_flash.o
    0x200013cc   0x00000018   Zero   RW         8868    .bss                recover.o
    0x200013e4   0x00000580   Zero   RW         8919    .bss                can_queue.o
    0x20001964   0x0000037c   Zero   RW         9038    .bss                block_download.o
    0x20001ce0   0x00000046   Zero   RW         9208    .bss                canmessage_dispatch.o
    0x20001d26   0x0000000e   Zero   RW         9209    .bss                canmessage_dispatch.o
    0x20001d34   0x000000b0   Zero   RW         9376    .bss                objdict.o
    0x20001de4   0x00000004   PAD
    0x20001de8   0x00000600   Zero   RW            1    STACK               startup_stm32f405xx.o

