Component: ARM Compiler 5.06 update 4 (build 422) Tool: armlink [4d35d2]

==============================================================================

Section Cross References

    startup_stm32f405xx.o(RESET) refers to startup_stm32f405xx.o(STACK) for __initial_sp
    startup_stm32f405xx.o(RESET) refers to startup_stm32f405xx.o(.text) for Reset_Handler
    startup_stm32f405xx.o(RESET) refers to stm32f4xx_it.o(i.NMI_Handler) for NMI_Handler
    startup_stm32f405xx.o(RESET) refers to stm32f4xx_it.o(i.HardFault_Handler) for HardFault_Handler
    startup_stm32f405xx.o(RESET) refers to stm32f4xx_it.o(i.MemManage_Handler) for MemManage_Handler
    startup_stm32f405xx.o(RESET) refers to stm32f4xx_it.o(i.BusFault_Handler) for BusFault_Handler
    startup_stm32f405xx.o(RESET) refers to stm32f4xx_it.o(i.UsageFault_Handler) for UsageFault_Handler
    startup_stm32f405xx.o(RESET) refers to stm32f4xx_it.o(i.SVC_Handler) for SVC_Handler
    startup_stm32f405xx.o(RESET) refers to stm32f4xx_it.o(i.DebugMon_Handler) for DebugMon_Handler
    startup_stm32f405xx.o(RESET) refers to stm32f4xx_it.o(i.PendSV_Handler) for PendSV_Handler
    startup_stm32f405xx.o(RESET) refers to stm32f4xx_it.o(i.SysTick_Handler) for SysTick_Handler
    startup_stm32f405xx.o(RESET) refers to stm32f4xx_it.o(i.EXTI0_IRQHandler) for EXTI0_IRQHandler
    startup_stm32f405xx.o(RESET) refers to stm32f4xx_it.o(i.CAN1_TX_IRQHandler) for CAN1_TX_IRQHandler
    startup_stm32f405xx.o(RESET) refers to stm32f4xx_it.o(i.CAN1_RX0_IRQHandler) for CAN1_RX0_IRQHandler
    startup_stm32f405xx.o(RESET) refers to stm32f4xx_it.o(i.CAN2_TX_IRQHandler) for CAN2_TX_IRQHandler
    startup_stm32f405xx.o(.text) refers to system_stm32f4xx.o(i.SystemInit) for SystemInit
    startup_stm32f405xx.o(.text) refers to entry.o(.ARM.Collect$$$$00000000) for __main
    system_stm32f4xx.o(i.SystemCoreClockUpdate) refers to system_stm32f4xx.o(.data) for .data
    system_stm32f4xx.o(i.SystemCoreClockUpdate) refers to system_stm32f4xx.o(.constdata) for .constdata
    stm32f4xx_hal.o(i.HAL_DeInit) refers to stm32f4xx_hal.o(i.HAL_MspDeInit) for HAL_MspDeInit
    stm32f4xx_hal.o(i.HAL_Delay) refers to stm32f4xx_hal.o(i.HAL_GetTick) for HAL_GetTick
    stm32f4xx_hal.o(i.HAL_Delay) refers to stm32f4xx_hal.o(.data) for .data
    stm32f4xx_hal.o(i.HAL_GetTick) refers to stm32f4xx_hal.o(.data) for .data
    stm32f4xx_hal.o(i.HAL_GetTickFreq) refers to stm32f4xx_hal.o(.data) for .data
    stm32f4xx_hal.o(i.HAL_GetTickPrio) refers to stm32f4xx_hal.o(.data) for .data
    stm32f4xx_hal.o(i.HAL_IncTick) refers to stm32f4xx_hal.o(.data) for .data
    stm32f4xx_hal.o(i.HAL_Init) refers to stm32f4xx_hal_cortex.o(i.HAL_NVIC_SetPriorityGrouping) for HAL_NVIC_SetPriorityGrouping
    stm32f4xx_hal.o(i.HAL_Init) refers to stm32f4xx_hal.o(i.HAL_InitTick) for HAL_InitTick
    stm32f4xx_hal.o(i.HAL_Init) refers to stm32f4xx_hal.o(i.HAL_MspInit) for HAL_MspInit
    stm32f4xx_hal.o(i.HAL_InitTick) refers to stm32f4xx_hal_cortex.o(i.HAL_SYSTICK_Config) for HAL_SYSTICK_Config
    stm32f4xx_hal.o(i.HAL_InitTick) refers to stm32f4xx_hal_cortex.o(i.HAL_NVIC_SetPriority) for HAL_NVIC_SetPriority
    stm32f4xx_hal.o(i.HAL_InitTick) refers to stm32f4xx_hal.o(.data) for .data
    stm32f4xx_hal.o(i.HAL_InitTick) refers to system_stm32f4xx.o(.data) for SystemCoreClock
    stm32f4xx_hal.o(i.HAL_SetTickFreq) refers to stm32f4xx_hal.o(i.HAL_InitTick) for HAL_InitTick
    stm32f4xx_hal.o(i.HAL_SetTickFreq) refers to stm32f4xx_hal.o(.data) for .data
    stm32f4xx_hal_adc.o(i.ADC_DMAConvCplt) refers to stm32f4xx_hal_adc.o(i.HAL_ADC_ErrorCallback) for HAL_ADC_ErrorCallback
    stm32f4xx_hal_adc.o(i.ADC_DMAConvCplt) refers to stm32f4xx_hal_adc.o(i.HAL_ADC_ConvCpltCallback) for HAL_ADC_ConvCpltCallback
    stm32f4xx_hal_adc.o(i.ADC_DMAError) refers to stm32f4xx_hal_adc.o(i.HAL_ADC_ErrorCallback) for HAL_ADC_ErrorCallback
    stm32f4xx_hal_adc.o(i.ADC_DMAHalfConvCplt) refers to stm32f4xx_hal_adc.o(i.HAL_ADC_ConvHalfCpltCallback) for HAL_ADC_ConvHalfCpltCallback
    stm32f4xx_hal_adc.o(i.HAL_ADC_ConfigChannel) refers to system_stm32f4xx.o(.data) for SystemCoreClock
    stm32f4xx_hal_adc.o(i.HAL_ADC_DeInit) refers to stm32f4xx_hal_adc.o(i.HAL_ADC_MspDeInit) for HAL_ADC_MspDeInit
    stm32f4xx_hal_adc.o(i.HAL_ADC_IRQHandler) refers to stm32f4xx_hal_adc.o(i.HAL_ADC_ConvCpltCallback) for HAL_ADC_ConvCpltCallback
    stm32f4xx_hal_adc.o(i.HAL_ADC_IRQHandler) refers to stm32f4xx_hal_adc_ex.o(i.HAL_ADCEx_InjectedConvCpltCallback) for HAL_ADCEx_InjectedConvCpltCallback
    stm32f4xx_hal_adc.o(i.HAL_ADC_IRQHandler) refers to stm32f4xx_hal_adc.o(i.HAL_ADC_LevelOutOfWindowCallback) for HAL_ADC_LevelOutOfWindowCallback
    stm32f4xx_hal_adc.o(i.HAL_ADC_IRQHandler) refers to stm32f4xx_hal_adc.o(i.HAL_ADC_ErrorCallback) for HAL_ADC_ErrorCallback
    stm32f4xx_hal_adc.o(i.HAL_ADC_Init) refers to stm32f4xx_hal_adc.o(i.HAL_ADC_MspInit) for HAL_ADC_MspInit
    stm32f4xx_hal_adc.o(i.HAL_ADC_Init) refers to stm32f4xx_hal_adc.o(i.ADC_Init) for ADC_Init
[...]
    ..\Libraries\STM32F4xx_HAL_Driver\Src\stm32f4xx_hal_adc.c 0x00000000   Number         0  stm32f4xx_hal_adc.o ABSOLUTE
    ..\Libraries\STM32F4xx_HAL_Driver\Src\stm32f4xx_hal_adc_ex.c 0x00000000   Number         0  stm32f4xx_hal_adc_ex.o ABSOLUTE
    ..\Libraries\STM32F4xx_HAL_Driver\Src\stm32f4xx_hal_can.c 0x00000000   Number         0  stm32f4xx_hal_can.o ABSOLUTE
    ..\Libraries\STM32F4xx_HAL_Driver\Src\stm32f4xx_hal_cec.c 0x00000000   Number         0  stm32f4xx_hal_cec.o ABSOLUTE
    ..\Libraries\STM32F4xx_HAL_Driver\Src\stm32f4xx_hal_cortex.c 0x00000000   Number         0  stm32f4xx_hal_cortex.o ABSOLUTE
    ..\Libraries\STM32F4xx_HAL_Driver\Src\stm32f4xx_hal_crc.c 0x00000000   Number         0  stm32f4xx_hal_crc.o ABSOLUTE
    ..\Libraries\STM32F4xx_HAL_Driver\Src\stm32f4xx_hal_cryp.c 0x00000000   Number         0  stm32f4xx_hal_cryp.o ABSOLUTE
    ..\Libraries\STM32F4xx_HAL_Driver\Src\stm32f4xx_hal_cryp_ex.c 0x00000000   Number         0  stm32f4xx_hal_cryp_ex.o ABSOLUTE
    ..\Libraries\STM32F4xx_HAL_Driver\Src\stm32f4xx_hal_dac.c 0x00000000   Number         0  stm32f4xx_hal_dac.o ABSOLUTE
    ..\Libraries\STM32F4xx_HAL_Driver\Src\stm32f4xx_hal_dac_ex.c 0x00000000   Number         0  stm32f4xx_hal_dac_ex.o ABSOLUTE
    ..\Libraries\STM32F4xx_HAL_Driver\Src\stm32f4xx_hal_dcmi.c 0x00000000   Number         0  stm32f4xx_hal_dcmi.o ABSOLUTE
    ..\Libraries\STM32F4xx_HAL_Driver\Src\stm32f4xx_hal_dcmi_ex.c 0x00000000   Number         0  stm32f4xx_hal_dcmi_ex.o ABSOLUTE
    ..\Libraries\STM32F4xx_HAL_Driver\Src\stm32f4xx_hal_dfsdm.c 0x00000000   Number         0  stm32f4xx_hal_dfsdm.o ABSOLUTE
    ..\Libraries\STM32F4xx_HAL_Driver\Src\stm32f4xx_hal_dma.c 0x00000000   Number         0  stm32f4xx_hal_dma.o ABSOLUTE
    ..\Libraries\STM32F4xx_HAL_Driver\Src\stm32f4xx_hal_dma2d.c 0x00000000   Number         0  stm32f4xx_hal_dma2d.o ABSOLUTE
    ..\Libraries\STM32F4xx_HAL_Driver\Src\stm32f4xx_hal_dma_ex.c 0x00000000   Number         0  stm32f4xx_hal_dma_ex.o ABSOLUTE
    ..\Libraries\STM32F4xx_HAL_Driver\Src\stm32f4xx_hal_dsi.c 0x00000000   Number         0  stm32f4xx_hal_dsi.o ABSOLUTE
    ..\Libraries\STM32F4xx_HAL_Driver\Src\stm32f4xx_hal_eth.c 0x00000000   Number         0  stm32f4xx_hal_eth.o ABSOLUTE
    ..\Libraries\STM32F4xx_HAL_Driver\Src\stm32f4xx_hal_flash.c 0x00000000   Number         0  stm32f4xx_hal_flash.o ABSOLUTE
    ..\Libraries\STM32F4xx_HAL_Driver\Src\stm32f4xx_hal_flash_ex.c 0x00000000   Number         0  stm32f4xx_hal_flash_ex.o ABSOLUTE
    ..\Libraries\STM32F4xx_HAL_Driver\Src\stm32f4xx_hal_flash_ramfunc.c 0x00000000   Number         0  stm32f4xx_hal_flash_ramfunc.o ABSOLUTE
    ..\Libraries\STM32F4xx_HAL_Driver\Src\stm32f4xx_hal_fmpi2c.c 0x00000000   Number         0  stm32f4xx_hal_fmpi2c.o ABSOLUTE
    ..\Libraries\STM32F4xx_HAL_Driver\Src\stm32f4xx_hal_fmpi2c_ex.c 0x00000000   Number         0  stm32f4xx_hal_fmpi2c_ex.o ABSOLUTE
    ..\Libraries\STM32F4xx_HAL_Driver\Src\stm32f4xx_hal_gpio.c 0x00000000   Number         0  stm32f4xx_hal_gpio.o ABSOLUTE
    ..\Libraries\STM32F4xx_HAL_Driver\Src\stm32f4xx_hal_hash.c 0x00000000   Number         0  stm32f4xx_hal_hash.o ABSOLUTE
    ..\Libraries\STM32F4xx_HAL_Driver\Src\stm32f4xx_hal_hash_ex.c 0x00000000   Number         0  stm32f4xx_hal_hash_ex.o ABSOLUTE
    ..\Libraries\STM32F4xx_HAL_Driver\Src\stm32f4xx_hal_hcd.c 0x00000000   Number         0  stm32f4xx_hal_hcd.o ABSOLUTE
    ..\Libraries\STM32F4xx_HAL_Driver\Src\stm32f4xx_hal_i2c.c 0x00000000   Number         0  stm32f4xx_hal_i2c.o ABSOLUTE
    ..\Libraries\STM32F4xx_HAL_Driver\Src\stm32f4xx_hal_i2c_ex.c 0x00000000   Number         0  stm32f4xx_hal_i2c_ex.o ABSOLUTE
    ..\Libraries\STM32F4xx_HAL_Driver\Src\stm32f4xx_hal_i2s.c 0x00000000   Number         0  stm32f4xx_hal_i2s.o ABSOLUTE
    ..\Libraries\STM32F4xx_HAL_Driver\Src\stm32f4xx_hal_i2s_ex.c 0x00000000   Number         0  stm32f4xx_hal_i2s_ex.o ABSOLUTE
    ..\Libraries\STM32F4xx_HAL_Driver\Src\stm32f4xx_hal_irda.c 0x00000000   Number         0  stm32f4xx_hal_irda.o ABSOLUTE
    ..\Libraries\STM32F4xx_HAL_Driver\Src\stm32f4xx_hal_iwdg.c 0x00000000   Number         0  stm32f4xx_hal_iwdg.o ABSOLUTE
    ..\Libraries\STM32F4xx_HAL_Driver\Src\stm32f4xx_hal_lptim.c 0x00000000   Number         0  stm32f4xx_hal_lptim.o ABSOLUTE
    ..\Libraries\STM32F4xx_HAL_Driver\Src\stm32f4xx_hal_ltdc.c 0x00000000   Number         0  stm32f4xx_hal_ltdc.o ABSOLUTE
    ..\Libraries\STM32F4xx_HAL_Driver\Src\stm32f4xx_hal_ltdc_ex.c 0x00000000   Number         0  stm32f4xx_hal_ltdc_ex.o ABSOLUTE
    ..\Libraries\STM32F4xx_HAL_Driver\Src\stm32f4xx_hal_mmc.c 0x00000000   Number         0  stm32f4xx_hal_mmc.o ABSOLUTE
    ..\Libraries\STM32F4xx_HAL_Driver\Src\stm32f4xx_hal_nand.c 0x00000000   Number         0  stm32f4xx_hal_nand.o ABSOLUTE
    ..\Libraries\STM32F4xx_HAL_Driver\Src\stm32f4xx_hal_nor.c 0x00000000   Number         0  stm32f4xx_hal_nor.o ABSOLUTE
    ..\Libraries\STM32F4xx_HAL_Driver\Src\stm32f4xx_hal_pccard.c 0x00000000   Number         0  stm32f4xx_hal_pccard.o ABSOLUTE
    ..\Libraries\STM32F4xx_HAL_Driver\Src\stm32f4xx_hal_pcd.c 0x00000000   Number         0  stm32f4xx_hal_pcd.o ABSOLUTE
    ..\Libraries\STM32F4xx_HAL_Driver\Src\stm32f4xx_hal_pcd_ex.c 0x00000000   Number         0  stm32f4xx_hal_pcd_ex.o ABSOLUTE
    ..\Libraries\STM32F4xx_HAL_Driver\Src\stm32f4xx_hal_pwr.c 0x00000000   Number         0  stm32f4xx_hal_pwr.o ABSOLUTE
    ..\Libraries\STM32F4xx_HAL_Driver\Src\stm32f4xx_hal_pwr_ex.c 0x00000000   Number         0  stm32f4xx_hal_pwr_ex.o ABSOLUTE
    ..\Libraries\STM32F4xx_HAL_Driver\Src\stm32f4xx_hal_qspi.c 0x00000000   Number         0  stm32f4xx_hal_qspi.o ABSOLUTE
    ..\Libraries\STM32F4xx_HAL_Driver\Src\stm32f4xx_hal_rcc.c 0x00000000   Number         0  stm32f4xx_hal_rcc.o ABSOLUTE
    ..\Libraries\STM32F4xx_HAL_Driver\Src\stm32f4xx_hal_rcc_ex.c 0x00000000   Number         0  stm32f4xx_hal_rcc_ex.o ABSOLUTE
    ..\Libraries\STM32F4xx_HAL_Driver\Src\stm32f4xx_hal_rng.c 0x00000000   Number         0  stm32f4xx_hal_rng.o ABSOLUTE
    ..\Libraries\STM32F4xx_HAL_Driver\Src\stm32f4xx_hal_rtc.c 0x00000000   Number         0  stm32f4xx_hal_rtc.o ABSOLUTE
    ..\Libraries\STM32F4xx_HAL_Driver\Src\stm32f4xx_hal_rtc_ex.c 0x00000000   Number         0  stm32f4xx_hal_rtc_ex.o ABSOLUTE
    ..\Libraries\STM32F4xx_HAL_Driver\Src\stm32f4xx_hal_sai.c 0x00000000   Number         0  stm32f4xx_hal_sai.o ABSOLUTE
    ..\Libraries\STM32F4xx_HAL_Driver\Src\stm32f4xx_hal_sai_ex.c 0x00000000   Number         0  stm32f4xx_hal_sai_ex.o ABSOLUTE
    ..\Libraries\STM32F4xx_HAL_Driver\Src\stm32f4xx_hal_sd.c 0x00000000   Number         0  stm32f4xx_hal_sd.o ABSOLUTE
    ..\Libraries\STM32F4xx_HAL_Driver\Src\stm32f4xx_hal_sdram.c 0x00000000   Number         0  stm32f4xx_hal_sdram.o ABSOLUTE
    ..\Libraries\STM32F4xx_HAL_Driver\Src\stm32f4xx_hal_smartcard.c 0x00000000   Number         0  stm32f4xx_hal_smartcard.o ABSOLUTE
    ..\Libraries\STM32F4xx_HAL_Driver\Src\stm32f4xx_hal_spdifrx.c 0x00000000   Number         0  stm32f4xx_hal_spdifrx.o ABSOLUTE
    ..\Libraries\STM32F4xx_HAL_Driver\Src\stm32f4xx_hal_spi.c 0x00000000   Number         0  stm32f4xx_hal_spi.o ABSOLUTE
    ..\Libraries\STM32F4xx_HAL_Driver\Src\stm32f4xx_hal_sram.c 0x00000000   Number         0  stm32f4xx_hal_sram.o ABSOLUTE
    ..\Libraries\STM32F4xx_HAL_Driver\Src\stm32f4xx_hal_tim.c 0x00000000   Number         0  stm32f4xx_hal_tim.o ABSOLUTE
    ..\Libraries\STM32F4xx_HAL_Driver\Src\stm32f4xx_hal_tim_ex.c 0x00000000   Number         0  stm32f4xx_hal_tim_ex.o ABSOLUTE
    ..\Libraries\STM32F4xx_HAL_Driver\Src\stm32f4xx_hal_uart.c 0x00000000   Number         0  stm32f4xx_hal_uart.o ABSOLUTE
    ..\Libraries\STM32F4xx_HAL_Driver\Src\stm32f4xx_hal_usart.c 0x00000000   Number         0  stm32f4xx_hal_usart.o ABSOLUTE
    ..\Libraries\STM32F4xx_HAL_Driver\Src\stm32f4xx_hal_wwdg.c 0x00000000   Number         0  stm32f4xx_hal_wwdg.o ABSOLUTE
    ..\Libraries\STM32F4xx_HAL_Driver\Src\stm32f4xx_ll_fsmc.c 0x00000000   Number         0  stm32f4xx_ll_fsmc.o ABSOLUTE
    ..\Libraries\STM32F4xx_HAL_Driver\Src\stm32f4xx_ll_sdmmc.c 0x00000000   Number         0  stm32f4xx_ll_sdmmc.o ABSOLUTE
    ..\Libraries\STM32F4xx_HAL_Driver\Src\stm32f4xx_ll_usb.c 0x00000000   Number         0  stm32f4xx_ll_usb.o ABSOLUTE
    ..\User\bin_backup.c                     0x00000000   Number         0  bin_backup.o ABSOLUTE
    ..\User\block_download.c                 0x00000000   Number         0  block_download.o ABSOLUTE
    ..\User\bsp_SysTick.c                    0x00000000   Number         0  bsp_systick.o ABSOLUTE
    ..\User\bsp_can.c                        0x00000000   Number         0  bsp_can.o ABSOLUTE
    ..\User\can_queue.c                      0x00000000   Number         0  can_queue.o ABSOLUTE
    ..\User\canmessage_dispatch.c            0x00000000   Number         0  canmessage_dispatch.o ABSOLUTE
    ..\User\common.c                         0x00000000   Number         0  common.o ABSOLUTE
    ..\User\crc.c                            0x00000000   Number         0  crc.o ABSOLUTE
    ..\User\internalFlash.c                  0x00000000   Number         0  internalflash.o ABSOLUTE
    ..\User\led.c                            0x00000000   Number         0  led.o ABSOLUTE
    ..\User\main.c                           0x00000000   Number         0  main.o ABSOLUTE
    ..\User\menu.c                           0x00000000   Number         0  menu.o ABSOLUTE
    ..\User\recover.c                        0x00000000   Number         0  recover.o ABSOLUTE
    ..\User\spi.c                            0x00000000   Number         0  spi.o ABSOLUTE
    ..\User\spi_flash.c                      0x00000000   Number         0  spi_flash.o ABSOLUTE
    ..\User\stm32f4xx_it.c                   0x00000000   Number         0  stm32f4xx_it.o ABSOLUTE
    ..\User\usart\bsp_debug_usart.c          0x00000000   Number         0  bsp_debug_usart.o ABSOLUTE
    ..\\Libraries\\CMSIS\\Device\\ST\\STM32F4xx\\Source\\Templates\\system_stm32f4xx.c 0x00000000   Number         0  system_stm32f4xx.o ABSOLUTE
    ..\\Libraries\\STM32F4xx_HAL_Driver\\Src\\stm32f4xx_hal.c 0x00000000   Number         0  stm32f4xx_hal.o ABSOLUTE
    ..\\Libraries\\STM32F4xx_HAL_Driver\\Src\\stm32f4xx_hal_adc.c 0x00000000   Number         0  stm32f4xx_hal_adc.o ABSOLUTE
    ..\\Libraries\\STM32F4xx_HAL_Driver\\Src\\stm32f4xx_hal_adc_ex.c 0x00000000   Number         0  stm32f4xx_hal_adc_ex.o ABSOLUTE
    ..\\Libraries\\STM32F4xx_HAL_Driver\\Src\\stm32f4xx_hal_can.c 0x00000000   Number         0  stm32f4xx_hal_can.o ABSOLUTE
    ..\\Libraries\\STM32F4xx_HAL_Driver\\Src\\stm32f4xx_hal_cec.c 0x00000000   Number         0  stm32f4xx_hal_cec.o ABSOLUTE
    ..\\Libraries\\STM32F4xx_HAL_Driver\\Src\\stm32f4xx_hal_cortex.c 0x00000000   Number         0  stm32f4xx_hal_cortex.o ABSOLUTE
    ..\\Libraries\\STM32F4xx_HAL_Driver\\Src\\stm32f4xx_hal_crc.c 0x00000000   Number         0  stm32f4xx_hal_crc.o ABSOLUTE
    ..\\Libraries\\STM32F4xx_HAL_Driver\\Src\\stm32f4xx_hal_cryp.c 0x00000000   Number         0  stm32f4xx_hal_cryp.o ABSOLUTE
    ..\\Libraries\\STM32F4xx_HAL_Driver\\Src\\stm32f4xx_hal_cryp_ex.c 0x00000000   Number         0  stm32f4xx_hal_cryp_ex.o ABSOLUTE
    ..\\Libraries\\STM32F4xx_HAL_Driver\\Src\\stm32f4xx_hal_dac.c 0x00000000   Number         0  stm32f4xx_hal_dac.o ABSOLUTE
    ..\\Libraries\\STM32F4xx_HAL_Driver\\Src\\stm32f4xx_hal_dac_ex.c 0x00000000   Number         0  stm32f4xx_hal_dac_ex.o ABSOLUTE
    ..\\Libraries\\STM32F4xx_HAL_Driver\\Src\\stm32f4xx_hal_dcmi.c 0x00000000   Number         0  stm32f4xx_hal_dcmi.o ABSOLUTE
    ..\\Libraries\\STM32F4xx_HAL_Driver\\Src\\stm32f4xx_hal_dcmi_ex.c 0x00000000   Number         0  stm32f4xx_hal_dcmi_ex.o ABSOLUTE
    ..\\Libraries\\STM32F4xx_HAL_Driver\\Src\\stm32f4xx_hal_dfsdm.c 0x00000000   Number         0  stm32f4xx_hal_dfsdm.o ABSOLUTE
    ..\\Libraries\\STM32F4xx_HAL_Driver\\Src\\stm32f4xx_hal_dma.c 0x00000000   Number         0  stm32f4xx_hal_dma.o ABSOLUTE
    ..\\Libraries\\STM32F4xx_HAL_Driver\\Src\\stm32f4xx_hal_dma2d.c 0x00000000   Number         0  stm32f4xx_hal_dma2d.o ABSOLUTE
    ..\\Libraries\\STM32F4xx_HAL_Driver\\Src\\stm32f4xx_hal_dma_ex.c 0x00000000   Number         0  stm32f4xx_hal_dma_ex.o ABSOLUTE
    ..\\Libraries\\STM32F4xx_HAL_Driver\\Src\\stm32f4xx_hal_dsi.c 0x00000000   Number         0  stm32f4xx_hal_dsi.o ABSOLUTE
    ..\\Libraries\\STM32F4xx_HAL_Driver\\Src\\stm32f4xx_hal_eth.c 0x00000000   Number         0  stm32f4xx_hal_eth.o ABSOLUTE
    ..\\Libraries\\STM32F4xx_HAL_Driver\\Src\\stm32f4xx_hal_flash.c 0x00000000   Number         0  stm32f4xx_hal_flash.o ABSOLUTE
    ..\\Libraries\\STM32F4xx_HAL_Driver\\Src\\stm32f4xx_hal_flash_ex.c 0x00000000   Number         0  stm32f4xx_hal_flash_ex.o ABSOLUTE
    ..\\Libraries\\STM32F4xx_HAL_Driver\\Src\\stm32f4xx_hal_flash_ramfunc.c 0x00000000   Number         0  stm32f4xx_hal_flash_ramfunc.o ABSOLUTE
    ..\\Libraries\\STM32F4xx_HAL_Driver\\Src\\stm32f4xx_hal_fmpi2c.c 0x00000000   Number         0  stm32f4xx_hal_fmpi2c.o ABSOLUTE
    ..\\Libraries\\STM32F4xx_HAL_Driver\\Src\\stm32f4xx_hal_fmpi2c_ex.c 0x00000000   Number         0  stm32f4xx_hal_fmpi2c_ex.o ABSOLUTE
    ..\\Libraries\\STM32F4xx_HAL_Driver\\Src\\stm32f4xx_hal_gpio.c 0x00000000   Number         0  stm32f4xx_hal_gpio.o ABSOLUTE
    ..\\Libraries\\STM32F4xx_HAL_Driver\\Src\\stm32f4xx_hal_hash.c 0x00000000   Number         0  stm32f4xx_hal_hash.o ABSOLUTE
    ..\\Libraries\\STM32F4xx_HAL_Driver\\Src\\stm32f4xx_hal_hash_ex.c 0x00000000   Number         0  stm32f4xx_hal_hash_ex.o ABSOLUTE
    ..\\Libraries\\STM32F4xx_HAL_Driver\\Src\\stm32f4xx_hal_hcd.c 0x00000000   Number         0  stm32f4xx_hal_hcd.o ABSOLUTE
    ..\\Libraries\\STM32F4xx_HAL_Driver\\Src\\stm32f4xx_hal_i2c.c 0x00000000   Number         0  stm32f4xx_hal_i2c.o ABSOLUTE
    ..\\Libraries\\STM32F4xx_HAL_Driver\\Src\\stm32f4xx_hal_i2c_ex.c 0x00000000   Number         0  stm32f4xx_hal_i2c_ex.o ABSOLUTE
    ..\\Libraries\\STM32F4xx_HAL_Driver\\Src\\stm32f4xx_hal_i2s.c 0x00000000   Number         0  stm32f4xx_hal_i2s.o ABSOLUTE
    ..\\Libraries\\STM32F4xx_HAL_Driver\\Src\\stm32f4xx_hal_i2s_ex.c 0x00000000   Number         0  stm32f4xx_hal_i2s_ex.o ABSOLUTE
    ..\\Libraries\\STM32F4xx_HAL_Driver\\Src\\stm32f4xx_hal_irda.c 0x00000000   Number         0  stm32f4xx_hal_irda.o ABSOLUTE
    ..\\Libraries\\STM32F4xx_HAL_Driver\\Src\\stm32f4xx_hal_iwdg.c 0x00000000   Number         0  stm32f4xx_hal_iwdg.o ABSOLUTE
    ..\\Libraries\\STM32F4xx_HAL_Driver\\Src\\stm32f4xx_hal_lptim.c 0x00000000   Number         0  stm32f4xx_hal_lptim.o ABSOLUTE
    ..\\Libraries\\STM32F4xx_HAL_Driver\\Src\\stm32f4xx_hal_ltdc.c 0x00000000   Number         0  stm32f4xx_hal_ltdc.o ABSOLUTE
    ..\\Libraries\\STM32F4xx_HAL_Driver\\Src\\stm32f4xx_hal_ltdc_ex.c 0x00000000   Number         0  stm32f4xx_hal_ltdc_ex.o ABSOLUTE
    ..\\Libraries\\STM32F4xx_HAL_Driver\\Src\\stm32f4xx_hal_mmc.c 0x00000000   Number         0  stm32f4xx_hal_mmc.o ABSOLUTE
    ..\\Libraries\\STM32F4xx_HAL_Driver\\Src\\stm32f4xx_hal_nand.c 0x00000000   Number         0  stm32f4xx_hal_nand.o ABSOLUTE
    ..\\Libraries\\STM32F4xx_HAL_Driver\\Src\\stm32f4xx_hal_nor.c 0x00000000   Number         0  stm32f4xx_hal_nor.o ABSOLUTE
    ..\\Libraries\\STM32F4xx_HAL_Driver\\Src\\stm32f4xx_hal_pccard.c 0x00000000   Number         0  stm32f4xx_hal_pccard.o ABSOLUTE
    ..\\Libraries\\STM32F4xx_HAL_Driver\\Src\\stm32f4xx_hal_pcd.c 0x00000000   Number         0  stm32f4xx_hal_pcd.o ABSOLUTE
    ..\\Libraries\\STM32F4xx_HAL_Driver\\Src\\stm32f4xx_hal_pcd_ex.c 0x00000000   Number         0  stm32f4xx_hal_pcd_ex.o ABSOLUTE
    ..\\Libraries\\STM32F4xx_HAL_Driver\\Src\\stm32f4xx_hal_pwr.c 0x00000000   Number         0  stm32f4xx_hal_pwr.o ABSOLUTE
    ..\\Libraries\\STM32F4xx_HAL_Driver\\Src\\stm32f4xx_hal_pwr_ex.c 0x00000000   Number         0  stm32f4xx_hal_pwr_ex.o ABSOLUTE
    ..\\Libraries\\STM32F4xx_HAL_Driver\\Src\\stm32f4xx_hal_qspi.c 0x00000000   Number         0  stm32f4xx_hal_qspi.o ABSOLUTE
    ..\\Libraries\\STM32F4xx_HAL_Driver\\Src\\stm32f4xx_hal_rcc.c 0x00000000   Number         0  stm32f4xx_hal_rcc.o ABSOLUTE
    ..\\Libraries\\STM32F4xx_HAL_Driver\\Src\\stm32f4xx_hal_rcc_ex.c 0x00000000   Number         0  stm32f4xx_hal_rcc_ex.o ABSOLUTE
    ..\\Libraries\\STM32F4xx_HAL_Driver\\Src\\stm32f4xx_hal_rng.c 0x00000000   Number         0  stm32f4xx_hal_rng.o ABSOLUTE
    ..\\Libraries\\STM32F4xx_HAL_Driver\\Src\\stm32f4xx_hal_rtc.c 0x00000000   Number         0  stm32f4xx_hal_rtc.o ABSOLUTE
    ..\\Libraries\\STM32F4xx_HAL_Driver\\Src\\stm32f4xx_hal_rtc_ex.c 0x00000000   Number         0  stm32f4xx_hal_rtc_ex.o ABSOLUTE
    ..\\Libraries\\STM32F4xx_HAL_Driver\\Src\\stm32f4xx_hal_sai.c 0x00000000   Number         0  stm32f4xx_hal_sai.o ABSOLUTE
    ..\\Libraries\\STM32F4xx_HAL_Driver\\Src\\stm32f4xx_hal_sai_ex.c 0x00000000   Number         0  stm32f4xx_hal_sai_ex.o ABSOLUTE
    ..\\Libraries\\STM32F4xx_HAL_Driver\\Src\\stm32f4xx_hal_sd.c 0x00000000   Number         0  stm32f4xx_hal_sd.o ABSOLUTE
    ..\\Libraries\\STM32F4xx_HAL_Driver\\Src\\stm32f4xx_hal_sdram.c 0x00000000   Number         0  stm32f4xx_hal_sdram.o ABSOLUTE
    ..\\Libraries\\STM32F4xx_HAL_Driver\\Src\\stm32f4xx_hal_smartcard.c 0x00000000   Number         0  stm32f4xx_hal_smartcard.o ABSOLUTE
    ..\\Libraries\\STM32F4xx_HAL_Driver\\Src\\stm32f4xx_hal_spdifrx.c 0x00000000   Number         0  stm32f4xx_hal_spdifrx.o ABSOLUTE
    ..\\Libraries\\STM32F4xx_HAL_Driver\\Src\\stm32f4xx_hal_spi.c 0x00000000   Number         0  stm32f4xx_hal_spi.o ABSOLUTE
    ..\\Libraries\\STM32F4xx_HAL_Driver\\Src\\stm32f4xx_hal_sram.c 0x00000000   Number         0  stm32f4xx_hal_sram.o ABSOLUTE
    ..\\Libraries\\STM32F4xx_HAL_Driver\\Src\\stm32f4xx_hal_tim.c 0x00000000   Number         0  stm32f4xx_hal_tim.o ABSOLUTE
    ..\\Libraries\\STM32F4xx_HAL_Driver\\Src\\stm32f4xx_hal_tim_ex.c 0x00000000   Number         0  stm32f4xx_hal_tim_ex.o ABSOLUTE
    ..\\Libraries\\STM32F4xx_HAL_Driver\\Src\\stm32f4xx_hal_uart.c 0x00000000   Number         0  stm32f4xx_hal_uart.o ABSOLUTE
    ..\\Libraries\\STM32F4xx_HAL_Driver\\Src\\stm32f4xx_hal_usart.c 0x00000000   Number         0  stm32f4xx_hal_usart.o ABSOLUTE
    ..\\Libraries\\STM32F4xx_HAL_Driver\\Src\\stm32f4xx_hal_wwdg.c 0x00000000   Number         0  stm32f4xx_hal_wwdg.o ABSOLUTE
    ..\\Libraries\\STM32F4xx_HAL_Driver\\Src\\stm32f4xx_ll_fsmc.c 0x00000000   Number         0  stm32f4xx_ll_fsmc.o ABSOLUTE
    ..\\Libraries\\STM32F4xx_HAL_Driver\\Src\\stm32f4xx_ll_sdmmc.c 0x00000000   Number         0  stm32f4xx_ll_sdmmc.o ABSOLUTE
    ..\\Libraries\\STM32F4xx_HAL_Driver\\Src\\stm32f4xx_ll_usb.c 0x00000000   Number         0  stm32f4xx_ll_usb.o ABSOLUTE
    ..\\User\\bin_backup.c                   0x00000000   Number         0  bin_backup.o ABSOLUTE
    ..\\User\\block_download.c               0x00000000   Number         0  block_download.o ABSOLUTE
    ..\\User\\bsp_SysTick.c                  0x00000000   Number         0  bsp_systick.o ABSOLUTE
    ..\\User\\bsp_can.c                      0x00000000   Number         0  bsp_can.o ABSOLUTE
    ..\\User\\can_queue.c                    0x00000000   Number         0  can_queue.o ABSOLUTE
    ..\\User\\canmessage_dispatch.c          0x00000000   Number         0  canmessage_dispatch.o ABSOLUTE
    ..\\User\\common.c                       0x00000000   Number         0  common.o ABSOLUTE
    ..\\User\\internalFlash.c                0x00000000   Number         0  internalflash.o ABSOLUTE
    ..\\User\\led.c                          0x00000000   Number         0  led.o ABSOLUTE
    ..\\User\\main.c                         0x00000000   Number         0  main.o ABSOLUTE
    ..\\User\\menu.c                         0x00000000   Number         0  menu.o ABSOLUTE
    ..\\User\\recover.c                      0x00000000   Number         0  recover.o ABSOLUTE
    ..\\User\\spi.c                          0x00000000   Number         0  spi.o ABSOLUTE
    ..\\User\\spi_flash.c                    0x00000000   Number         0  spi_flash.o ABSOLUTE
    ..\\User\\stm32f4xx_it.c                 0x00000000   Number         0  stm32f4xx_it.o ABSOLUTE
    ..\\User\\usart\\bsp_debug_usart.c       0x00000000   Number         0  bsp_debug_usart.o ABSOLUTE
    cdrcmple.s                               0x00000000   Number         0  cdrcmple.o ABSOLUTE
    dc.s                                     0x00000000   Number         0  dc.o ABSOLUTE
    handlers.s                               0x00000000   Number         0  handlers.o ABSOLUTE
    init.s                                   0x00000000   Number         0  init.o ABSOLUTE
    RESET                                    0x08000000   Section      392  startup_stm32f405xx.o(RESET)
    .ARM.Collect$$$$00000000                 0x08000188   Section        0  entry.o(.ARM.Collect$$$$00000000)
    .ARM.Collect$$$$00000001                 0x08000188   Section        4  entry2.o(.ARM.Collect$$$$00000001)
    .ARM.Collect$$$$00000004                 0x0800018c   Section        4  entry5.o(.ARM.Collect$$$$00000004)
    .ARM.Collect$$$$00000008                 0x08000190   Section        0  entry7b.o(.ARM.Collect$$$$00000008)
    .ARM.Collect$$$$0000000A                 0x08000190   Section        0  entry8b.o(.ARM.Collect$$$$0000000A)
    .ARM.Collect$$$$0000000B                 0x08000190   Section        8  entry9a.o(.ARM.Collect$$$$0000000B)
    .ARM.Collect$$$$0000000D                 0x08000198   Section        0  entry10a.o(.ARM.Collect$$$$0000000D)
    .ARM.Collect$$$$0000000F                 0x08000198   Section        0  entry11a.o(.ARM.Collect$$$$0000000F)
    .ARM.Collect$$$$00002712                 0x08000198   Section        4  entry2.o(.ARM.Collect$$$$00002712)
    __lit__00000000                          0x08000198   Data           4  entry2.o(.ARM.Collect$$$$00002712)
    .text                                    0x0800019c   Section       36  startup_stm32f405xx.o(.text)
    $v0                                      0x0800019c   Number         0  startup_stm32f405xx.o(.text)
    .text                                    0x080001c0   Section        0  uldiv.o(.text)
    .text                                    0x08000222   Section        0  memcpya.o(.text)
    .text                                    0x08000246   Section        0  memseta.o(.text)
    .text                                    0x0800026a   Section        0  ffltul.o(.text)
    .text                                    0x08000286   Section        0  uidiv.o(.text)
    .text                                    0x080002b2   Section        0  llshl.o(.text)
    .text                                    0x080002d0   Section        0  llushr.o(.text)
    .text                                    0x080002f0   Section        0  fepilogue.o(.text)
    .text                                    0x080002f0   Section        0  iusefp.o(.text)
    .text                                    0x08000360   Section       36  init.o(.text)
    i.BusFault_Handler                       0x08000384   Section        0  stm32f4xx_it.o(i.BusFault_Handler)
    i.CAN1_RX0_IRQHandler                    0x08000388   Section        0  stm32f4xx_it.o(i.CAN1_RX0_IRQHandler)
    i.CAN1_TX_IRQHandler                     0x08000394   Section        0  stm32f4xx_it.o(i.CAN1_TX_IRQHandler)
    i.CAN2_TX_IRQHandler                     0x080003a0   Section        0  stm32f4xx_it.o(i.CAN2_TX_IRQHandler)
    i.CAN_User_Init                          0x080003ac   Section        0  bsp_can.o(i.CAN_User_Init)
    i.CANx_SendNormalData                    0x08000460   Section        0  bsp_can.o(i.CANx_SendNormalData)
    i.Can_Config                             0x080004e8   Section        0  bsp_can.o(i.Can_Config)
    i.Can_Send                               0x080004fc   Section        0  bsp_can.o(i.Can_Send)
    i.Can_data_Process                       0x08000510   Section        0  can_queue.o(i.Can_data_Process)
    i.ClearCanQueue                          0x08000540   Section        0  can_queue.o(i.ClearCanQueue)
    i.ClearCanRxQueue                        0x08000550   Section        0  can_queue.o(i.ClearCanRxQueue)
    i.ClearCanTxQueue                        0x0800057c   Section        0  can_queue.o(i.ClearCanTxQueue)
    i.DEBUG_UART_Config                      0x080005a8   Section        0  bsp_debug_usart.o(i.DEBUG_UART_Config)
    i.DebugMon_Handler                       0x08000618   Section        0  stm32f4xx_it.o(i.DebugMon_Handler)
    i.EXTI0_IRQHandler                       0x0800061a   Section        0  stm32f4xx_it.o(i.EXTI0_IRQHandler)
    i.FLASH_If_Init                          0x0800061c   Section        0  internalflash.o(i.FLASH_If_Init)
    i.FLASH_If_Write                         0x08000630   Section        0  internalflash.o(i.FLASH_If_Write)
    i.FLASH_Program_Byte                     0x080006a8   Section        0  stm32f4xx_hal_flash.o(i.FLASH_Program_Byte)
    i.FLASH_SetErrorCode                     0x080006c8   Section        0  stm32f4xx_hal_flash.o(i.FLASH_SetErrorCode)
    FLASH_SetErrorCode                       0x080006c9   Thumb Code    96  stm32f4xx_hal_flash.o(i.FLASH_SetErrorCode)
    i.FLASH_WaitForLastOperation             0x08000730   Section        0  stm32f4xx_hal_flash.o(i.FLASH_WaitForLastOperation)
    i.GetCanQueueRx                          0x08000780   Section        0  can_queue.o(i.GetCanQueueRx)
    i.GetUpperComputerInfoAndWait3S          0x080007ac   Section        0  common.o(i.GetUpperComputerInfoAndWait3S)
    i.HAL_CAN_ActivateNotification           0x08000848   Section        0  stm32f4xx_hal_can.o(i.HAL_CAN_ActivateNotification)
    i.HAL_CAN_AddTxMessage                   0x0800086c   Section        0  stm32f4xx_hal_can.o(i.HAL_CAN_AddTxMessage)
    i.HAL_CAN_ConfigFilter                   0x08000934   Section        0  stm32f4xx_hal_can.o(i.HAL_CAN_ConfigFilter)
    i.HAL_CAN_ErrorCallback                  0x08000a40   Section        0  bsp_can.o(i.HAL_CAN_ErrorCallback)
    i.HAL_CAN_GetRxMessage                   0x08000a42   Section        0  stm32f4xx_hal_can.o(i.HAL_CAN_GetRxMessage)
    i.HAL_CAN_GetTxMailboxesFreeLevel        0x08000b2a   Section        0  stm32f4xx_hal_can.o(i.HAL_CAN_GetTxMailboxesFreeLevel)
    i.HAL_CAN_IRQHandler                     0x08000b56   Section        0  stm32f4xx_hal_can.o(i.HAL_CAN_IRQHandler)
    i.HAL_CAN_Init                           0x08000d52   Section        0  stm32f4xx_hal_can.o(i.HAL_CAN_Init)
    i.HAL_CAN_MspDeInit                      0x08000e6c   Section        0  bsp_can.o(i.HAL_CAN_MspDeInit)
    i.HAL_CAN_MspInit                        0x08000ea8   Section        0  bsp_can.o(i.HAL_CAN_MspInit)
    i.HAL_CAN_RxFifo0FullCallback            0x08000f34   Section        0  stm32f4xx_hal_can.o(i.HAL_CAN_RxFifo0FullCallback)
    i.HAL_CAN_RxFifo0MsgPendingCallback      0x08000f36   Section        0  bsp_can.o(i.HAL_CAN_RxFifo0MsgPendingCallback)
    i.HAL_CAN_RxFifo1FullCallback            0x08000f3c   Section        0  stm32f4xx_hal_can.o(i.HAL_CAN_RxFifo1FullCallback)
    i.HAL_CAN_RxFifo1MsgPendingCallback      0x08000f3e   Section        0  bsp_can.o(i.HAL_CAN_RxFifo1MsgPendingCallback)
    i.HAL_CAN_SleepCallback                  0x08000f44   Section        0  stm32f4xx_hal_can.o(i.HAL_CAN_SleepCallback)
    i.HAL_CAN_Start                          0x08000f48   Section        0  stm32f4xx_hal_can.o(i.HAL_CAN_Start)
    i.HAL_CAN_TxMailbox0AbortCallback        0x08000fa0   Section        0  stm32f4xx_hal_can.o(i.HAL_CAN_TxMailbox0AbortCallback)
    i.HAL_CAN_TxMailbox0CompleteCallback     0x08000fa4   Section        0  bsp_can.o(i.HAL_CAN_TxMailbox0CompleteCallback)
    i.HAL_CAN_TxMailbox1AbortCallback        0x08000fb4   Section        0  stm32f4xx_hal_can.o(i.HAL_CAN_TxMailbox1AbortCallback)
    i.HAL_CAN_TxMailbox1CompleteCallback     0x08000fb8   Section        0  bsp_can.o(i.HAL_CAN_TxMailbox1CompleteCallback)
    i.HAL_CAN_TxMailbox2AbortCallback        0x08000fc8   Section        0  stm32f4xx_hal_can.o(i.HAL_CAN_TxMailbox2AbortCallback)
    i.HAL_CAN_TxMailbox2CompleteCallback     0x08000fcc   Section        0  bsp_can.o(i.HAL_CAN_TxMailbox2CompleteCallback)
    i.HAL_CAN_WakeUpFromRxMsgCallback        0x08000fdc   Section        0  stm32f4xx_hal_can.o(i.HAL_CAN_WakeUpFromRxMsgCallback)
    i.HAL_FLASH_Unlock                       0x08000fe0   Section        0  stm32f4xx_hal_flash.o(i.HAL_FLASH_Unlock)
    i.HAL_GPIO_DeInit                        0x0800100c   Section        0  stm32f4xx_hal_gpio.o(i.HAL_GPIO_DeInit)
    i.HAL_GPIO_Init                          0x08001174   Section        0  stm32f4xx_hal_gpio.o(i.HAL_GPIO_Init)
    i.HAL_GPIO_WritePin                      0x0800132c   Section        0  stm32f4xx_hal_gpio.o(i.HAL_GPIO_WritePin)
    i.HAL_GetREVID                           0x08001338   Section        0  stm32f4xx_hal.o(i.HAL_GetREVID)
    i.HAL_GetTick                            0x08001344   Section        0  stm32f4xx_hal.o(i.HAL_GetTick)
    i.HAL_IncTick                            0x08001350   Section        0  stm32f4xx_hal.o(i.HAL_IncTick)
    i.HAL_InitTick                           0x08001360   Section        0  stm32f4xx_hal.o(i.HAL_InitTick)
    i.HAL_NVIC_DisableIRQ                    0x080013a0   Section        0  stm32f4xx_hal_cortex.o(i.HAL_NVIC_DisableIRQ)
    i.HAL_NVIC_EnableIRQ                     0x080013b6   Section        0  stm32f4xx_hal_cortex.o(i.HAL_NVIC_EnableIRQ)
    i.HAL_NVIC_SetPriority                   0x080013cc   Section        0  stm32f4xx_hal_cortex.o(i.HAL_NVIC_SetPriority)
    i.HAL_RCC_ClockConfig                    0x0800140c   Section        0  stm32f4xx_hal_rcc.o(i.HAL_RCC_ClockConfig)
    i.HAL_RCC_DeInit                         0x08001540   Section        0  stm32f4xx_hal_rcc_ex.o(i.HAL_RCC_DeInit)
    i.HAL_RCC_GetPCLK1Freq                   0x08001674   Section        0  stm32f4xx_hal_rcc.o(i.HAL_RCC_GetPCLK1Freq)
    i.HAL_RCC_GetPCLK2Freq                   0x08001694   Section        0  stm32f4xx_hal_rcc.o(i.HAL_RCC_GetPCLK2Freq)
    i.HAL_RCC_GetSysClockFreq                0x080016b4   Section        0  stm32f4xx_hal_rcc.o(i.HAL_RCC_GetSysClockFreq)
    i.HAL_RCC_OscConfig                      0x08001718   Section        0  stm32f4xx_hal_rcc.o(i.HAL_RCC_OscConfig)
    i.HAL_SPI_DeInit                         0x08001a74   Section        0  stm32f4xx_hal_spi.o(i.HAL_SPI_DeInit)
    i.HAL_SPI_MspDeInit                      0x08001aa2   Section        0  stm32f4xx_hal_spi.o(i.HAL_SPI_MspDeInit)
    i.HAL_SYSTICK_Config                     0x08001aa4   Section        0  stm32f4xx_hal_cortex.o(i.HAL_SYSTICK_Config)
    i.HAL_UART_Init                          0x08001acc   Section        0  stm32f4xx_hal_uart.o(i.HAL_UART_Init)
    i.HAL_UART_MspDeInit                     0x08001b30   Section        0  bsp_debug_usart.o(i.HAL_UART_MspDeInit)
    i.HAL_UART_MspInit                       0x08001b4c   Section        0  bsp_debug_usart.o(i.HAL_UART_MspInit)
    i.HAL_UART_Transmit                      0x08001bc8   Section        0  stm32f4xx_hal_uart.o(i.HAL_UART_Transmit)
    i.HardFault_Handler                      0x08001c82   Section        0  stm32f4xx_it.o(i.HardFault_Handler)
    i.InsertCanQueueRx                       0x08001c84   Section        0  can_queue.o(i.InsertCanQueueRx)
    i.IsFullCanQueueRx                       0x08001cc4   Section        0  can_queue.o(i.IsFullCanQueueRx)
    i.LED_GPIO_Config                        0x08001cec   Section        0  led.o(i.LED_GPIO_Config)
    i.LED_GPIO_DeConfig                      0x08001db8   Section        0  led.o(i.LED_GPIO_DeConfig)
    i.MX_CAN1_Init                           0x08001e30   Section        0  bsp_can.o(i.MX_CAN1_Init)
    i.Main_Menu                              0x08001e8c   Section        0  menu.o(i.Main_Menu)
    i.MemManage_Handler                      0x08001f24   Section        0  stm32f4xx_it.o(i.MemManage_Handler)
    i.NEW_Can_Message_Dispatch               0x08001f28   Section        0  canmessage_dispatch.o(i.NEW_Can_Message_Dispatch)
    i.NMI_Handler                            0x08001f4c   Section        0  stm32f4xx_it.o(i.NMI_Handler)
    i.NVIC_SetPriority                       0x08001f4e   Section        0  stm32f4xx_hal_cortex.o(i.NVIC_SetPriority)
    NVIC_SetPriority                         0x08001f4f   Thumb Code    32  stm32f4xx_hal_cortex.o(i.NVIC_SetPriority)
    i.PendSV_Handler                         0x08001f6e   Section        0  stm32f4xx_it.o(i.PendSV_Handler)
    i.SVC_Handler                            0x08001f70   Section        0  stm32f4xx_it.o(i.SVC_Handler)
    i.SetHeadCanQueueRx                      0x08001f74   Section        0  can_queue.o(i.SetHeadCanQueueRx)
    i.SysTick_Handler                        0x08001f8c   Section        0  stm32f4xx_it.o(i.SysTick_Handler)
    i.SysTick_Init                           0x08001f9c   Section        0  bsp_systick.o(i.SysTick_Init)
    i.SystemClock_Config                     0x08001fbc   Section        0  main.o(i.SystemClock_Config)
    i.SystemCoreClockUpdate                  0x08002058   Section        0  system_stm32f4xx.o(i.SystemCoreClockUpdate)
    i.SystemInit                             0x080020d4   Section        0  system_stm32f4xx.o(i.SystemInit)
    i.TimingDelay_Increment                  0x08002128   Section        0  bsp_systick.o(i.TimingDelay_Increment)
    i.UART_SetConfig                         0x08002150   Section        0  stm32f4xx_hal_uart.o(i.UART_SetConfig)
    UART_SetConfig                           0x08002151   Thumb Code   286  stm32f4xx_hal_uart.o(i.UART_SetConfig)
    i.UART_WaitOnFlagUntilTimeout            0x08002278   Section        0  stm32f4xx_hal_uart.o(i.UART_WaitOnFlagUntilTimeout)
    UART_WaitOnFlagUntilTimeout              0x08002279   Thumb Code   100  stm32f4xx_hal_uart.o(i.UART_WaitOnFlagUntilTimeout)
    i.UsageFault_Handler                     0x080022dc   Section        0  stm32f4xx_it.o(i.UsageFault_Handler)
    i._Error_Handler                         0x080022e0   Section        0  bsp_can.o(i._Error_Handler)
    _Error_Handler                           0x080022e1   Thumb Code    12  bsp_can.o(i._Error_Handler)
    i._Error_Handler                         0x080022f4   Section        0  block_download.o(i._Error_Handler)
    _Error_Handler                           0x080022f5   Thumb Code    12  block_download.o(i._Error_Handler)
    i._Error_Handler                         0x08002308   Section        0  canmessage_dispatch.o(i._Error_Handler)
    _Error_Handler                           0x08002309   Thumb Code    12  canmessage_dispatch.o(i._Error_Handler)
    i.__0printf$3                            0x0800231c   Section        0  printf3.o(i.__0printf$3)
    i.__scatterload_copy                     0x0800233c   Section       14  handlers.o(i.__scatterload_copy)
    i.__scatterload_null                     0x0800234a   Section        2  handlers.o(i.__scatterload_null)
    i.__scatterload_zeroinit                 0x0800234c   Section       14  handlers.o(i.__scatterload_zeroinit)
    i._printf_core                           0x0800235c   Section        0  printf3.o(i._printf_core)
    _printf_core                             0x0800235d   Thumb Code   436  printf3.o(i._printf_core)
    i.calc_crc32                             0x08002514   Section        0  crc.o(i.calc_crc32)
    i.form_ack_message                       0x08002544   Section        0  block_download.o(i.form_ack_message)
    i.fputc                                  0x08002574   Section        0  bsp_debug_usart.o(i.fputc)
    i.led1_show_white                        0x0800258c   Section        0  led.o(i.led1_show_white)
    i.led2_show_white                        0x080025b8   Section        0  led.o(i.led2_show_white)
    i.main                                   0x080025e4   Section        0  main.o(i.main)
    i.new_receive_block_packet               0x08002744   Section        0  block_download.o(i.new_receive_block_packet)
    i.new_received_last_section              0x080029b4   Section        0  block_download.o(i.new_received_last_section)
    i.pack_dispatch                          0x08002c9c   Section        0  block_download.o(i.pack_dispatch)
    i.packet_index_preservation              0x08002d04   Section        0  block_download.o(i.packet_index_preservation)
    i.packet_index_preservation_last         0x08002d68   Section        0  block_download.o(i.packet_index_preservation_last)
    i.packet_value_reset_flow                0x08002e00   Section        0  block_download.o(i.packet_value_reset_flow)
    i.prepare_flow                           0x08002e40   Section        0  canmessage_dispatch.o(i.prepare_flow)
    i.stm32can_rxinterrupt                   0x08002f38   Section        0  bsp_can.o(i.stm32can_rxinterrupt)
    .constdata                               0x08002ff4   Section       16  system_stm32f4xx.o(.constdata)
    .constdata                               0x08003004   Section        8  system_stm32f4xx.o(.constdata)
    .constdata                               0x0800300c   Section     1024  crc.o(.constdata)
    crc_table                                0x0800300c   Data        1024  crc.o(.constdata)
    .constdata                               0x0800340c   Section       51  block_download.o(.constdata)
    __FUNCTION__                             0x0800340c   Data          25  block_download.o(.constdata)
    __FUNCTION__                             0x08003425   Data          26  block_download.o(.constdata)
    .data                                    0x20000000   Section        4  system_stm32f4xx.o(.data)
    .data                                    0x20000004   Section       12  stm32f4xx_hal.o(.data)
    .data                                    0x20000010   Section       20  main.o(.data)
    .data                                    0x20000024   Section       20  bsp_systick.o(.data)
    .data                                    0x20000038   Section       12  bsp_can.o(.data)
    .data                                    0x20000044   Section       12  menu.o(.data)
    .data                                    0x20000050   Section       56  block_download.o(.data)
    .data                                    0x20000088   Section       12  canmessage_dispatch.o(.data)
    .data                                    0x20000094   Section        4  canmessage_dispatch.o(.data)
    .data                                    0x20000098   Section        4  stdout.o(.data)
    .bss                                     0x2000009c   Section       32  stm32f4xx_hal_flash.o(.bss)
    .bss                                     0x200000bc   Section       64  bsp_debug_usart.o(.bss)
    .bss                                     0x200000fc   Section       92  bsp_can.o(.bss)
    .bss                                     0x20000158   Section      140  spi_flash.o(.bss)
    .bss                                     0x200001e4   Section     1408  can_queue.o(.bss)
    .bss                                     0x20000764   Section      892  block_download.o(.bss)
    STACK                                    0x20000ae0   Section     1536  startup_stm32f405xx.o(STACK)

    Global Symbols

    Symbol Name                              Value     Ov Type        Size  Object(Section)

    BuildAttributes$$THM_ISAv4$E$P$D$K$B$S$7EM$VFPi3$EXTD16$VFPS$VFMA$PE$A:L22UL41UL21$X:L11$S22US41US21$IEEE1$IW$USESV6$~STKCKD$USESV7$~SHL$OTIME$ROPI$EBA8$MICROLIB$REQ8$PRES8$EABIv2 0x00000000   Number         0  anon$$obj.o ABSOLUTE
    __ARM_use_no_argv                        0x00000000   Number         0  main.o ABSOLUTE
    _printf_a                                0x00000000   Number         0  stubs.o ABSOLUTE
    _printf_c                                0x00000000   Number         0  stubs.o ABSOLUTE
    _printf_charcount                        0x00000000   Number         0  stubs.o ABSOLUTE
    _printf_d                                0x00000000   Number         0  stubs.o ABSOLUTE
    _printf_e                                0x00000000   Number         0  stubs.o ABSOLUTE
    _printf_f                                0x00000000   Number         0  stubs.o ABSOLUTE
    _printf_flags                            0x00000000   Number         0  stubs.o ABSOLUTE
    _printf_fp_dec                           0x00000000   Number         0  stubs.o ABSOLUTE
    _printf_fp_hex                           0x00000000   Number         0  stubs.o ABSOLUTE
    _printf_g                                0x00000000   Number         0  stubs.o ABSOLUTE
    _printf_i                                0x00000000   Number         0  stubs.o ABSOLUTE
    _printf_int_dec                          0x00000000   Number         0  stubs.o ABSOLUTE
    _printf_l                                0x00000000   Number         0  stubs.o ABSOLUTE
    _printf_lc                               0x00000000   Number         0  stubs.o ABSOLUTE
    _printf_ll                               0x00000000   Number         0  stubs.o ABSOLUTE
    _printf_lld                              0x00000000   Number         0  stubs.o ABSOLUTE
    _printf_lli                              0x00000000   Number         0  stubs.o ABSOLUTE
    _printf_llo                              0x00000000   Number         0  stubs.o ABSOLUTE
    _printf_llu                              0x00000000   Number         0  stubs.o ABSOLUTE
    _printf_llx                              0x00000000   Number         0  stubs.o ABSOLUTE
    _printf_longlong_dec                     0x00000000   Number         0  stubs.o ABSOLUTE
    _printf_longlong_hex                     0x00000000   Number         0  stubs.o ABSOLUTE
    _printf_longlong_oct                     0x00000000   Number         0  stubs.o ABSOLUTE
    _printf_ls                               0x00000000   Number         0  stubs.o ABSOLUTE
    _printf_mbtowc                           0x00000000   Number         0  stubs.o ABSOLUTE
    _printf_n                                0x00000000   Number         0  stubs.o ABSOLUTE
    _printf_o                                0x00000000   Number         0  stubs.o ABSOLUTE
    _printf_p                                0x00000000   Number         0  stubs.o ABSOLUTE
    _printf_percent                          0x00000000   Number         0  stubs.o ABSOLUTE
    _printf_pre_padding                      0x00000000   Number         0  stubs.o ABSOLUTE
    _printf_return_value                     0x00000000   Number         0  stubs.o ABSOLUTE
    _printf_s                                0x00000000   Number         0  stubs.o ABSOLUTE
    _printf_sizespec                         0x00000000   Number         0  stubs.o ABSOLUTE
    _printf_str                              0x00000000   Number         0  stubs.o ABSOLUTE
    _printf_truncate_signed                  0x00000000   Number         0  stubs.o ABSOLUTE
    _printf_truncate_unsigned                0x00000000   Number         0  stubs.o ABSOLUTE
    _printf_u                                0x00000000   Number         0  stubs.o ABSOLUTE
    _printf_wc                               0x00000000   Number         0  stubs.o ABSOLUTE
    _printf_wctomb                           0x00000000   Number         0  stubs.o ABSOLUTE
    _printf_widthprec                        0x00000000   Number         0  stubs.o ABSOLUTE
    _printf_x                                0x00000000   Number         0  stubs.o ABSOLUTE
    __cpp_initialize__aeabi_                  - Undefined Weak Reference
    __cxa_finalize                            - Undefined Weak Reference
    __decompress                              - Undefined Weak Reference
    _clock_init                               - Undefined Weak Reference
    _microlib_exit                            - Undefined Weak Reference
    __Vectors_Size                           0x00000188   Number         0  startup_stm32f405xx.o ABSOLUTE
    __Vectors                                0x08000000   Data           4  startup_stm32f405xx.o(RESET)
    __Vectors_End                            0x08000188   Data           0  startup_stm32f405xx.o(RESET)
    __main                                   0x08000189   Thumb Code     0  entry.o(.ARM.Collect$$$$00000000)
    _main_stk                                0x08000189   Thumb Code     0  entry2.o(.ARM.Collect$$$$00000001)
    _main_scatterload                        0x0800018d   Thumb Code     0  entry5.o(.ARM.Collect$$$$00000004)
    __main_after_scatterload                 0x08000191   Thumb Code     0  entry5.o(.ARM.Collect$$$$00000004)
    _main_clock                              0x08000191   Thumb Code     0  entry7b.o(.ARM.Collect$$$$00000008)
    _main_cpp_init                           0x08000191   Thumb Code     0  entry8b.o(.ARM.Collect$$$$0000000A)
    _main_init                               0x08000191   Thumb Code     0  entry9a.o(.ARM.Collect$$$$0000000B)
    __rt_final_cpp                           0x08000199   Thumb Code     0  entry10a.o(.ARM.Collect$$$$0000000D)
    __rt_final_exit                          0x08000199   Thumb Code     0  entry11a.o(.ARM.Collect$$$$0000000F)
    Reset_Handler                            0x0800019d   Thumb Code     8  startup_stm32f405xx.o(.text)
    ADC_IRQHandler                           0x080001b7   Thumb Code     0  startup_stm32f405xx.o(.text)
    CAN1_RX1_IRQHandler                      0x080001b7   Thumb Code     0  startup_stm32f405xx.o(.text)
    CAN1_SCE_IRQHandler                      0x080001b7   Thumb Code     0  startup_stm32f405xx.o(.text)
    CAN2_RX0_IRQHandler                      0x080001b7   Thumb Code     0  startup_stm32f405xx.o(.text)
    CAN2_RX1_IRQHandler                      0x080001b7   Thumb Code     0  startup_stm32f405xx.o(.text)
    CAN2_SCE_IRQHandler                      0x080001b7   Thumb Code     0  startup_stm32f405xx.o(.text)
    DMA1_Stream0_IRQHandler                  0x080001b7   Thumb Code     0  startup_stm32f405xx.o(.text)
    DMA1_Stream1_IRQHandler                  0x080001b7   Thumb Code     0  startup_stm32f405xx.o(.text)
    DMA1_Stream2_IRQHandler                  0x080001b7   Thumb Code     0  startup_stm32f405xx.o(.text)
    DMA1_Stream3_IRQHandler                  0x080001b7   Thumb Code     0  startup_stm32f405xx.o(.text)
    DMA1_Stream4_IRQHandler                  0x080001b7   Thumb Code     0  startup_stm32f405xx.o(.text)
    DMA1_Stream5_IRQHandler                  0x080001b7   Thumb Code     0  startup_stm32f405xx.o(.text)
    DMA1_Stream6_IRQHandler                  0x080001b7   Thumb Code     0  startup_stm32f405xx.o(.text)
    DMA1_Stream7_IRQHandler                  0x080001b7   Thumb Code     0  startup_stm32f405xx.o(.text)
    DMA2_Stream0_IRQHandler                  0x080001b7   Thumb Code     0  startup_stm32f405xx.o(.text)
    DMA2_Stream1_IRQHandler                  0x080001b7   Thumb Code     0  startup_stm32f405xx.o(.text)
    DMA2_Stream2_IRQHandler                  0x080001b7   Thumb Code     0  startup_stm32f405xx.o(.text)
    DMA2_Stream3_IRQHandler                  0x080001b7   Thumb Code     0  startup_stm32f405xx.o(.text)
    DMA2_Stream4_IRQHandler                  0x080001b7   Thumb Code     0  startup_stm32f405xx.o(.text)
    DMA2_Stream5_IRQHandler                  0x080001b7   Thumb Code     0  startup_stm32f405xx.o(.text)
    DMA2_Stream6_IRQHandler                  0x080001b7   Thumb Code     0  startup_stm32f405xx.o(.text)
    DMA2_Stream7_IRQHandler                  0x080001b7   Thumb Code     0  startup_stm32f405xx.o(.text)
    EXTI15_10_IRQHandler                     0x080001b7   Thumb Code     0  startup_stm32f405xx.o(.text)
    EXTI1_IRQHandler                         0x080001b7   Thumb Code     0  startup_stm32f405xx.o(.text)
    EXTI2_IRQHandler                         0x080001b7   Thumb Code     0  startup_stm32f405xx.o(.text)
    EXTI3_IRQHandler                         0x080001b7   Thumb Code     0  startup_stm32f405xx.o(.text)
    EXTI4_IRQHandler                         0x080001b7   Thumb Code     0  startup_stm32f405xx.o(.text)
    EXTI9_5_IRQHandler                       0x080001b7   Thumb Code     0  startup_stm32f405xx.o(.text)
    FLASH_IRQHandler                         0x080001b7   Thumb Code     0  startup_stm32f405xx.o(.text)
    FMC_IRQHandler                           0x080001b7   Thumb Code     0  startup_stm32f405xx.o(.text)
    FPU_IRQHandler                           0x080001b7   Thumb Code     0  startup_stm32f405xx.o(.text)
    HASH_RNG_IRQHandler                      0x080001b7   Thumb Code     0  startup_stm32f405xx.o(.text)
    I2C1_ER_IRQHandler                       0x080001b7   Thumb Code     0  startup_stm32f405xx.o(.text)
    I2C1_EV_IRQHandler                       0x080001b7   Thumb Code     0  startup_stm32f405xx.o(.text)
    I2C2_ER_IRQHandler                       0x080001b7   Thumb Code     0  startup_stm32f405xx.o(.text)
    I2C2_EV_IRQHandler                       0x080001b7   Thumb Code     0  startup_stm32f405xx.o(.text)
    I2C3_ER_IRQHandler                       0x080001b7   Thumb Code     0  startup_stm32f405xx.o(.text)
    I2C3_EV_IRQHandler                       0x080001b7   Thumb Code     0  startup_stm32f405xx.o(.text)
    OTG_FS_IRQHandler                        0x080001b7   Thumb Code     0  startup_stm32f405xx.o(.text)
    OTG_FS_WKUP_IRQHandler                   0x080001b7   Thumb Code     0  startup_stm32f405xx.o(.text)
    OTG_HS_EP1_IN_IRQHandler                 0x080001b7   Thumb Code     0  startup_stm32f405xx.o(.text)
    OTG_HS_EP1_OUT_IRQHandler                0x080001b7   Thumb Code     0  startup_stm32f405xx.o(.text)
    OTG_HS_IRQHandler                        0x080001b7   Thumb Code     0  startup_stm32f405xx.o(.text)
    OTG_HS_WKUP_IRQHandler                   0x080001b7   Thumb Code     0  startup_stm32f405xx.o(.text)
    PVD_IRQHandler                           0x080001b7   Thumb Code     0  startup_stm32f405xx.o(.text)
    RCC_IRQHandler                           0x080001b7   Thumb Code     0  startup_stm32f405xx.o(.text)
    RTC_Alarm_IRQHandler                     0x080001b7   Thumb Code     0  startup_stm32f405xx.o(.text)
    RTC_WKUP_IRQHandler                      0x080001b7   Thumb Code     0  startup_stm32f405xx.o(.text)
    SDIO_IRQHandler                          0x080001b7   Thumb Code     0  startup_stm32f405xx.o(.text)
    SPI1_IRQHandler                          0x080001b7   Thumb Code     0  startup_stm32f405xx.o(.text)
    SPI2_IRQHandler                          0x080001b7   Thumb Code     0  startup_stm32f405xx.o(.text)
    SPI3_IRQHandler                          0x080001b7   Thumb Code     0  startup_stm32f405xx.o(.text)
    TAMP_STAMP_IRQHandler                    0x080001b7   Thumb Code     0  startup_stm32f405xx.o(.text)
    TIM1_BRK_TIM9_IRQHandler                 0x080001b7   Thumb Code     0  startup_stm32f405xx.o(.text)
    TIM1_CC_IRQHandler                       0x080001b7   Thumb Code     0  startup_stm32f405xx.o(.text)
    TIM1_TRG_COM_TIM11_IRQHandler            0x080001b7   Thumb Code     0  startup_stm32f405xx.o(.text)
    TIM1_UP_TIM10_IRQHandler                 0x080001b7   Thumb Code     0  startup_stm32f405xx.o(.text)
    TIM2_IRQHandler                          0x080001b7   Thumb Code     0  startup_stm32f405xx.o(.text)
    TIM3_IRQHandler                          0x080001b7   Thumb Code     0  startup_stm32f405xx.o(.text)
    TIM4_IRQHandler                          0x080001b7   Thumb Code     0  startup_stm32f405xx.o(.text)
    TIM5_IRQHandler                          0x080001b7   Thumb Code     0  startup_stm32f405xx.o(.text)
    TIM6_DAC_IRQHandler                      0x080001b7   Thumb Code     0  startup_stm32f405xx.o(.text)
    TIM7_IRQHandler                          0x080001b7   Thumb Code     0  startup_stm32f405xx.o(.text)
    TIM8_BRK_TIM12_IRQHandler                0x080001b7   Thumb Code     0  startup_stm32f405xx.o(.text)
    TIM8_CC_IRQHandler                       0x080001b7   Thumb Code     0  startup_stm32f405xx.o(.text)
    TIM8_TRG_COM_TIM14_IRQHandler            0x080001b7   Thumb Code     0  startup_stm32f405xx.o(.text)
    TIM8_UP_TIM13_IRQHandler                 0x080001b7   Thumb Code     0  startup_stm32f405xx.o(.text)
    UART4_IRQHandler                         0x080001b7   Thumb Code     0  startup_stm32f405xx.o(.text)
    UART5_IRQHandler                         0x080001b7   Thumb Code     0  startup_stm32f405xx.o(.text)
    USART1_IRQHandler                        0x080001b7   Thumb Code     0  startup_stm32f405xx.o(.text)
    USART2_IRQHandler                        0x080001b7   Thumb Code     0  startup_stm32f405xx.o(.text)
    USART3_IRQHandler                        0x080001b7   Thumb Code     0  startup_stm32f405xx.o(.text)
    USART6_IRQHandler                        0x080001b7   Thumb Code     0  startup_stm32f405xx.o(.text)
    WWDG_IRQHandler                          0x080001b7   Thumb Code     0  startup_stm32f405xx.o(.text)
    __aeabi_uldivmod                         0x080001c1   Thumb Code    98  uldiv.o(.text)
    __aeabi_memcpy                           0x08000223   Thumb Code    36  memcpya.o(.text)
    __aeabi_memcpy4                          0x08000223   Thumb Code     0  memcpya.o(.text)
    __aeabi_memcpy8                          0x08000223   Thumb Code     0  memcpya.o(.text)
    __aeabi_memset                           0x08000247   Thumb Code    14  memseta.o(.text)
    __aeabi_memset4                          0x08000247   Thumb Code     0  memseta.o(.text)
    __aeabi_memset8                          0x08000247   Thumb Code     0  memseta.o(.text)
    __aeabi_memclr                           0x08000255   Thumb Code     4  memseta.o(.text)
    __aeabi_memclr4                          0x08000255   Thumb Code     0  memseta.o(.text)
    __aeabi_memclr8                          0x08000255   Thumb Code     0  memseta.o(.text)
    _memset$wrapper                          0x08000259   Thumb Code    18  memseta.o(.text)
    __aeabi_ul2f                             0x0800026b   Thumb Code    28  ffltul.o(.text)
    __aeabi_uidiv                            0x08000287   Thumb Code     0  uidiv.o(.text)
    __aeabi_uidivmod                         0x08000287   Thumb Code    44  uidiv.o(.text)
    __aeabi_llsl                             0x080002b3   Thumb Code    30  llshl.o(.text)
    _ll_shift_l                              0x080002b3   Thumb Code     0  llshl.o(.text)
    __aeabi_llsr                             0x080002d1   Thumb Code    32  llushr.o(.text)
    _ll_ushift_r                             0x080002d1   Thumb Code     0  llushr.o(.text)
    __I$use$fp                               0x080002f1   Thumb Code     0  iusefp.o(.text)
    _float_round                             0x080002f1   Thumb Code    18  fepilogue.o(.text)
    _float_epilogue                          0x08000303   Thumb Code    92  fepilogue.o(.text)
    __scatterload                            0x08000361   Thumb Code    28  init.o(.text)
    __scatterload_rt2                        0x08000361   Thumb Code     0  init.o(.text)
    BusFault_Handler                         0x08000385   Thumb Code     2  stm32f4xx_it.o(i.BusFault_Handler)
    CAN1_RX0_IRQHandler                      0x08000389   Thumb Code     6  stm32f4xx_it.o(i.CAN1_RX0_IRQHandler)
    CAN1_TX_IRQHandler                       0x08000395   Thumb Code     6  stm32f4xx_it.o(i.CAN1_TX_IRQHandler)
    CAN2_TX_IRQHandler                       0x080003a1   Thumb Code     6  stm32f4xx_it.o(i.CAN2_TX_IRQHandler)
    CAN_User_Init                            0x080003ad   Thumb Code   116  bsp_can.o(i.CAN_User_Init)
    CANx_SendNormalData                      0x08000461   Thumb Code   130  bsp_can.o(i.CANx_SendNormalData)
    Can_Config                               0x080004e9   Thumb Code    16  bsp_can.o(i.Can_Config)
    Can_Send                                 0x080004fd   Thumb Code    14  bsp_can.o(i.Can_Send)
    Can_data_Process                         0x08000511   Thumb Code    44  can_queue.o(i.Can_data_Process)
    ClearCanQueue                            0x08000541   Thumb Code    14  can_queue.o(i.ClearCanQueue)
    ClearCanRxQueue                          0x08000551   Thumb Code    40  can_queue.o(i.ClearCanRxQueue)
    ClearCanTxQueue                          0x0800057d   Thumb Code    40  can_queue.o(i.ClearCanTxQueue)
    DEBUG_UART_Config                        0x080005a9   Thumb Code    62  bsp_debug_usart.o(i.DEBUG_UART_Config)
    DebugMon_Handler                         0x08000619   Thumb Code     2  stm32f4xx_it.o(i.DebugMon_Handler)
    EXTI0_IRQHandler                         0x0800061b   Thumb Code     2  stm32f4xx_it.o(i.EXTI0_IRQHandler)
    FLASH_If_Init                            0x0800061d   Thumb Code    14  internalflash.o(i.FLASH_If_Init)
    FLASH_If_Write                           0x08000631   Thumb Code   102  internalflash.o(i.FLASH_If_Write)
    FLASH_Program_Byte                       0x080006a9   Thumb Code    26  stm32f4xx_hal_flash.o(i.FLASH_Program_Byte)
    FLASH_WaitForLastOperation               0x08000731   Thumb Code    72  stm32f4xx_hal_flash.o(i.FLASH_WaitForLastOperation)
    GetCanQueueRx                            0x08000781   Thumb Code    38  can_queue.o(i.GetCanQueueRx)
    GetUpperComputerInfoAndWait3S            0x080007ad   Thumb Code   128  common.o(i.GetUpperComputerInfoAndWait3S)
    HAL_CAN_ActivateNotification             0x08000849   Thumb Code    36  stm32f4xx_hal_can.o(i.HAL_CAN_ActivateNotification)
    HAL_CAN_AddTxMessage                     0x0800086d   Thumb Code   200  stm32f4xx_hal_can.o(i.HAL_CAN_AddTxMessage)
    HAL_CAN_ConfigFilter                     0x08000935   Thumb Code   262  stm32f4xx_hal_can.o(i.HAL_CAN_ConfigFilter)
    HAL_CAN_ErrorCallback                    0x08000a41   Thumb Code     2  bsp_can.o(i.HAL_CAN_ErrorCallback)
    HAL_CAN_GetRxMessage                     0x08000a43   Thumb Code   232  stm32f4xx_hal_can.o(i.HAL_CAN_GetRxMessage)
    HAL_CAN_GetTxMailboxesFreeLevel          0x08000b2b   Thumb Code    44  stm32f4xx_hal_can.o(i.HAL_CAN_GetTxMailboxesFreeLevel)
    HAL_CAN_IRQHandler                       0x08000b57   Thumb Code   508  stm32f4xx_hal_can.o(i.HAL_CAN_IRQHandler)
    HAL_CAN_Init                             0x08000d53   Thumb Code   282  stm32f4xx_hal_can.o(i.HAL_CAN_Init)
    HAL_CAN_MspDeInit                        0x08000e6d   Thumb Code    48  bsp_can.o(i.HAL_CAN_MspDeInit)
    HAL_CAN_MspInit                          0x08000ea9   Thumb Code   126  bsp_can.o(i.HAL_CAN_MspInit)
    HAL_CAN_RxFifo0FullCallback              0x08000f35   Thumb Code     2  stm32f4xx_hal_can.o(i.HAL_CAN_RxFifo0FullCallback)
    HAL_CAN_RxFifo0MsgPendingCallback        0x08000f37   Thumb Code     6  bsp_can.o(i.HAL_CAN_RxFifo0MsgPendingCallback)
    HAL_CAN_RxFifo1FullCallback              0x08000f3d   Thumb Code     2  stm32f4xx_hal_can.o(i.HAL_CAN_RxFifo1FullCallback)
    HAL_CAN_RxFifo1MsgPendingCallback        0x08000f3f   Thumb Code     6  bsp_can.o(i.HAL_CAN_RxFifo1MsgPendingCallback)
    HAL_CAN_SleepCallback                    0x08000f45   Thumb Code     2  stm32f4xx_hal_can.o(i.HAL_CAN_SleepCallback)
    HAL_CAN_Start                            0x08000f49   Thumb Code    88  stm32f4xx_hal_can.o(i.HAL_CAN_Start)
    HAL_CAN_TxMailbox0AbortCallback          0x08000fa1   Thumb Code     2  stm32f4xx_hal_can.o(i.HAL_CAN_TxMailbox0AbortCallback)
    HAL_CAN_TxMailbox0CompleteCallback       0x08000fa5   Thumb Code    10  bsp_can.o(i.HAL_CAN_TxMailbox0CompleteCallback)
    HAL_CAN_TxMailbox1AbortCallback          0x08000fb5   Thumb Code     2  stm32f4xx_hal_can.o(i.HAL_CAN_TxMailbox1AbortCallback)
    HAL_CAN_TxMailbox1CompleteCallback       0x08000fb9   Thumb Code    10  bsp_can.o(i.HAL_CAN_TxMailbox1CompleteCallback)
    HAL_CAN_TxMailbox2AbortCallback          0x08000fc9   Thumb Code     2  stm32f4xx_hal_can.o(i.HAL_CAN_TxMailbox2AbortCallback)
    HAL_CAN_TxMailbox2CompleteCallback       0x08000fcd   Thumb Code    10  bsp_can.o(i.HAL_CAN_TxMailbox2CompleteCallback)
    HAL_CAN_WakeUpFromRxMsgCallback          0x08000fdd   Thumb Code     2  stm32f4xx_hal_can.o(i.HAL_CAN_WakeUpFromRxMsgCallback)
    HAL_FLASH_Unlock                         0x08000fe1   Thumb Code    32  stm32f4xx_hal_flash.o(i.HAL_FLASH_Unlock)
    HAL_GPIO_DeInit                          0x0800100d   Thumb Code   320  stm32f4xx_hal_gpio.o(i.HAL_GPIO_DeInit)
    HAL_GPIO_Init                            0x08001175   Thumb Code   394  stm32f4xx_hal_gpio.o(i.HAL_GPIO_Init)
    HAL_GPIO_WritePin                        0x0800132d   Thumb Code    10  stm32f4xx_hal_gpio.o(i.HAL_GPIO_WritePin)
    HAL_GetREVID                             0x08001339   Thumb Code     8  stm32f4xx_hal.o(i.HAL_GetREVID)
    HAL_GetTick                              0x08001345   Thumb Code     6  stm32f4xx_hal.o(i.HAL_GetTick)
    HAL_IncTick                              0x08001351   Thumb Code    12  stm32f4xx_hal.o(i.HAL_IncTick)
    HAL_InitTick                             0x08001361   Thumb Code    54  stm32f4xx_hal.o(i.HAL_InitTick)
    HAL_NVIC_DisableIRQ                      0x080013a1   Thumb Code    22  stm32f4xx_hal_cortex.o(i.HAL_NVIC_DisableIRQ)
    HAL_NVIC_EnableIRQ                       0x080013b7   Thumb Code    22  stm32f4xx_hal_cortex.o(i.HAL_NVIC_EnableIRQ)
    HAL_NVIC_SetPriority                     0x080013cd   Thumb Code    60  stm32f4xx_hal_cortex.o(i.HAL_NVIC_SetPriority)
    HAL_RCC_ClockConfig                      0x0800140d   Thumb Code   288  stm32f4xx_hal_rcc.o(i.HAL_RCC_ClockConfig)
    HAL_RCC_DeInit                           0x08001541   Thumb Code   284  stm32f4xx_hal_rcc_ex.o(i.HAL_RCC_DeInit)
    HAL_RCC_GetPCLK1Freq                     0x08001675   Thumb Code    20  stm32f4xx_hal_rcc.o(i.HAL_RCC_GetPCLK1Freq)
    HAL_RCC_GetPCLK2Freq                     0x08001695   Thumb Code    20  stm32f4xx_hal_rcc.o(i.HAL_RCC_GetPCLK2Freq)
    HAL_RCC_GetSysClockFreq                  0x080016b5   Thumb Code    88  stm32f4xx_hal_rcc.o(i.HAL_RCC_GetSysClockFreq)
    HAL_RCC_OscConfig                        0x08001719   Thumb Code   840  stm32f4xx_hal_rcc.o(i.HAL_RCC_OscConfig)
    HAL_SPI_DeInit                           0x08001a75   Thumb Code    46  stm32f4xx_hal_spi.o(i.HAL_SPI_DeInit)
    HAL_SPI_MspDeInit                        0x08001aa3   Thumb Code     2  stm32f4xx_hal_spi.o(i.HAL_SPI_MspDeInit)
    HAL_SYSTICK_Config                       0x08001aa5   Thumb Code    40  stm32f4xx_hal_cortex.o(i.HAL_SYSTICK_Config)
    HAL_UART_Init                            0x08001acd   Thumb Code    98  stm32f4xx_hal_uart.o(i.HAL_UART_Init)
    HAL_UART_MspDeInit                       0x08001b31   Thumb Code    18  bsp_debug_usart.o(i.HAL_UART_MspDeInit)
    HAL_UART_MspInit                         0x08001b4d   Thumb Code   114  bsp_debug_usart.o(i.HAL_UART_MspInit)
    HAL_UART_Transmit                        0x08001bc9   Thumb Code   186  stm32f4xx_hal_uart.o(i.HAL_UART_Transmit)
    HardFault_Handler                        0x08001c83   Thumb Code     2  stm32f4xx_it.o(i.HardFault_Handler)
    InsertCanQueueRx                         0x08001c85   Thumb Code    60  can_queue.o(i.InsertCanQueueRx)
    IsFullCanQueueRx                         0x08001cc5   Thumb Code    34  can_queue.o(i.IsFullCanQueueRx)
    LED_GPIO_Config                          0x08001ced   Thumb Code   196  led.o(i.LED_GPIO_Config)
    LED_GPIO_DeConfig                        0x08001db9   Thumb Code   112  led.o(i.LED_GPIO_DeConfig)
    MX_CAN1_Init                             0x08001e31   Thumb Code    62  bsp_can.o(i.MX_CAN1_Init)
    Main_Menu                                0x08001e8d   Thumb Code    96  menu.o(i.Main_Menu)
    MemManage_Handler                        0x08001f25   Thumb Code     2  stm32f4xx_it.o(i.MemManage_Handler)
    NEW_Can_Message_Dispatch                 0x08001f29   Thumb Code    30  canmessage_dispatch.o(i.NEW_Can_Message_Dispatch)
    NMI_Handler                              0x08001f4d   Thumb Code     2  stm32f4xx_it.o(i.NMI_Handler)
    PendSV_Handler                           0x08001f6f   Thumb Code     2  stm32f4xx_it.o(i.PendSV_Handler)
    SVC_Handler                              0x08001f71   Thumb Code     2  stm32f4xx_it.o(i.SVC_Handler)
    SetHeadCanQueueRx                        0x08001f75   Thumb Code    20  can_queue.o(i.SetHeadCanQueueRx)
    SysTick_Handler                          0x08001f8d   Thumb Code    14  stm32f4xx_it.o(i.SysTick_Handler)
    SysTick_Init                             0x08001f9d   Thumb Code    24  bsp_systick.o(i.SysTick_Init)
    SystemClock_Config                       0x08001fbd   Thumb Code   144  main.o(i.SystemClock_Config)
    SystemCoreClockUpdate                    0x08002059   Thumb Code   104  system_stm32f4xx.o(i.SystemCoreClockUpdate)
    SystemInit                               0x080020d5   Thumb Code    66  system_stm32f4xx.o(i.SystemInit)
    TimingDelay_Increment                    0x08002129   Thumb Code    34  bsp_systick.o(i.TimingDelay_Increment)
    UsageFault_Handler                       0x080022dd   Thumb Code     2  stm32f4xx_it.o(i.UsageFault_Handler)
    __0printf$3                              0x0800231d   Thumb Code    22  printf3.o(i.__0printf$3)
    __1printf$3                              0x0800231d   Thumb Code     0  printf3.o(i.__0printf$3)
    __2printf                                0x0800231d   Thumb Code     0  printf3.o(i.__0printf$3)
    __scatterload_copy                       0x0800233d   Thumb Code    14  handlers.o(i.__scatterload_copy)
    __scatterload_null                       0x0800234b   Thumb Code     2  handlers.o(i.__scatterload_null)
    __scatterload_zeroinit                   0x0800234d   Thumb Code    14  handlers.o(i.__scatterload_zeroinit)
    calc_crc32                               0x08002515   Thumb Code    44  crc.o(i.calc_crc32)
    form_ack_message                         0x08002545   Thumb Code    42  block_download.o(i.form_ack_message)
    fputc                                    0x08002575   Thumb Code    20  bsp_debug_usart.o(i.fputc)
    led1_show_white                          0x0800258d   Thumb Code    38  led.o(i.led1_show_white)
    led2_show_white                          0x080025b9   Thumb Code    38  led.o(i.led2_show_white)
    main                                     0x080025e5   Thumb Code   264  main.o(i.main)
    new_receive_block_packet                 0x08002745   Thumb Code   564  block_download.o(i.new_receive_block_packet)
    new_received_last_section                0x080029b5   Thumb Code   688  block_download.o(i.new_received_last_section)
    pack_dispatch                            0x08002c9d   Thumb Code    96  block_download.o(i.pack_dispatch)
    packet_index_preservation                0x08002d05   Thumb Code    88  block_download.o(i.packet_index_preservation)
    packet_index_preservation_last           0x08002d69   Thumb Code   138  block_download.o(i.packet_index_preservation_last)
    packet_value_reset_flow                  0x08002e01   Thumb Code    52  block_download.o(i.packet_value_reset_flow)
    prepare_flow                             0x08002e41   Thumb Code   202  canmessage_dispatch.o(i.prepare_flow)
    stm32can_rxinterrupt                     0x08002f39   Thumb Code   160  bsp_can.o(i.stm32can_rxinterrupt)
    AHBPrescTable                            0x08002ff4   Data          16  system_stm32f4xx.o(.constdata)
    APBPrescTable                            0x08003004   Data           8  system_stm32f4xx.o(.constdata)
    Region$$Table$$Base                      0x08003440   Number         0  anon$$obj.o(Region$$Table)
    Region$$Table$$Limit                     0x08003460   Number         0  anon$$obj.o(Region$$Table)
    SystemCoreClock                          0x20000000   Data           4  system_stm32f4xx.o(.data)
    uwTickFreq                               0x20000004   Data           1  stm32f4xx_hal.o(.data)
    uwTickPrio                               0x20000008   Data           4  stm32f4xx_hal.o(.data)
    uwTick                                   0x2000000c   Data           4  stm32f4xx_hal.o(.data)
    dest_address                             0x20000010   Data           4  main.o(.data)
    sp                                       0x20000014   Data           4  main.o(.data)
    slave_nodeid                             0x20000018   Data           4  main.o(.data)
    master_nodeid                            0x2000001c   Data           4  main.o(.data)
    device_id                                0x20000020   Data           4  main.o(.data)
    TimingDelay3                             0x20000024   Data           4  bsp_systick.o(.data)
    TimingDelay                              0x20000028   Data           4  bsp_systick.o(.data)
    TimingDelay1                             0x2000002c   Data           4  bsp_systick.o(.data)
    TimingDelay2                             0x20000030   Data           4  bsp_systick.o(.data)
    TimingDelay4                             0x20000034   Data           4  bsp_systick.o(.data)
    id1                                      0x20000038   Data           4  bsp_can.o(.data)
    hal_can_tx_counter1                      0x2000003c   Data           4  bsp_can.o(.data)
    received_packet_num                      0x20000040   Data           4  bsp_can.o(.data)
    bin_receved_succeed                      0x20000044   Data           4  menu.o(.data)
    Jump_To_Application                      0x20000048   Data           4  menu.o(.data)
    JumpAddress                              0x2000004c   Data           4  menu.o(.data)
    current_index                            0x20000050   Data           1  block_download.o(.data)
    block_cur_percent_inc                    0x20000051   Data           1  block_download.o(.data)
    file_length                              0x20000054   Data           4  block_download.o(.data)
    bin_point                                0x20000058   Data           4  block_download.o(.data)
    bin_point_last                           0x2000005c   Data           4  block_download.o(.data)
    total_section_num                        0x20000060   Data           4  block_download.o(.data)
    left_packet_num                          0x20000064   Data           4  block_download.o(.data)
    left_byte_num                            0x20000068   Data           4  block_download.o(.data)
    received_section_num                     0x2000006c   Data           4  block_download.o(.data)
    last_packet_arrived_tick                 0x20000070   Data           4  block_download.o(.data)
    first_procedure                          0x20000074   Data           4  block_download.o(.data)
    second_procedure                         0x20000078   Data           4  block_download.o(.data)
    block_total_received_byte                0x20000080   Data           8  block_download.o(.data)
    prepare_flow_flag                        0x20000088   Data           2  canmessage_dispatch.o(.data)
    enter_bootloader_flag                    0x2000008c   Data           4  canmessage_dispatch.o(.data)
    block_received_packet_num                0x20000090   Data           4  canmessage_dispatch.o(.data)
    cnt                                      0x20000094   Data           4  canmessage_dispatch.o(.data)
    __stdout                                 0x20000098   Data           4  stdout.o(.data)
    pFlash                                   0x2000009c   Data          32  stm32f4xx_hal_flash.o(.bss)
    UartHandle                               0x200000bc   Data          64  bsp_debug_usart.o(.bss)
    TxMeg                                    0x200000fc   Data          24  bsp_can.o(.bss)
    RxMeg                                    0x20000114   Data          28  bsp_can.o(.bss)
    hcan1                                    0x20000130   Data          40  bsp_can.o(.bss)
    buffer_out                               0x20000158   Data          50  spi_flash.o(.bss)
    SpiHandle                                0x2000018c   Data          88  spi_flash.o(.bss)
    CANQueueRx                               0x200001e4   Data         704  can_queue.o(.bss)
    CANQueueTx                               0x200004a4   Data         704  can_queue.o(.bss)
    bin_received_file                        0x20000764   Data         217  block_download.o(.bss)
    bin_received_file_last                   0x2000083d   Data         210  block_download.o(.bss)
    packet_index_array                       0x2000090f   Data          31  block_download.o(.bss)
    current_packet                           0x2000092e   Data         434  block_download.o(.bss)
    __initial_sp                             0x200010e0   Data           0  startup_stm32f405xx.o(STACK)



==============================================================================

Memory Map of the image

  Image Entry point : 0x08000189

  Load Region LR_IROM1 (Base: 0x08000000, Size: 0x000034fc, Max: 0x00008000, ABSOLUTE)

    Execution Region ER_IROM1 (Base: 0x08000000, Size: 0x00003460, Max: 0x00008000, ABSOLUTE)

    Base Addr    Size         Type   Attr      Idx    E Section Name        Object

    0x08000000   0x00000188   Data   RO            3    RESET               startup_stm32f405xx.o
    0x08000188   0x00000000   Code   RO         9121  * .ARM.Collect$$$$00000000  mc_w.l(entry.o)
    0x08000188   0x00000004   Code   RO         9395    .ARM.Collect$$$$00000001  mc_w.l(entry2.o)
    0x0800018c   0x00000004   Code   RO         9398    .ARM.Collect$$$$00000004  mc_w.l(entry5.o)
    0x08000190   0x00000000   Code   RO         9400    .ARM.Collect$$$$00000008  mc_w.l(entry7b.o)
    0x08000190   0x00000000   Code   RO         9402    .ARM.Collect$$$$0000000A  mc_w.l(entry8b.o)
    0x08000190   0x00000008   Code   RO         9403    .ARM.Collect$$$$0000000B  mc_w.l(entry9a.o)
    0x08000198   0x00000000   Code   RO         9405    .ARM.Collect$$$$0000000D  mc_w.l(entry10a.o)
    0x08000198   0x00000000   Code   RO         9407    .ARM.Collect$$$$0000000F  mc_w.l(entry11a.o)
    0x08000198   0x00000004   Code   RO         9396    .ARM.Collect$$$$00002712  mc_w.l(entry2.o)
    0x0800019c   0x00000024   Code   RO            4    .text               startup_stm32f405xx.o
    0x080001c0   0x00000062   Code   RO         9124    .text               mc_w.l(uldiv.o)
    0x08000222   0x00000024   Code   RO         9126    .text               mc_w.l(memcpya.o)
    0x08000246   0x00000024   Code   RO         9128    .text               mc_w.l(memseta.o)
    0x0800026a   0x0000001c   Code   RO         9393    .text               mf_w.l(ffltul.o)
    0x08000286   0x0000002c   Code   RO         9410    .text               mc_w.l(uidiv.o)
    0x080002b2   0x0000001e   Code   RO         9412    .text               mc_w.l(llshl.o)
    0x080002d0   0x00000020   Code   RO         9414    .text               mc_w.l(llushr.o)
    0x080002f0   0x00000000   Code   RO         9416    .text               mc_w.l(iusefp.o)
    0x080002f0   0x0000006e   Code   RO         9417    .text               mf_w.l(fepilogue.o)
    0x0800035e   0x00000002   PAD
    0x08000360   0x00000024   Code   RO         9429    .text               mc_w.l(init.o)
    0x08000384   0x00000002   Code   RO         8084    i.BusFault_Handler  stm32f4xx_it.o
    0x08000386   0x00000002   PAD
    0x08000388   0x0000000c   Code   RO         8085    i.CAN1_RX0_IRQHandler  stm32f4xx_it.o
    0x08000394   0x0000000c   Code   RO         8086    i.CAN1_TX_IRQHandler  stm32f4xx_it.o
    0x080003a0   0x0000000c   Code   RO         8087    i.CAN2_TX_IRQHandler  stm32f4xx_it.o
    0x080003ac   0x000000b4   Code   RO         8403    i.CAN_User_Init     bsp_can.o
    0x08000460   0x00000088   Code   RO         8404    i.CANx_SendNormalData  bsp_can.o
    0x080004e8   0x00000014   Code   RO         8405    i.Can_Config        bsp_can.o
    0x080004fc   0x00000014   Code   RO         8406    i.Can_Send          bsp_can.o
    0x08000510   0x00000030   Code   RO         8753    i.Can_data_Process  can_queue.o
    0x08000540   0x0000000e   Code   RO         8754    i.ClearCanQueue     can_queue.o
    0x0800054e   0x00000002   PAD
    0x08000550   0x0000002c   Code   RO         8755    i.ClearCanRxQueue   can_queue.o
    0x0800057c   0x0000002c   Code   RO         8756    i.ClearCanTxQueue   can_queue.o
    0x080005a8   0x00000070   Code   RO         8199    i.DEBUG_UART_Config  bsp_debug_usart.o
    0x08000618   0x00000002   Code   RO         8088    i.DebugMon_Handler  stm32f4xx_it.o
    0x0800061a   0x00000002   Code   RO         8089    i.EXTI0_IRQHandler  stm32f4xx_it.o
    0x0800061c   0x00000014   Code   RO         8309    i.FLASH_If_Init     internalflash.o
    0x08000630   0x00000078   Code   RO         8311    i.FLASH_If_Write    internalflash.o
    0x080006a8   0x00000020   Code   RO         1677    i.FLASH_Program_Byte  stm32f4xx_hal_flash.o
    0x080006c8   0x00000068   Code   RO         1681    i.FLASH_SetErrorCode  stm32f4xx_hal_flash.o
    0x08000730   0x00000050   Code   RO         1682    i.FLASH_WaitForLastOperation  stm32f4xx_hal_flash.o
    0x08000780   0x0000002c   Code   RO         8757    i.GetCanQueueRx     can_queue.o
    0x080007ac   0x0000009c   Code   RO         8256    i.GetUpperComputerInfoAndWait3S  common.o
    0x08000848   0x00000024   Code   RO          715    i.HAL_CAN_ActivateNotification  stm32f4xx_hal_can.o
    0x0800086c   0x000000c8   Code   RO          716    i.HAL_CAN_AddTxMessage  stm32f4xx_hal_can.o
    0x08000934   0x0000010c   Code   RO          717    i.HAL_CAN_ConfigFilter  stm32f4xx_hal_can.o
    0x08000a40   0x00000002   Code   RO         8407    i.HAL_CAN_ErrorCallback  bsp_can.o
    0x08000a42   0x000000e8   Code   RO          723    i.HAL_CAN_GetRxMessage  stm32f4xx_hal_can.o
    0x08000b2a   0x0000002c   Code   RO          725    i.HAL_CAN_GetTxMailboxesFreeLevel  stm32f4xx_hal_can.o
    0x08000b56   0x000001fc   Code   RO          727    i.HAL_CAN_IRQHandler  stm32f4xx_hal_can.o
    0x08000d52   0x0000011a   Code   RO          728    i.HAL_CAN_Init      stm32f4xx_hal_can.o
    0x08000e6c   0x0000003c   Code   RO         8408    i.HAL_CAN_MspDeInit  bsp_can.o
    0x08000ea8   0x0000008c   Code   RO         8409    i.HAL_CAN_MspInit   bsp_can.o
    0x08000f34   0x00000002   Code   RO          735    i.HAL_CAN_RxFifo0FullCallback  stm32f4xx_hal_can.o
    0x08000f36   0x00000006   Code   RO         8410    i.HAL_CAN_RxFifo0MsgPendingCallback  bsp_can.o
    0x08000f3c   0x00000002   Code   RO          737    i.HAL_CAN_RxFifo1FullCallback  stm32f4xx_hal_can.o
    0x08000f3e   0x00000006   Code   RO         8411    i.HAL_CAN_RxFifo1MsgPendingCallback  bsp_can.o
    0x08000f44   0x00000002   Code   RO          739    i.HAL_CAN_SleepCallback  stm32f4xx_hal_can.o
    0x08000f46   0x00000002   PAD
    0x08000f48   0x00000058   Code   RO          740    i.HAL_CAN_Start     stm32f4xx_hal_can.o
    0x08000fa0   0x00000002   Code   RO          742    i.HAL_CAN_TxMailbox0AbortCallback  stm32f4xx_hal_can.o
    0x08000fa2   0x00000002   PAD
    0x08000fa4   0x00000010   Code   RO         8412    i.HAL_CAN_TxMailbox0CompleteCallback  bsp_can.o
    0x08000fb4   0x00000002   Code   RO          744    i.HAL_CAN_TxMailbox1AbortCallback  stm32f4xx_hal_can.o
    0x08000fb6   0x00000002   PAD
    0x08000fb8   0x00000010   Code   RO         8413    i.HAL_CAN_TxMailbox1CompleteCallback  bsp_can.o
    0x08000fc8   0x00000002   Code   RO          746    i.HAL_CAN_TxMailbox2AbortCallback  stm32f4xx_hal_can.o
    0x08000fca   0x00000002   PAD
    0x08000fcc   0x00000010   Code   RO         8414    i.HAL_CAN_TxMailbox2CompleteCallback  bsp_can.o
    0x08000fdc   0x00000002   Code   RO          749    i.HAL_CAN_WakeUpFromRxMsgCallback  stm32f4xx_hal_can.o
    0x08000fde   0x00000002   PAD
    0x08000fe0   0x0000002c   Code   RO         1693    i.HAL_FLASH_Unlock  stm32f4xx_hal_flash.o
    0x0800100c   0x00000168   Code   RO         1915    i.HAL_GPIO_DeInit   stm32f4xx_hal_gpio.o
    0x08001174   0x000001b8   Code   RO         1918    i.HAL_GPIO_Init     stm32f4xx_hal_gpio.o
    0x0800132c   0x0000000a   Code   RO         1922    i.HAL_GPIO_WritePin  stm32f4xx_hal_gpio.o
    0x08001336   0x00000002   PAD
    0x08001338   0x0000000c   Code   RO          261    i.HAL_GetREVID      stm32f4xx_hal.o
    0x08001344   0x0000000c   Code   RO          262    i.HAL_GetTick       stm32f4xx_hal.o
    0x08001350   0x00000010   Code   RO          268    i.HAL_IncTick       stm32f4xx_hal.o
    0x08001360   0x00000040   Code   RO          270    i.HAL_InitTick      stm32f4xx_hal.o
    0x080013a0   0x00000016   Code   RO          970    i.HAL_NVIC_DisableIRQ  stm32f4xx_hal_cortex.o
    0x080013b6   0x00000016   Code   RO          971    i.HAL_NVIC_EnableIRQ  stm32f4xx_hal_cortex.o
    0x080013cc   0x00000040   Code   RO          977    i.HAL_NVIC_SetPriority  stm32f4xx_hal_cortex.o
    0x0800140c   0x00000134   Code   RO         4128    i.HAL_RCC_ClockConfig  stm32f4xx_hal_rcc.o
    0x08001540   0x00000134   Code   RO         4234    i.HAL_RCC_DeInit    stm32f4xx_hal_rcc_ex.o
    0x08001674   0x00000020   Code   RO         4135    i.HAL_RCC_GetPCLK1Freq  stm32f4xx_hal_rcc.o
    0x08001694   0x00000020   Code   RO         4136    i.HAL_RCC_GetPCLK2Freq  stm32f4xx_hal_rcc.o
    0x080016b4   0x00000064   Code   RO         4137    i.HAL_RCC_GetSysClockFreq  stm32f4xx_hal_rcc.o
    0x08001718   0x0000035c   Code   RO         4140    i.HAL_RCC_OscConfig  stm32f4xx_hal_rcc.o
    0x08001a74   0x0000002e   Code   RO         5281    i.HAL_SPI_DeInit    stm32f4xx_hal_spi.o
    0x08001aa2   0x00000002   Code   RO         5287    i.HAL_SPI_MspDeInit  stm32f4xx_hal_spi.o
    0x08001aa4   0x00000028   Code   RO          982    i.HAL_SYSTICK_Config  stm32f4xx_hal_cortex.o
    0x08001acc   0x00000062   Code   RO         6690    i.HAL_UART_Init     stm32f4xx_hal_uart.o
    0x08001b2e   0x00000002   PAD
    0x08001b30   0x0000001c   Code   RO         8200    i.HAL_UART_MspDeInit  bsp_debug_usart.o
    0x08001b4c   0x0000007c   Code   RO         8201    i.HAL_UART_MspInit  bsp_debug_usart.o
    0x08001bc8   0x000000ba   Code   RO         6698    i.HAL_UART_Transmit  stm32f4xx_hal_uart.o
    0x08001c82   0x00000002   Code   RO         8090    i.HardFault_Handler  stm32f4xx_it.o
    0x08001c84   0x00000040   Code   RO         8759    i.InsertCanQueueRx  can_queue.o
    0x08001cc4   0x00000028   Code   RO         8763    i.IsFullCanQueueRx  can_queue.o
    0x08001cec   0x000000cc   Code   RO         8950    i.LED_GPIO_Config   led.o
    0x08001db8   0x00000078   Code   RO         8951    i.LED_GPIO_DeConfig  led.o
    0x08001e30   0x0000005c   Code   RO         8415    i.MX_CAN1_Init      bsp_can.o
    0x08001e8c   0x00000098   Code   RO         8531    i.Main_Menu         menu.o
    0x08001f24   0x00000002   Code   RO         8091    i.MemManage_Handler  stm32f4xx_it.o
    0x08001f26   0x00000002   PAD
    0x08001f28   0x00000024   Code   RO         9070    i.NEW_Can_Message_Dispatch  canmessage_dispatch.o
    0x08001f4c   0x00000002   Code   RO         8092    i.NMI_Handler       stm32f4xx_it.o
    0x08001f4e   0x00000020   Code   RO          984    i.NVIC_SetPriority  stm32f4xx_hal_cortex.o
    0x08001f6e   0x00000002   Code   RO         8093    i.PendSV_Handler    stm32f4xx_it.o
    0x08001f70   0x00000002   Code   RO         8094    i.SVC_Handler       stm32f4xx_it.o
    0x08001f72   0x00000002   PAD
    0x08001f74   0x00000018   Code   RO         8765    i.SetHeadCanQueueRx  can_queue.o
    0x08001f8c   0x0000000e   Code   RO         8095    i.SysTick_Handler   stm32f4xx_it.o
    0x08001f9a   0x00000002   PAD
    0x08001f9c   0x00000020   Code   RO         8367    i.SysTick_Init      bsp_systick.o
    0x08001fbc   0x0000009c   Code   RO         7990    i.SystemClock_Config  main.o
    0x08002058   0x0000007c   Code   RO           13    i.SystemCoreClockUpdate  system_stm32f4xx.o
    0x080020d4   0x00000054   Code   RO           14    i.SystemInit        system_stm32f4xx.o
    0x08002128   0x00000028   Code   RO         8368    i.TimingDelay_Increment  bsp_systick.o
    0x08002150   0x00000128   Code   RO         6716    i.UART_SetConfig    stm32f4xx_hal_uart.o
    0x08002278   0x00000064   Code   RO         6718    i.UART_WaitOnFlagUntilTimeout  stm32f4xx_hal_uart.o
    0x080022dc   0x00000002   Code   RO         8097    i.UsageFault_Handler  stm32f4xx_it.o
    0x080022de   0x00000002   PAD
    0x080022e0   0x00000014   Code   RO         8417    i._Error_Handler    bsp_can.o
    0x080022f4   0x00000014   Code   RO         8876    i._Error_Handler    block_download.o
    0x08002308   0x00000014   Code   RO         9071    i._Error_Handler    canmessage_dispatch.o
    0x0800231c   0x00000020   Code   RO         9221    i.__0printf$3       mc_w.l(printf3.o)
    0x0800233c   0x0000000e   Code   RO         9437    i.__scatterload_copy  mc_w.l(handlers.o)
    0x0800234a   0x00000002   Code   RO         9438    i.__scatterload_null  mc_w.l(handlers.o)
    0x0800234c   0x0000000e   Code   RO         9439    i.__scatterload_zeroinit  mc_w.l(handlers.o)
    0x0800235a   0x00000002   PAD
    0x0800235c   0x000001b8   Code   RO         9228    i._printf_core      mc_w.l(printf3.o)
    0x08002514   0x00000030   Code   RO         8852    i.calc_crc32        crc.o
    0x08002544   0x00000030   Code   RO         8877    i.form_ack_message  block_download.o
    0x08002574   0x00000018   Code   RO         8204    i.fputc             bsp_debug_usart.o
    0x0800258c   0x0000002c   Code   RO         8954    i.led1_show_white   led.o
    0x080025b8   0x0000002c   Code   RO         8958    i.led2_show_white   led.o
    0x080025e4   0x00000160   Code   RO         7991    i.main              main.o
    0x08002744   0x00000270   Code   RO         8878    i.new_receive_block_packet  block_download.o
    0x080029b4   0x000002e8   Code   RO         8879    i.new_received_last_section  block_download.o
    0x08002c9c   0x00000068   Code   RO         8880    i.pack_dispatch     block_download.o
    0x08002d04   0x00000064   Code   RO         8881    i.packet_index_preservation  block_download.o
    0x08002d68   0x00000098   Code   RO         8882    i.packet_index_preservation_last  block_download.o
    0x08002e00   0x00000040   Code   RO         8883    i.packet_value_reset_flow  block_download.o
    0x08002e40   0x000000f8   Code   RO         9073    i.prepare_flow      canmessage_dispatch.o
    0x08002f38   0x000000bc   Code   RO         8418    i.stm32can_rxinterrupt  bsp_can.o
    0x08002ff4   0x00000010   Data   RO           15    .constdata          system_stm32f4xx.o
    0x08003004   0x00000008   Data   RO           16    .constdata          system_stm32f4xx.o
    0x0800300c   0x00000400   Data   RO         8853    .constdata          crc.o
    0x0800340c   0x00000033   Data   RO         8885    .constdata          block_download.o
    0x0800343f   0x00000001   PAD
    0x08003440   0x00000020   Data   RO         9435    Region$$Table       anon$$obj.o


    Execution Region RW_IRAM1 (Base: 0x20000000, Size: 0x000010e0, Max: 0x00020000, ABSOLUTE)

    Base Addr    Size         Type   Attr      Idx    E Section Name        Object

    0x20000000   0x00000004   Data   RW           17    .data               system_stm32f4xx.o
    0x20000004   0x0000000c   Data   RW          276    .data               stm32f4xx_hal.o
    0x20000010   0x00000014   Data   RW         7992    .data               main.o
    0x20000024   0x00000014   Data   RW         8369    .data               bsp_systick.o
    0x20000038   0x0000000c   Data   RW         8421    .data               bsp_can.o
    0x20000044   0x0000000c   Data   RW         8532    .data               menu.o
    0x20000050   0x00000038   Data   RW         8886    .data               block_download.o
    0x20000088   0x0000000c   Data   RW         9076    .data               canmessage_dispatch.o
    0x20000094   0x00000004   Data   RW         9078    .data               canmessage_dispatch.o
    0x20000098   0x00000004   Data   RW         9409    .data               mc_w.l(stdout.o)
    0x2000009c   0x00000020   Zero   RW         1694    .bss                stm32f4xx_hal_flash.o
    0x200000bc   0x00000040   Zero   RW         8205    .bss                bsp_debug_usart.o
    0x200000fc   0x0000005c   Zero   RW         8419    .bss                bsp_can.o
    0x20000158   0x0000008c   Zero   RW         8587    .bss                spi_flash.o
    0x200001e4   0x00000580   Zero   RW         8767    .bss                can_queue.o
    0x20000764   0x0000037c   Zero   RW         8884    .bss                block_download.o
    0x20000ae0   0x00000600   Zero   RW            1    STACK               startup_stm32f405xx.o


==============================================================================

Image component sizes


      Code (inc. data)   RO Data    RW Data    ZI Data      Debug   Object Name

      1856        176         51         56        892       9337   block_download.o
       918        190          0         12         92      11864   bsp_can.o
       288         74          0          0         64       3197   bsp_debug_usart.o
        72         14          0         20          0       2153   bsp_systick.o
       322         32          0          0       1408       5306   can_queue.o
       304         60          0         16          0       3163   canmessage_dispatch.o
       156         28          0          0          0        728   common.o
        48          4       1024          0          0       1369   crc.o
       140         24          0          0          0       1909   internalflash.o
       412         28          0          0          0       5054   led.o
       508        100          0         20          0      12579   main.o
       152         56          0         12          0       1990   menu.o
         0          0          0          0        140        810   spi_flash.o
        36          8        392          0       1536        988   startup_stm32f405xx.o
       104         24          0         12          0       8937   stm32f4xx_hal.o
      1672          6          0          0          0      12722   stm32f4xx_hal_can.o
       180          4          0          0          0      30546   stm32f4xx_hal_cortex.o
       260         34          0          0         32       3586   stm32f4xx_hal_flash.o
       810         86          0          0          0       3470   stm32f4xx_hal_gpio.o
      1332         76          0          0          0       5420   stm32f4xx_hal_rcc.o
       308         24          0          0          0        893   stm32f4xx_hal_rcc_ex.o
        48          0          0          0          0       1765   stm32f4xx_hal_spi.o
       680         10          0          0          0       4280   stm32f4xx_hal_uart.o
        68         18          0          0          0       6361   stm32f4xx_it.o
       208         38         24          4          0     622275   system_stm32f4xx.o

    ----------------------------------------------------------------------
     10908       1114       1524        152       4164     760702   Object Totals
         0          0         32          0          0          0   (incl. Generated)
        26          0          1          0          0          0   (incl. Padding)

    ----------------------------------------------------------------------

      Code (inc. data)   RO Data    RW Data    ZI Data      Debug   Library Member Name

         0          0          0          0          0          0   entry.o
         0          0          0          0          0          0   entry10a.o
         0          0          0          0          0          0   entry11a.o
         8          4          0          0          0          0   entry2.o
         4          0          0          0          0          0   entry5.o
         0          0          0          0          0          0   entry7b.o
         0          0          0          0          0          0   entry8b.o
         8          4          0          0          0          0   entry9a.o
        30          0          0          0          0          0   handlers.o
        36          8          0          0          0         68   init.o
         0          0          0          0          0          0   iusefp.o
        30          0          0          0          0         68   llshl.o
        32          0          0          0          0         68   llushr.o
        36          0          0          0          0         68   memcpya.o
        36          0          0          0          0        108   memseta.o
       472         14          0          0          0        184   printf3.o
         0          0          0          4          0          0   stdout.o
        44          0          0          0          0         80   uidiv.o
        98          0          0          0          0         92   uldiv.o
       110          0          0          0          0        168   fepilogue.o
        28          0          0          0          0         84   ffltul.o

    ----------------------------------------------------------------------
       976         30          0          4          0        988   Library Totals
         4          0          0          0          0          0   (incl. Padding)

    ----------------------------------------------------------------------

      Code (inc. data)   RO Data    RW Data    ZI Data      Debug   Library Name

       834         30          0          4          0        736   mc_w.l
       138          0          0          0          0        252   mf_w.l

    ----------------------------------------------------------------------
       976         30          0          4          0        988   Library Totals

    ----------------------------------------------------------------------

==============================================================================


      Code (inc. data)   RO Data    RW Data    ZI Data      Debug   

     11884       1144       1524        156       4164     751278   Grand Totals
     11884       1144       1524        156       4164     751278   ELF Image Totals
     11884       1144       1524        156          0          0   ROM Totals

==============================================================================

    Total RO  Size (Code + RO Data)                13408 (  13.09kB)
    Total RW  Size (RW Data + ZI Data)              4320 (   4.22kB)
    Total ROM Size (Code + RO Data + RW Data)      13564 (  13.25kB)

==============================================================================

